<html>
<body>
<pre>
<h1>µVision Build Log</h1>
<h2>Tool Versions:</h2>
IDE-Version: µVision V5.21.1.0
Copyright (C) 2016 ARM Ltd and ARM Germany GmbH. All rights reserved.
License Information: - -, -, LIC=----
 
Tool Versions:
Toolchain:       MDK-Lite  Version: 5.21a
Toolchain Path:  C:\Keil_v5\ARM\ARMCC\Bin
C Compiler:      Armcc.exe V5.06 update 3 (build 300)
Assembler:       Armasm.exe V5.06 update 3 (build 300)
Linker/Locator:  ArmLink.exe V5.06 update 3 (build 300)
Library Manager: ArmAr.exe V5.06 update 3 (build 300)
Hex Converter:   FromElf.exe V5.06 update 3 (build 300)
CPU DLL:         SARMCM3.DLL V5.21a
Dialog DLL:      DCM.DLL V1.13.8.0
Target DLL:      STLink\ST-LINKIII-KEIL_SWO.dll V2.0.18.0
Dialog DLL:      TCM.DLL V1.14.14.0
 
<h2>Project:</h2>
C:\Users\DT\Desktop\BSP\MDK-ARM\Project.uvprojx
Project File Date:  12/12/2016

<h2>Output:</h2>
*** Using Compiler 'V5.06 update 3 (build 300)', folder: 'C:\Keil_v5\ARM\ARMCC\Bin'
Build target 'STM32F4-Discovery'
compiling main.c...
..\Src\main.c(204): warning:  #111-D: statement is unreachable
    if (BSP_AUDIO_IN_Stop() != AUDIO_OK)
..\Src\main.c(171): warning:  #177-D: variable "numh" was declared but never referenced
  	int numh=0,numf=0,sum,i;
..\Src\main.c(171): warning:  #177-D: variable "numf" was declared but never referenced
  	int numh=0,numf=0,sum,i;
..\Src\main.c(171): warning:  #177-D: variable "sum" was declared but never referenced
  	int numh=0,numf=0,sum,i;
..\Src\main.c(171): warning:  #177-D: variable "i" was declared but never referenced
  	int numh=0,numf=0,sum,i;
..\Src\main.c(172): warning:  #177-D: variable "out" was declared but never referenced
  	char out[200];
..\Src\main.c: 6 warnings, 0 errors
linking...
Program Size: Code=21450 RO-data=846 RW-data=908 ZI-data=18348  
"STM32F4-Discovery\STM32F4-Discovery.axf" - 0 Error(s), 6 Warning(s).

<h2>Software Packages used:</h2>

Package Vendor: ARM
                http://www.keil.com/pack/ARM.CMSIS.4.5.0.pack
                ARM::CMSIS:CORE:4.3.0
                CMSIS (Cortex Microcontroller Software Interface Standard)
   * Component: CORE Version: 4.3.0

<h2>Collection of Component include folders:</h2>
  C:\Users\DT\Desktop\BSP\MDK-ARM\RTE
  C:\Keil_v5\ARM\PACK\ARM\CMSIS\4.5.0\CMSIS\Include
  C:\Keil_v5\ARM\PACK\Keil\STM32F4xx_DFP\2.10.0\Drivers\CMSIS\Device\ST\STM32F4xx\Include

<h2>Collection of Component Files used:</h2>

   * Component: ARM::CMSIS:CORE:4.3.0
Build Time Elapsed:  00:00:01
</pre>
</body>
</html>
