Component: ARM Compiler 5.06 update 3 (build 300) Tool: armlink [4d35c9]

==============================================================================

Section Cross References

    startup_stm32f407xx.o(RESET) refers to startup_stm32f407xx.o(STACK) for __initial_sp
    startup_stm32f407xx.o(RESET) refers to startup_stm32f407xx.o(.text) for Reset_Handler
    startup_stm32f407xx.o(RESET) refers to stm32f4xx_it.o(i.NMI_Handler) for NMI_Handler
    startup_stm32f407xx.o(RESET) refers to stm32f4xx_it.o(i.HardFault_Handler) for HardFault_Handler
    startup_stm32f407xx.o(RESET) refers to stm32f4xx_it.o(i.MemManage_Handler) for MemManage_Handler
    startup_stm32f407xx.o(RESET) refers to stm32f4xx_it.o(i.BusFault_Handler) for BusFault_Handler
    startup_stm32f407xx.o(RESET) refers to stm32f4xx_it.o(i.UsageFault_Handler) for UsageFault_Handler
    startup_stm32f407xx.o(RESET) refers to stm32f4xx_it.o(i.SVC_Handler) for SVC_Handler
    startup_stm32f407xx.o(RESET) refers to stm32f4xx_it.o(i.DebugMon_Handler) for DebugMon_Handler
    startup_stm32f407xx.o(RESET) refers to stm32f4xx_it.o(i.PendSV_Handler) for PendSV_Handler
    startup_stm32f407xx.o(RESET) refers to stm32f4xx_it.o(i.SysTick_Handler) for SysTick_Handler
    startup_stm32f407xx.o(RESET) refers to stm32f4xx_it.o(i.EXTI0_IRQHandler) for EXTI0_IRQHandler
    startup_stm32f407xx.o(RESET) refers to stm32f4xx_it.o(i.EXTI1_IRQHandler) for EXTI1_IRQHandler
    startup_stm32f407xx.o(RESET) refers to stm32f4xx_it.o(i.DMA1_Stream3_IRQHandler) for DMA1_Stream3_IRQHandler
    startup_stm32f407xx.o(RESET) refers to stm32f4xx_it.o(i.DMA1_Stream7_IRQHandler) for DMA1_Stream7_IRQHandler
    startup_stm32f407xx.o(.text) refers to system_stm32f4xx.o(i.SystemInit) for SystemInit
    startup_stm32f407xx.o(.text) refers to entry.o(.ARM.Collect$$$$00000000) for __main
    stm32f4xx_hal_i2s_ex.o(i.HAL_I2SEx_TransmitReceive) refers to stm32f4xx_hal_i2s.o(i.I2S_WaitFlagStateUntilTimeout) for I2S_WaitFlagStateUntilTimeout
    stm32f4xx_hal_i2s_ex.o(i.HAL_I2SEx_TransmitReceive) refers to stm32f4xx_hal.o(i.HAL_GetTick) for HAL_GetTick
    stm32f4xx_hal_i2s_ex.o(i.HAL_I2SEx_TransmitReceive_DMA) refers to stm32f4xx_hal_dma.o(i.HAL_DMA_Start_IT) for HAL_DMA_Start_IT
    stm32f4xx_hal_i2s_ex.o(i.HAL_I2SEx_TransmitReceive_DMA) refers to stm32f4xx_hal_i2s.o(i.I2S_DMARxHalfCplt) for I2S_DMARxHalfCplt
    stm32f4xx_hal_i2s_ex.o(i.HAL_I2SEx_TransmitReceive_DMA) refers to stm32f4xx_hal_i2s_ex.o(i.I2S_DMARxCplt) for I2S_DMARxCplt
    stm32f4xx_hal_i2s_ex.o(i.HAL_I2SEx_TransmitReceive_DMA) refers to stm32f4xx_hal_i2s.o(i.I2S_DMAError) for I2S_DMAError
    stm32f4xx_hal_i2s_ex.o(i.HAL_I2SEx_TransmitReceive_DMA) refers to stm32f4xx_hal_i2s.o(i.I2S_DMATxHalfCplt) for I2S_DMATxHalfCplt
    stm32f4xx_hal_i2s_ex.o(i.HAL_I2SEx_TransmitReceive_DMA) refers to stm32f4xx_hal_i2s_ex.o(i.I2S_DMATxCplt) for I2S_DMATxCplt
    stm32f4xx_hal_i2s_ex.o(i.HAL_I2S_DMAStop) refers to stm32f4xx_hal_dma.o(i.HAL_DMA_Abort) for HAL_DMA_Abort
    stm32f4xx_hal_i2s_ex.o(i.HAL_I2S_IRQHandler) refers to stm32f4xx_hal_i2s.o(i.I2S_Receive_IT) for I2S_Receive_IT
    stm32f4xx_hal_i2s_ex.o(i.HAL_I2S_IRQHandler) refers to stm32f4xx_hal_i2s.o(i.I2S_Transmit_IT) for I2S_Transmit_IT
    stm32f4xx_hal_i2s_ex.o(i.HAL_I2S_IRQHandler) refers to stm32f4xx_hal_i2s_ex.o(i.I2SEx_TransmitReceive_IT) for I2SEx_TransmitReceive_IT
    stm32f4xx_hal_i2s_ex.o(i.HAL_I2S_IRQHandler) refers to stm32f4_discovery_audio.o(i.HAL_I2S_ErrorCallback) for HAL_I2S_ErrorCallback
    stm32f4xx_hal_i2s_ex.o(i.HAL_I2S_Init) refers to stm32f4xx_hal_i2s.o(i.HAL_I2S_MspInit) for HAL_I2S_MspInit
    stm32f4xx_hal_i2s_ex.o(i.HAL_I2S_Init) refers to stm32f4xx_hal_i2s_ex.o(i.I2S_GetInputClock) for I2S_GetInputClock
    stm32f4xx_hal_i2s_ex.o(i.I2SEx_TransmitReceive_IT) refers to stm32f4_discovery_audio.o(i.HAL_I2S_TxCpltCallback) for HAL_I2S_TxCpltCallback
    stm32f4xx_hal_i2s_ex.o(i.I2SEx_TransmitReceive_IT) refers to stm32f4_discovery_audio.o(i.HAL_I2S_RxCpltCallback) for HAL_I2S_RxCpltCallback
    stm32f4xx_hal_i2s_ex.o(i.I2S_DMARxCplt) refers to stm32f4_discovery_audio.o(i.HAL_I2S_RxCpltCallback) for HAL_I2S_RxCpltCallback
    stm32f4xx_hal_i2s_ex.o(i.I2S_DMATxCplt) refers to stm32f4_discovery_audio.o(i.HAL_I2S_TxCpltCallback) for HAL_I2S_TxCpltCallback
    stm32f4xx_hal_pwr.o(i.HAL_PWR_PVD_IRQHandler) refers to stm32f4xx_hal_pwr.o(i.HAL_PWR_PVDCallback) for HAL_PWR_PVDCallback
    stm32f4xx_hal_cortex.o(i.HAL_NVIC_SetPriority) refers to stm32f4xx_hal_cortex.o(i.NVIC_SetPriority) for NVIC_SetPriority
    stm32f4xx_hal_cortex.o(i.HAL_SYSTICK_Config) refers to stm32f4xx_hal_cortex.o(i.NVIC_SetPriority) for NVIC_SetPriority
    stm32f4xx_hal_cortex.o(i.HAL_SYSTICK_IRQHandler) refers to stm32f4xx_hal_cortex.o(i.HAL_SYSTICK_Callback) for HAL_SYSTICK_Callback
    stm32f4xx_hal_pwr_ex.o(i.HAL_PWREx_ControlVoltageScaling) refers to stm32f4xx_hal.o(i.HAL_GetTick) for HAL_GetTick
[...]
    Removing stm32f4_discovery.o(i.SPIx_Init), (152 bytes).
    Removing stm32f4_discovery.o(i.SPIx_WriteRead), (56 bytes).
    Removing system_stm32f4xx.o(.rev16_text), (4 bytes).
    Removing system_stm32f4xx.o(.revsh_text), (4 bytes).
    Removing system_stm32f4xx.o(.rrx_text), (6 bytes).
    Removing system_stm32f4xx.o(i.SystemCoreClockUpdate), (120 bytes).
    Removing dneg.o(.text), (6 bytes).
    Removing cdcmple.o(.text), (48 bytes).

409 unused section(s) (total 29150 bytes) removed from the image.

==============================================================================

Image Symbol Table

    Local Symbols

    Symbol Name                              Value     Ov Type        Size  Object(Section)

    ../clib/../cmprslib/zerorunl2.c          0x00000000   Number         0  __dczerorl2.o ABSOLUTE
    ../clib/microlib/errno.c                 0x00000000   Number         0  errno.o ABSOLUTE
    ../clib/microlib/init/entry.s            0x00000000   Number         0  entry8a.o ABSOLUTE
    ../clib/microlib/init/entry.s            0x00000000   Number         0  entry9b.o ABSOLUTE
    ../clib/microlib/init/entry.s            0x00000000   Number         0  entry.o ABSOLUTE
    ../clib/microlib/init/entry.s            0x00000000   Number         0  entry11b.o ABSOLUTE
    ../clib/microlib/init/entry.s            0x00000000   Number         0  entry9a.o ABSOLUTE
    ../clib/microlib/init/entry.s            0x00000000   Number         0  entry7b.o ABSOLUTE
    ../clib/microlib/init/entry.s            0x00000000   Number         0  entry7a.o ABSOLUTE
    ../clib/microlib/init/entry.s            0x00000000   Number         0  entry11a.o ABSOLUTE
    ../clib/microlib/init/entry.s            0x00000000   Number         0  entry8b.o ABSOLUTE
    ../clib/microlib/init/entry.s            0x00000000   Number         0  entry5.o ABSOLUTE
    ../clib/microlib/init/entry.s            0x00000000   Number         0  entry10b.o ABSOLUTE
    ../clib/microlib/init/entry.s            0x00000000   Number         0  entry2.o ABSOLUTE
    ../clib/microlib/init/entry.s            0x00000000   Number         0  entry10a.o ABSOLUTE
    ../clib/microlib/longlong.c              0x00000000   Number         0  llsshr.o ABSOLUTE
    ../clib/microlib/longlong.c              0x00000000   Number         0  llushr.o ABSOLUTE
    ../clib/microlib/longlong.c              0x00000000   Number         0  llshl.o ABSOLUTE
    ../clib/microlib/string/memcpy.c         0x00000000   Number         0  memcpyb.o ABSOLUTE
    ../clib/microlib/string/memcpy.c         0x00000000   Number         0  memcpya.o ABSOLUTE
    ../clib/microlib/stubs.s                 0x00000000   Number         0  iusefp.o ABSOLUTE
    ../fplib/microlib/d2f.c                  0x00000000   Number         0  d2f.o ABSOLUTE
    ../fplib/microlib/f2d.c                  0x00000000   Number         0  f2d.o ABSOLUTE
    ../fplib/microlib/fpadd.c                0x00000000   Number         0  dadd.o ABSOLUTE
    ../fplib/microlib/fpdiv.c                0x00000000   Number         0  ddiv.o ABSOLUTE
    ../fplib/microlib/fpepilogue.c           0x00000000   Number         0  fepilogue.o ABSOLUTE
    ../fplib/microlib/fpepilogue.c           0x00000000   Number         0  depilogue.o ABSOLUTE
    ../fplib/microlib/fpfix.c                0x00000000   Number         0  dfixui.o ABSOLUTE
    ../fplib/microlib/fpfix.c                0x00000000   Number         0  dfixi.o ABSOLUTE
    ../fplib/microlib/fpflt.c                0x00000000   Number         0  dflti.o ABSOLUTE
    ../fplib/microlib/fpflt.c                0x00000000   Number         0  ffltui.o ABSOLUTE
    ../fplib/microlib/fpflt.c                0x00000000   Number         0  dfltui.o ABSOLUTE
    ../fplib/microlib/fpmul.c                0x00000000   Number         0  fmul.o ABSOLUTE
    ../fplib/microlib/fpmul.c                0x00000000   Number         0  dmul.o ABSOLUTE
    ../fplib/microlib/fpneg.c                0x00000000   Number         0  dneg.o ABSOLUTE
    ../fplib/microlib/fpscalb.c              0x00000000   Number         0  fscalb.o ABSOLUTE
    ../fplib/microlib/fpscalb.c              0x00000000   Number         0  dscalb.o ABSOLUTE
    ../fplib/microlib/fpsqrt.c               0x00000000   Number         0  dsqrt.o ABSOLUTE
    ../mathlib/cos.c                         0x00000000   Number         0  cos.o ABSOLUTE
    ../mathlib/cos.c                         0x00000000   Number         0  cos_x.o ABSOLUTE
    ../mathlib/cos_i.c                       0x00000000   Number         0  cos_i.o ABSOLUTE
    ../mathlib/dunder.c                      0x00000000   Number         0  dunder.o ABSOLUTE
    ../mathlib/fabs.c                        0x00000000   Number         0  fabs.o ABSOLUTE
    ../mathlib/fpclassify.c                  0x00000000   Number         0  fpclassify.o ABSOLUTE
    ../mathlib/poly.c                        0x00000000   Number         0  poly.o ABSOLUTE
    ../mathlib/rred.c                        0x00000000   Number         0  rred.o ABSOLUTE
    ../mathlib/sin_i.c                       0x00000000   Number         0  sin_i_x.o ABSOLUTE
    ../mathlib/sin_i.c                       0x00000000   Number         0  sin_i.o ABSOLUTE
    ../mathlib/sqrt.c                        0x00000000   Number         0  sqrt_x.o ABSOLUTE
    ../mathlib/sqrt.c                        0x00000000   Number         0  sqrt.o ABSOLUTE
    ..\Drivers\BSP\Components\cs43l22\cs43l22.c 0x00000000   Number         0  cs43l22.o ABSOLUTE
    ..\Drivers\BSP\Components\lis302dl\lis302dl.c 0x00000000   Number         0  lis302dl.o ABSOLUTE
    ..\Drivers\BSP\Components\lis3dsh\lis3dsh.c 0x00000000   Number         0  lis3dsh.o ABSOLUTE
    ..\Drivers\BSP\STM32F4-Discovery\stm32f4_discovery.c 0x00000000   Number         0  stm32f4_discovery.o ABSOLUTE
    ..\Drivers\BSP\STM32F4-Discovery\stm32f4_discovery_accelerometer.c 0x00000000   Number         0  stm32f4_discovery_accelerometer.o ABSOLUTE
    ..\Drivers\BSP\STM32F4-Discovery\stm32f4_discovery_audio.c 0x00000000   Number         0  stm32f4_discovery_audio.o ABSOLUTE
    ..\Drivers\STM32F4xx_HAL_Driver\Src\stm32f4xx_hal.c 0x00000000   Number         0  stm32f4xx_hal.o ABSOLUTE
    ..\Drivers\STM32F4xx_HAL_Driver\Src\stm32f4xx_hal_cortex.c 0x00000000   Number         0  stm32f4xx_hal_cortex.o ABSOLUTE
    ..\Drivers\STM32F4xx_HAL_Driver\Src\stm32f4xx_hal_dma.c 0x00000000   Number         0  stm32f4xx_hal_dma.o ABSOLUTE
    ..\Drivers\STM32F4xx_HAL_Driver\Src\stm32f4xx_hal_flash.c 0x00000000   Number         0  stm32f4xx_hal_flash.o ABSOLUTE
    ..\Drivers\STM32F4xx_HAL_Driver\Src\stm32f4xx_hal_flash_ex.c 0x00000000   Number         0  stm32f4xx_hal_flash_ex.o ABSOLUTE
    ..\Drivers\STM32F4xx_HAL_Driver\Src\stm32f4xx_hal_gpio.c 0x00000000   Number         0  stm32f4xx_hal_gpio.o ABSOLUTE
    ..\Drivers\STM32F4xx_HAL_Driver\Src\stm32f4xx_hal_i2c.c 0x00000000   Number         0  stm32f4xx_hal_i2c.o ABSOLUTE
    ..\Drivers\STM32F4xx_HAL_Driver\Src\stm32f4xx_hal_i2c_ex.c 0x00000000   Number         0  stm32f4xx_hal_i2c_ex.o ABSOLUTE
    ..\Drivers\STM32F4xx_HAL_Driver\Src\stm32f4xx_hal_i2s.c 0x00000000   Number         0  stm32f4xx_hal_i2s.o ABSOLUTE
    ..\Drivers\STM32F4xx_HAL_Driver\Src\stm32f4xx_hal_i2s_ex.c 0x00000000   Number         0  stm32f4xx_hal_i2s_ex.o ABSOLUTE
    ..\Drivers\STM32F4xx_HAL_Driver\Src\stm32f4xx_hal_pwr.c 0x00000000   Number         0  stm32f4xx_hal_pwr.o ABSOLUTE
    ..\Drivers\STM32F4xx_HAL_Driver\Src\stm32f4xx_hal_pwr_ex.c 0x00000000   Number         0  stm32f4xx_hal_pwr_ex.o ABSOLUTE
    ..\Drivers\STM32F4xx_HAL_Driver\Src\stm32f4xx_hal_rcc.c 0x00000000   Number         0  stm32f4xx_hal_rcc.o ABSOLUTE
    ..\Drivers\STM32F4xx_HAL_Driver\Src\stm32f4xx_hal_rcc_ex.c 0x00000000   Number         0  stm32f4xx_hal_rcc_ex.o ABSOLUTE
    ..\Drivers\STM32F4xx_HAL_Driver\Src\stm32f4xx_hal_spi.c 0x00000000   Number         0  stm32f4xx_hal_spi.o ABSOLUTE
    ..\Drivers\STM32F4xx_HAL_Driver\Src\stm32f4xx_hal_uart.c 0x00000000   Number         0  stm32f4xx_hal_uart.o ABSOLUTE
    ..\Src\main.c                            0x00000000   Number         0  main.o ABSOLUTE
    ..\Src\stm32f4xx_hal_msp.c               0x00000000   Number         0  stm32f4xx_hal_msp.o ABSOLUTE
    ..\Src\stm32f4xx_it.c                    0x00000000   Number         0  stm32f4xx_it.o ABSOLUTE
    ..\Src\system_stm32f4xx.c                0x00000000   Number         0  system_stm32f4xx.o ABSOLUTE
    ..\\Drivers\\BSP\\STM32F4-Discovery\\stm32f4_discovery.c 0x00000000   Number         0  stm32f4_discovery.o ABSOLUTE
    ..\\Drivers\\BSP\\STM32F4-Discovery\\stm32f4_discovery_accelerometer.c 0x00000000   Number         0  stm32f4_discovery_accelerometer.o ABSOLUTE
    ..\\Drivers\\BSP\\STM32F4-Discovery\\stm32f4_discovery_audio.c 0x00000000   Number         0  stm32f4_discovery_audio.o ABSOLUTE
    ..\\Drivers\\STM32F4xx_HAL_Driver\\Src\\stm32f4xx_hal.c 0x00000000   Number         0  stm32f4xx_hal.o ABSOLUTE
    ..\\Drivers\\STM32F4xx_HAL_Driver\\Src\\stm32f4xx_hal_cortex.c 0x00000000   Number         0  stm32f4xx_hal_cortex.o ABSOLUTE
    ..\\Drivers\\STM32F4xx_HAL_Driver\\Src\\stm32f4xx_hal_dma.c 0x00000000   Number         0  stm32f4xx_hal_dma.o ABSOLUTE
    ..\\Drivers\\STM32F4xx_HAL_Driver\\Src\\stm32f4xx_hal_flash.c 0x00000000   Number         0  stm32f4xx_hal_flash.o ABSOLUTE
    ..\\Drivers\\STM32F4xx_HAL_Driver\\Src\\stm32f4xx_hal_flash_ex.c 0x00000000   Number         0  stm32f4xx_hal_flash_ex.o ABSOLUTE
    ..\\Drivers\\STM32F4xx_HAL_Driver\\Src\\stm32f4xx_hal_gpio.c 0x00000000   Number         0  stm32f4xx_hal_gpio.o ABSOLUTE
    ..\\Drivers\\STM32F4xx_HAL_Driver\\Src\\stm32f4xx_hal_i2c.c 0x00000000   Number         0  stm32f4xx_hal_i2c.o ABSOLUTE
    ..\\Drivers\\STM32F4xx_HAL_Driver\\Src\\stm32f4xx_hal_i2c_ex.c 0x00000000   Number         0  stm32f4xx_hal_i2c_ex.o ABSOLUTE
    ..\\Drivers\\STM32F4xx_HAL_Driver\\Src\\stm32f4xx_hal_i2s.c 0x00000000   Number         0  stm32f4xx_hal_i2s.o ABSOLUTE
    ..\\Drivers\\STM32F4xx_HAL_Driver\\Src\\stm32f4xx_hal_i2s_ex.c 0x00000000   Number         0  stm32f4xx_hal_i2s_ex.o ABSOLUTE
    ..\\Drivers\\STM32F4xx_HAL_Driver\\Src\\stm32f4xx_hal_pwr.c 0x00000000   Number         0  stm32f4xx_hal_pwr.o ABSOLUTE
    ..\\Drivers\\STM32F4xx_HAL_Driver\\Src\\stm32f4xx_hal_pwr_ex.c 0x00000000   Number         0  stm32f4xx_hal_pwr_ex.o ABSOLUTE
    ..\\Drivers\\STM32F4xx_HAL_Driver\\Src\\stm32f4xx_hal_rcc.c 0x00000000   Number         0  stm32f4xx_hal_rcc.o ABSOLUTE
    ..\\Drivers\\STM32F4xx_HAL_Driver\\Src\\stm32f4xx_hal_rcc_ex.c 0x00000000   Number         0  stm32f4xx_hal_rcc_ex.o ABSOLUTE
    ..\\Drivers\\STM32F4xx_HAL_Driver\\Src\\stm32f4xx_hal_spi.c 0x00000000   Number         0  stm32f4xx_hal_spi.o ABSOLUTE
    ..\\Drivers\\STM32F4xx_HAL_Driver\\Src\\stm32f4xx_hal_uart.c 0x00000000   Number         0  stm32f4xx_hal_uart.o ABSOLUTE
    ..\\Src\\main.c                          0x00000000   Number         0  main.o ABSOLUTE
    ..\\Src\\stm32f4xx_hal_msp.c             0x00000000   Number         0  stm32f4xx_hal_msp.o ABSOLUTE
    ..\\Src\\stm32f4xx_it.c                  0x00000000   Number         0  stm32f4xx_it.o ABSOLUTE
    ..\\Src\\system_stm32f4xx.c              0x00000000   Number         0  system_stm32f4xx.o ABSOLUTE
    ..\src\pdm_filter.c                      0x00000000   Number         0  pdm_filter.o ABSOLUTE
    cdcmple.s                                0x00000000   Number         0  cdcmple.o ABSOLUTE
    cfrcmple.s                               0x00000000   Number         0  cfrcmple.o ABSOLUTE
    dc.s                                     0x00000000   Number         0  dc.o ABSOLUTE
    handlers.s                               0x00000000   Number         0  handlers.o ABSOLUTE
    init.s                                   0x00000000   Number         0  init.o ABSOLUTE
    startup_stm32f407xx.s                    0x00000000   Number         0  startup_stm32f407xx.o ABSOLUTE
    RESET                                    0x08000000   Section      392  startup_stm32f407xx.o(RESET)
    .ARM.Collect$$$$00000000                 0x08000188   Section        0  entry.o(.ARM.Collect$$$$00000000)
    .ARM.Collect$$$$00000001                 0x08000188   Section        4  entry2.o(.ARM.Collect$$$$00000001)
    .ARM.Collect$$$$00000004                 0x0800018c   Section        4  entry5.o(.ARM.Collect$$$$00000004)
    .ARM.Collect$$$$00000008                 0x08000190   Section        0  entry7b.o(.ARM.Collect$$$$00000008)
    .ARM.Collect$$$$0000000A                 0x08000190   Section        0  entry8b.o(.ARM.Collect$$$$0000000A)
    .ARM.Collect$$$$0000000B                 0x08000190   Section        8  entry9a.o(.ARM.Collect$$$$0000000B)
    .ARM.Collect$$$$0000000D                 0x08000198   Section        0  entry10a.o(.ARM.Collect$$$$0000000D)
    .ARM.Collect$$$$0000000F                 0x08000198   Section        0  entry11a.o(.ARM.Collect$$$$0000000F)
    .ARM.Collect$$$$00002712                 0x08000198   Section        4  entry2.o(.ARM.Collect$$$$00002712)
    __lit__00000000                          0x08000198   Data           4  entry2.o(.ARM.Collect$$$$00002712)
    .text                                    0x0800019c   Section       36  startup_stm32f407xx.o(.text)
    $v0                                      0x0800019c   Number         0  startup_stm32f407xx.o(.text)
    .text                                    0x080001c0   Section        0  pdm_filter.o(.text)
    .text                                    0x08001a00   Section        0  memcpya.o(.text)
    .text                                    0x08001a24   Section        0  fmul.o(.text)
    .text                                    0x08001a88   Section        0  fscalb.o(.text)
    .text                                    0x08001aa0   Section        0  dadd.o(.text)
    .text                                    0x08001bee   Section        0  dmul.o(.text)
    .text                                    0x08001cd2   Section        0  ddiv.o(.text)
    .text                                    0x08001db0   Section        0  dscalb.o(.text)
    .text                                    0x08001dde   Section        0  ffltui.o(.text)
    .text                                    0x08001de8   Section        0  dfltui.o(.text)
    .text                                    0x08001e02   Section        0  dfixui.o(.text)
    .text                                    0x08001e34   Section        0  f2d.o(.text)
    .text                                    0x08001e5a   Section        0  d2f.o(.text)
    .text                                    0x08001e94   Section       20  cfrcmple.o(.text)
    .text                                    0x08001ea8   Section        0  llshl.o(.text)
    .text                                    0x08001ec6   Section        0  llushr.o(.text)
    .text                                    0x08001ee6   Section        0  llsshr.o(.text)
    .text                                    0x08001f0a   Section        0  iusefp.o(.text)
    .text                                    0x08001f0a   Section        0  fepilogue.o(.text)
    .text                                    0x08001f78   Section        0  depilogue.o(.text)
    .text                                    0x08002032   Section        0  dsqrt.o(.text)
    .text                                    0x080020d4   Section       36  init.o(.text)
    .text                                    0x080020f8   Section        0  dflti.o(.text)
    .text                                    0x0800211a   Section        0  dfixi.o(.text)
    .text                                    0x08002158   Section        0  __dczerorl2.o(.text)
    i.AUDIO_IO_DeInit                        0x080021ae   Section        0  stm32f4_discovery.o(i.AUDIO_IO_DeInit)
    i.AUDIO_IO_Init                          0x080021b0   Section        0  stm32f4_discovery.o(i.AUDIO_IO_Init)
    i.AUDIO_IO_Read                          0x08002210   Section        0  stm32f4_discovery.o(i.AUDIO_IO_Read)
    i.AUDIO_IO_Write                         0x0800224c   Section        0  stm32f4_discovery.o(i.AUDIO_IO_Write)
    i.BSP_AUDIO_IN_Error_Callback            0x08002284   Section        0  main.o(i.BSP_AUDIO_IN_Error_Callback)
    i.BSP_AUDIO_IN_HalfTransfer_CallBack     0x08002288   Section        0  main.o(i.BSP_AUDIO_IN_HalfTransfer_CallBack)
    i.BSP_AUDIO_IN_Init                      0x08002294   Section        0  stm32f4_discovery_audio.o(i.BSP_AUDIO_IN_Init)
    i.BSP_AUDIO_IN_PDMToPCM                  0x080022d8   Section        0  stm32f4_discovery_audio.o(i.BSP_AUDIO_IN_PDMToPCM)
    i.BSP_AUDIO_IN_Record                    0x08002324   Section        0  stm32f4_discovery_audio.o(i.BSP_AUDIO_IN_Record)
    i.BSP_AUDIO_IN_TransferComplete_CallBack 0x08002338   Section        0  main.o(i.BSP_AUDIO_IN_TransferComplete_CallBack)
    i.BSP_AUDIO_OUT_Error_CallBack           0x08002344   Section        0  main.o(i.BSP_AUDIO_OUT_Error_CallBack)
    i.BSP_AUDIO_OUT_HalfTransfer_CallBack    0x08002348   Section        0  stm32f4_discovery_audio.o(i.BSP_AUDIO_OUT_HalfTransfer_CallBack)
    i.BSP_AUDIO_OUT_Init                     0x0800234c   Section        0  stm32f4_discovery_audio.o(i.BSP_AUDIO_OUT_Init)
    i.BSP_AUDIO_OUT_Play                     0x080023e8   Section        0  stm32f4_discovery_audio.o(i.BSP_AUDIO_OUT_Play)
    i.BSP_AUDIO_OUT_TransferComplete_CallBack 0x08002428   Section        0  main.o(i.BSP_AUDIO_OUT_TransferComplete_CallBack)
    i.BSP_LED_Init                           0x08002488   Section        0  stm32f4_discovery.o(i.BSP_LED_Init)
    i.BSP_LED_On                             0x080024ec   Section        0  stm32f4_discovery.o(i.BSP_LED_On)
    i.BusFault_Handler                       0x08002508   Section        0  stm32f4xx_it.o(i.BusFault_Handler)
    i.CODEC_IO_Write                         0x0800250a   Section        0  cs43l22.o(i.CODEC_IO_Write)
    CODEC_IO_Write                           0x0800250b   Thumb Code    10  cs43l22.o(i.CODEC_IO_Write)
    i.DMA1_Stream3_IRQHandler                0x08002514   Section        0  stm32f4xx_it.o(i.DMA1_Stream3_IRQHandler)
    i.DMA1_Stream7_IRQHandler                0x08002520   Section        0  stm32f4xx_it.o(i.DMA1_Stream7_IRQHandler)
    i.DMA_CalcBaseAndBitshift                0x0800252c   Section        0  stm32f4xx_hal_dma.o(i.DMA_CalcBaseAndBitshift)
    DMA_CalcBaseAndBitshift                  0x0800252d   Thumb Code    34  stm32f4xx_hal_dma.o(i.DMA_CalcBaseAndBitshift)
    i.DMA_CheckFifoParam                     0x08002554   Section        0  stm32f4xx_hal_dma.o(i.DMA_CheckFifoParam)
    DMA_CheckFifoParam                       0x08002555   Thumb Code    84  stm32f4xx_hal_dma.o(i.DMA_CheckFifoParam)
    i.DMA_SetConfig                          0x080025a8   Section        0  stm32f4xx_hal_dma.o(i.DMA_SetConfig)
    DMA_SetConfig                            0x080025a9   Thumb Code    40  stm32f4xx_hal_dma.o(i.DMA_SetConfig)
    i.DebugMon_Handler                       0x080025d0   Section        0  stm32f4xx_it.o(i.DebugMon_Handler)
    i.EXTI0_IRQHandler                       0x080025d2   Section        0  stm32f4xx_it.o(i.EXTI0_IRQHandler)
    i.EXTI1_IRQHandler                       0x080025d8   Section        0  stm32f4xx_it.o(i.EXTI1_IRQHandler)
    i.Error_Handler                          0x080025de   Section        0  main.o(i.Error_Handler)
    i.HAL_DMA_DeInit                         0x080025e6   Section        0  stm32f4xx_hal_dma.o(i.HAL_DMA_DeInit)
    i.HAL_DMA_IRQHandler                     0x0800263c   Section        0  stm32f4xx_hal_dma.o(i.HAL_DMA_IRQHandler)
    i.HAL_DMA_Init                           0x080027e4   Section        0  stm32f4xx_hal_dma.o(i.HAL_DMA_Init)
    i.HAL_DMA_Start_IT                       0x080028b4   Section        0  stm32f4xx_hal_dma.o(i.HAL_DMA_Start_IT)
    i.HAL_Delay                              0x0800292c   Section        0  stm32f4xx_hal.o(i.HAL_Delay)
    i.HAL_GPIO_EXTI_Callback                 0x08002942   Section        0  main.o(i.HAL_GPIO_EXTI_Callback)
    i.HAL_GPIO_EXTI_IRQHandler               0x08002944   Section        0  stm32f4xx_hal_gpio.o(i.HAL_GPIO_EXTI_IRQHandler)
    i.HAL_GPIO_Init                          0x0800295c   Section        0  stm32f4xx_hal_gpio.o(i.HAL_GPIO_Init)
    i.HAL_GPIO_WritePin                      0x08002b1c   Section        0  stm32f4xx_hal_gpio.o(i.HAL_GPIO_WritePin)
    i.HAL_GetREVID                           0x08002b28   Section        0  stm32f4xx_hal.o(i.HAL_GetREVID)
    i.HAL_GetTick                            0x08002b34   Section        0  stm32f4xx_hal.o(i.HAL_GetTick)
    i.HAL_I2C_DeInit                         0x08002b40   Section        0  stm32f4xx_hal_i2c.o(i.HAL_I2C_DeInit)
    i.HAL_I2C_GetState                       0x08002b72   Section        0  stm32f4xx_hal_i2c.o(i.HAL_I2C_GetState)
    i.HAL_I2C_Init                           0x08002b78   Section        0  stm32f4xx_hal_i2c.o(i.HAL_I2C_Init)
    i.HAL_I2C_Mem_Read                       0x08002c80   Section        0  stm32f4xx_hal_i2c.o(i.HAL_I2C_Mem_Read)
    i.HAL_I2C_Mem_Write                      0x08002e6c   Section        0  stm32f4xx_hal_i2c.o(i.HAL_I2C_Mem_Write)
    i.HAL_I2C_MspDeInit                      0x08002f6c   Section        0  stm32f4xx_hal_i2c.o(i.HAL_I2C_MspDeInit)
    i.HAL_I2C_MspInit                        0x08002f6e   Section        0  stm32f4xx_hal_i2c.o(i.HAL_I2C_MspInit)
    i.HAL_I2S_ErrorCallback                  0x08002f70   Section        0  stm32f4_discovery_audio.o(i.HAL_I2S_ErrorCallback)
    i.HAL_I2S_GetState                       0x08002f98   Section        0  stm32f4xx_hal_i2s.o(i.HAL_I2S_GetState)
    i.HAL_I2S_Init                           0x08002fa0   Section        0  stm32f4xx_hal_i2s_ex.o(i.HAL_I2S_Init)
    i.HAL_I2S_MspInit                        0x08003104   Section        0  stm32f4xx_hal_i2s.o(i.HAL_I2S_MspInit)
    i.HAL_I2S_Receive_DMA                    0x08003108   Section        0  stm32f4xx_hal_i2s.o(i.HAL_I2S_Receive_DMA)
    i.HAL_I2S_RxCpltCallback                 0x080031c8   Section        0  stm32f4_discovery_audio.o(i.HAL_I2S_RxCpltCallback)
    i.HAL_I2S_RxHalfCpltCallback             0x080031d0   Section        0  stm32f4_discovery_audio.o(i.HAL_I2S_RxHalfCpltCallback)
    i.HAL_I2S_Transmit_DMA                   0x080031d8   Section        0  stm32f4xx_hal_i2s.o(i.HAL_I2S_Transmit_DMA)
    i.HAL_I2S_TxCpltCallback                 0x08003280   Section        0  stm32f4_discovery_audio.o(i.HAL_I2S_TxCpltCallback)
    i.HAL_I2S_TxHalfCpltCallback             0x08003294   Section        0  stm32f4_discovery_audio.o(i.HAL_I2S_TxHalfCpltCallback)
    i.HAL_IncTick                            0x080032a8   Section        0  stm32f4xx_hal.o(i.HAL_IncTick)
    i.HAL_Init                               0x080032b8   Section        0  stm32f4xx_hal.o(i.HAL_Init)
    i.HAL_InitTick                           0x080032e4   Section        0  stm32f4xx_hal.o(i.HAL_InitTick)
    i.HAL_MspInit                            0x0800330c   Section        0  stm32f4xx_hal.o(i.HAL_MspInit)
    i.HAL_NVIC_EnableIRQ                     0x0800330e   Section        0  stm32f4xx_hal_cortex.o(i.HAL_NVIC_EnableIRQ)
    i.HAL_NVIC_SetPriority                   0x08003324   Section        0  stm32f4xx_hal_cortex.o(i.HAL_NVIC_SetPriority)
    i.HAL_NVIC_SetPriorityGrouping           0x08003364   Section        0  stm32f4xx_hal_cortex.o(i.HAL_NVIC_SetPriorityGrouping)
    i.HAL_RCCEx_GetPeriphCLKConfig           0x08003388   Section        0  stm32f4xx_hal_rcc_ex.o(i.HAL_RCCEx_GetPeriphCLKConfig)
    i.HAL_RCCEx_PeriphCLKConfig              0x080033d8   Section        0  stm32f4xx_hal_rcc_ex.o(i.HAL_RCCEx_PeriphCLKConfig)
    i.HAL_RCC_ClockConfig                    0x08003528   Section        0  stm32f4xx_hal_rcc.o(i.HAL_RCC_ClockConfig)
    i.HAL_RCC_GetPCLK1Freq                   0x080036a4   Section        0  stm32f4xx_hal_rcc.o(i.HAL_RCC_GetPCLK1Freq)
    i.HAL_RCC_GetPCLK2Freq                   0x080036d4   Section        0  stm32f4xx_hal_rcc.o(i.HAL_RCC_GetPCLK2Freq)
    i.HAL_RCC_GetSysClockFreq                0x08003704   Section        0  stm32f4xx_hal_rcc.o(i.HAL_RCC_GetSysClockFreq)
    i.HAL_RCC_OscConfig                      0x08003774   Section        0  stm32f4xx_hal_rcc.o(i.HAL_RCC_OscConfig)
    i.HAL_SYSTICK_Config                     0x08003a58   Section        0  stm32f4xx_hal_cortex.o(i.HAL_SYSTICK_Config)
    i.HAL_UART_Init                          0x08003a80   Section        0  stm32f4xx_hal_uart.o(i.HAL_UART_Init)
    i.HAL_UART_MspInit                       0x08003ae4   Section        0  stm32f4xx_hal_msp.o(i.HAL_UART_MspInit)
    i.HardFault_Handler                      0x08003b54   Section        0  stm32f4xx_it.o(i.HardFault_Handler)
    i.I2C_IsAcknowledgeFailed                0x08003b56   Section        0  stm32f4xx_hal_i2c.o(i.I2C_IsAcknowledgeFailed)
    I2C_IsAcknowledgeFailed                  0x08003b57   Thumb Code    40  stm32f4xx_hal_i2c.o(i.I2C_IsAcknowledgeFailed)
    i.I2C_RequestMemoryRead                  0x08003b7e   Section        0  stm32f4xx_hal_i2c.o(i.I2C_RequestMemoryRead)
    I2C_RequestMemoryRead                    0x08003b7f   Thumb Code   240  stm32f4xx_hal_i2c.o(i.I2C_RequestMemoryRead)
    i.I2C_RequestMemoryWrite                 0x08003c70   Section        0  stm32f4xx_hal_i2c.o(i.I2C_RequestMemoryWrite)
    I2C_RequestMemoryWrite                   0x08003c71   Thumb Code   156  stm32f4xx_hal_i2c.o(i.I2C_RequestMemoryWrite)
    i.I2C_WaitOnBTFFlagUntilTimeout          0x08003d10   Section        0  stm32f4xx_hal_i2c.o(i.I2C_WaitOnBTFFlagUntilTimeout)
    I2C_WaitOnBTFFlagUntilTimeout            0x08003d11   Thumb Code    78  stm32f4xx_hal_i2c.o(i.I2C_WaitOnBTFFlagUntilTimeout)
    i.I2C_WaitOnFlagUntilTimeout             0x08003d60   Section        0  stm32f4xx_hal_i2c.o(i.I2C_WaitOnFlagUntilTimeout)
    I2C_WaitOnFlagUntilTimeout               0x08003d61   Thumb Code    96  stm32f4xx_hal_i2c.o(i.I2C_WaitOnFlagUntilTimeout)
    i.I2C_WaitOnMasterAddressFlagUntilTimeout 0x08003dc0   Section        0  stm32f4xx_hal_i2c.o(i.I2C_WaitOnMasterAddressFlagUntilTimeout)
    I2C_WaitOnMasterAddressFlagUntilTimeout  0x08003dc1   Thumb Code   136  stm32f4xx_hal_i2c.o(i.I2C_WaitOnMasterAddressFlagUntilTimeout)
    i.I2C_WaitOnRXNEFlagUntilTimeout         0x08003e48   Section        0  stm32f4xx_hal_i2c.o(i.I2C_WaitOnRXNEFlagUntilTimeout)
    I2C_WaitOnRXNEFlagUntilTimeout           0x08003e49   Thumb Code    98  stm32f4xx_hal_i2c.o(i.I2C_WaitOnRXNEFlagUntilTimeout)
    i.I2C_WaitOnTXEFlagUntilTimeout          0x08003eaa   Section        0  stm32f4xx_hal_i2c.o(i.I2C_WaitOnTXEFlagUntilTimeout)
    I2C_WaitOnTXEFlagUntilTimeout            0x08003eab   Thumb Code    78  stm32f4xx_hal_i2c.o(i.I2C_WaitOnTXEFlagUntilTimeout)
    i.I2Cx_Error                             0x08003ef8   Section        0  stm32f4_discovery.o(i.I2Cx_Error)
    I2Cx_Error                               0x08003ef9   Thumb Code    16  stm32f4_discovery.o(i.I2Cx_Error)
    i.I2Cx_Init                              0x08003f0c   Section        0  stm32f4_discovery.o(i.I2Cx_Init)
    I2Cx_Init                                0x08003f0d   Thumb Code    52  stm32f4_discovery.o(i.I2Cx_Init)
    i.I2Cx_MspInit                           0x08003f4c   Section        0  stm32f4_discovery.o(i.I2Cx_MspInit)
    I2Cx_MspInit                             0x08003f4d   Thumb Code   128  stm32f4_discovery.o(i.I2Cx_MspInit)
    i.I2S2_Init                              0x08003fd4   Section        0  stm32f4_discovery_audio.o(i.I2S2_Init)
    I2S2_Init                                0x08003fd5   Thumb Code    64  stm32f4_discovery_audio.o(i.I2S2_Init)
    i.I2S2_MspInit                           0x0800401c   Section        0  stm32f4_discovery_audio.o(i.I2S2_MspInit)
    I2S2_MspInit                             0x0800401d   Thumb Code   216  stm32f4_discovery_audio.o(i.I2S2_MspInit)
    i.I2S3_Init                              0x0800410c   Section        0  stm32f4_discovery_audio.o(i.I2S3_Init)
    I2S3_Init                                0x0800410d   Thumb Code    56  stm32f4_discovery_audio.o(i.I2S3_Init)
    i.I2S3_MspInit                           0x0800414c   Section        0  stm32f4_discovery_audio.o(i.I2S3_MspInit)
    I2S3_MspInit                             0x0800414d   Thumb Code   236  stm32f4_discovery_audio.o(i.I2S3_MspInit)
    i.I2S_DMAError                           0x08004250   Section        0  stm32f4xx_hal_i2s.o(i.I2S_DMAError)
    i.I2S_DMARxCplt                          0x08004270   Section        0  stm32f4xx_hal_i2s_ex.o(i.I2S_DMARxCplt)
    i.I2S_DMARxHalfCplt                      0x080042e8   Section        0  stm32f4xx_hal_i2s.o(i.I2S_DMARxHalfCplt)
    i.I2S_DMATxCplt                          0x080042f4   Section        0  stm32f4xx_hal_i2s_ex.o(i.I2S_DMATxCplt)
    i.I2S_DMATxHalfCplt                      0x0800436c   Section        0  stm32f4xx_hal_i2s.o(i.I2S_DMATxHalfCplt)
    i.I2S_GetInputClock                      0x08004378   Section        0  stm32f4xx_hal_i2s_ex.o(i.I2S_GetInputClock)
    i.MemManage_Handler                      0x080043c4   Section        0  stm32f4xx_it.o(i.MemManage_Handler)
    i.NMI_Handler                            0x080043c6   Section        0  stm32f4xx_it.o(i.NMI_Handler)
    i.NVIC_SetPriority                       0x080043c8   Section        0  stm32f4xx_hal_cortex.o(i.NVIC_SetPriority)
    NVIC_SetPriority                         0x080043c9   Thumb Code    32  stm32f4xx_hal_cortex.o(i.NVIC_SetPriority)
    i.PDMDecoder_Init                        0x080043e8   Section        0  stm32f4_discovery_audio.o(i.PDMDecoder_Init)
    PDMDecoder_Init                          0x080043e9   Thumb Code    86  stm32f4_discovery_audio.o(i.PDMDecoder_Init)
    i.PendSV_Handler                         0x08004448   Section        0  stm32f4xx_it.o(i.PendSV_Handler)
    i.SVC_Handler                            0x0800444a   Section        0  stm32f4xx_it.o(i.SVC_Handler)
    i.SysTick_Handler                        0x0800444c   Section        0  stm32f4xx_it.o(i.SysTick_Handler)
    i.SystemClock_Config                     0x08004450   Section        0  main.o(i.SystemClock_Config)
    SystemClock_Config                       0x08004451   Thumb Code   130  main.o(i.SystemClock_Config)
    i.SystemInit                             0x080044e0   Section        0  system_stm32f4xx.o(i.SystemInit)
    i.UART_SetConfig                         0x08004534   Section        0  stm32f4xx_hal_uart.o(i.UART_SetConfig)
    UART_SetConfig                           0x08004535   Thumb Code   676  stm32f4xx_hal_uart.o(i.UART_SetConfig)
    i.UsageFault_Handler                     0x080047e0   Section        0  stm32f4xx_it.o(i.UsageFault_Handler)
    i.__ARM_fpclassify                       0x080047e2   Section        0  fpclassify.o(i.__ARM_fpclassify)
    i.__hardfp_cos                           0x08004818   Section        0  cos.o(i.__hardfp_cos)
    i.__ieee754_rem_pio2                     0x080048e0   Section        0  rred.o(i.__ieee754_rem_pio2)
    i.__kernel_cos                           0x08004d18   Section        0  cos_i.o(i.__kernel_cos)
    i.__kernel_poly                          0x08004e88   Section        0  poly.o(i.__kernel_poly)
    i.__kernel_sin                           0x08004f80   Section        0  sin_i.o(i.__kernel_sin)
    i.__mathlib_dbl_infnan                   0x080050b0   Section        0  dunder.o(i.__mathlib_dbl_infnan)
    i.__mathlib_dbl_invalid                  0x080050c8   Section        0  dunder.o(i.__mathlib_dbl_invalid)
    i.__mathlib_dbl_underflow                0x080050e8   Section        0  dunder.o(i.__mathlib_dbl_underflow)
    i.__scatterload_copy                     0x08005108   Section       14  handlers.o(i.__scatterload_copy)
    i.__scatterload_null                     0x08005116   Section        2  handlers.o(i.__scatterload_null)
    i.__scatterload_zeroinit                 0x08005118   Section       14  handlers.o(i.__scatterload_zeroinit)
    i.__set_errno                            0x08005128   Section        0  errno.o(i.__set_errno)
    i.cos                                    0x08005134   Section        0  cos.o(i.cos)
    i.cs43l22_DeInit                         0x08005144   Section        0  cs43l22.o(i.cs43l22_DeInit)
    i.cs43l22_Init                           0x08005148   Section        0  cs43l22.o(i.cs43l22_Init)
    i.cs43l22_Pause                          0x08005228   Section        0  cs43l22.o(i.cs43l22_Pause)
    i.cs43l22_Play                           0x08005244   Section        0  cs43l22.o(i.cs43l22_Play)
    i.cs43l22_ReadID                         0x08005280   Section        0  cs43l22.o(i.cs43l22_ReadID)
    i.cs43l22_Reset                          0x08005296   Section        0  cs43l22.o(i.cs43l22_Reset)
    i.cs43l22_Resume                         0x0800529c   Section        0  cs43l22.o(i.cs43l22_Resume)
    i.cs43l22_SetFrequency                   0x080052d8   Section        0  cs43l22.o(i.cs43l22_SetFrequency)
    i.cs43l22_SetMute                        0x080052dc   Section        0  cs43l22.o(i.cs43l22_SetMute)
    i.cs43l22_SetOutputMode                  0x08005330   Section        0  cs43l22.o(i.cs43l22_SetOutputMode)
    i.cs43l22_SetVolume                      0x08005380   Section        0  cs43l22.o(i.cs43l22_SetVolume)
    i.cs43l22_Stop                           0x080053bc   Section        0  cs43l22.o(i.cs43l22_Stop)
    i.fabs                                   0x080053ec   Section        0  fabs.o(i.fabs)
    i.main                                   0x08005404   Section        0  main.o(i.main)
    i.sqrt                                   0x080054e4   Section        0  sqrt.o(i.sqrt)
    .constdata                               0x08005552   Section       16  stm32f4xx_hal_rcc.o(.constdata)
    .constdata                               0x08005562   Section        8  stm32f4xx_hal_dma.o(.constdata)
    flagBitshiftOffset                       0x08005562   Data           8  stm32f4xx_hal_dma.o(.constdata)
    .constdata                               0x0800556c   Section       96  stm32f4_discovery_audio.o(.constdata)
    .constdata                               0x080055cc   Section       12  stm32f4_discovery.o(.constdata)
    .constdata                               0x080055d8   Section       48  cos_i.o(.constdata)
    C                                        0x080055d8   Data          48  cos_i.o(.constdata)
    .constdata                               0x08005608   Section      200  rred.o(.constdata)
    pio2s                                    0x08005608   Data          48  rred.o(.constdata)
    twooverpi                                0x08005638   Data         152  rred.o(.constdata)
    .constdata                               0x080056d0   Section       40  sin_i.o(.constdata)
    S                                        0x080056d0   Data          40  sin_i.o(.constdata)
    .data                                    0x20000000   Section        4  stm32f4xx_hal.o(.data)
    .data                                    0x20000004   Section       20  main.o(.data)
    .data                                    0x20000018   Section       48  cs43l22.o(.data)
    .data                                    0x20000048   Section        2  cs43l22.o(.data)
    Is_cs43l22_Stop                          0x20000048   Data           1  cs43l22.o(.data)
    .data                                    0x2000004c   Section        8  stm32f4_discovery_audio.o(.data)
    pAudioDrv                                0x20000050   Data           4  stm32f4_discovery_audio.o(.data)
    .data                                    0x20000054   Section       28  stm32f4_discovery.o(.data)
    .data                                    0x20000070   Section       20  system_stm32f4xx.o(.data)
    .data                                    0x20000084   Section      772  pdm_filter.o(.data)
    .data                                    0x20000388   Section        4  errno.o(.data)
    _errno                                   0x20000388   Data           4  errno.o(.data)
    .bss                                     0x2000038c   Section    16768  main.o(.bss)
    RecBuf                                   0x200043cc   Data          64  main.o(.bss)
    InternalBuffer                           0x2000440c   Data         256  main.o(.bss)
    .bss                                     0x2000450c   Section      380  stm32f4_discovery_audio.o(.bss)
    hdma_i2sTx                               0x2000450c   Data          96  stm32f4_discovery_audio.o(.bss)
    hdma_i2sRx                               0x2000456c   Data          96  stm32f4_discovery_audio.o(.bss)
    .bss                                     0x20004688   Section      172  stm32f4_discovery.o(.bss)
    SpiHandle                                0x20004688   Data          88  stm32f4_discovery.o(.bss)
    I2cHandle                                0x200046e0   Data          84  stm32f4_discovery.o(.bss)
    STACK                                    0x20004738   Section     1024  startup_stm32f407xx.o(STACK)

    Global Symbols

    Symbol Name                              Value     Ov Type        Size  Object(Section)

    BuildAttributes$$THM_ISAv4$E$P$D$K$B$S$7EM$VFPi3$EXTD16$VFPS$VFMA$PE$A:L22UL41UL21$X:L11$S22US41US21$IEEE1$IW$USESV6$~STKCKD$USESV7$~SHL$OTIME$ROPI$IEEEX$EBA8$MICROLIB$REQ8$PRES8$EABIv2 0x00000000   Number         0  anon$$obj.o ABSOLUTE
    __ARM_use_no_argv                        0x00000000   Number         0  main.o ABSOLUTE
    __cpp_initialize__aeabi_                  - Undefined Weak Reference
    __cxa_finalize                            - Undefined Weak Reference
    _clock_init                               - Undefined Weak Reference
    _microlib_exit                            - Undefined Weak Reference
    __Vectors_Size                           0x00000188   Number         0  startup_stm32f407xx.o ABSOLUTE
    __Vectors                                0x08000000   Data           4  startup_stm32f407xx.o(RESET)
    __Vectors_End                            0x08000188   Data           0  startup_stm32f407xx.o(RESET)
    __main                                   0x08000189   Thumb Code     0  entry.o(.ARM.Collect$$$$00000000)
    _main_stk                                0x08000189   Thumb Code     0  entry2.o(.ARM.Collect$$$$00000001)
    _main_scatterload                        0x0800018d   Thumb Code     0  entry5.o(.ARM.Collect$$$$00000004)
    __main_after_scatterload                 0x08000191   Thumb Code     0  entry5.o(.ARM.Collect$$$$00000004)
    _main_clock                              0x08000191   Thumb Code     0  entry7b.o(.ARM.Collect$$$$00000008)
    _main_cpp_init                           0x08000191   Thumb Code     0  entry8b.o(.ARM.Collect$$$$0000000A)
    _main_init                               0x08000191   Thumb Code     0  entry9a.o(.ARM.Collect$$$$0000000B)
    __rt_final_cpp                           0x08000199   Thumb Code     0  entry10a.o(.ARM.Collect$$$$0000000D)
    __rt_final_exit                          0x08000199   Thumb Code     0  entry11a.o(.ARM.Collect$$$$0000000F)
    Reset_Handler                            0x0800019d   Thumb Code     8  startup_stm32f407xx.o(.text)
    ADC_IRQHandler                           0x080001b7   Thumb Code     0  startup_stm32f407xx.o(.text)
    CAN1_RX0_IRQHandler                      0x080001b7   Thumb Code     0  startup_stm32f407xx.o(.text)
    CAN1_RX1_IRQHandler                      0x080001b7   Thumb Code     0  startup_stm32f407xx.o(.text)
    CAN1_SCE_IRQHandler                      0x080001b7   Thumb Code     0  startup_stm32f407xx.o(.text)
    CAN1_TX_IRQHandler                       0x080001b7   Thumb Code     0  startup_stm32f407xx.o(.text)
    CAN2_RX0_IRQHandler                      0x080001b7   Thumb Code     0  startup_stm32f407xx.o(.text)
    CAN2_RX1_IRQHandler                      0x080001b7   Thumb Code     0  startup_stm32f407xx.o(.text)
    CAN2_SCE_IRQHandler                      0x080001b7   Thumb Code     0  startup_stm32f407xx.o(.text)
    CAN2_TX_IRQHandler                       0x080001b7   Thumb Code     0  startup_stm32f407xx.o(.text)
    DCMI_IRQHandler                          0x080001b7   Thumb Code     0  startup_stm32f407xx.o(.text)
    DMA1_Stream0_IRQHandler                  0x080001b7   Thumb Code     0  startup_stm32f407xx.o(.text)
    DMA1_Stream1_IRQHandler                  0x080001b7   Thumb Code     0  startup_stm32f407xx.o(.text)
    DMA1_Stream2_IRQHandler                  0x080001b7   Thumb Code     0  startup_stm32f407xx.o(.text)
    DMA1_Stream4_IRQHandler                  0x080001b7   Thumb Code     0  startup_stm32f407xx.o(.text)
    DMA1_Stream5_IRQHandler                  0x080001b7   Thumb Code     0  startup_stm32f407xx.o(.text)
    DMA1_Stream6_IRQHandler                  0x080001b7   Thumb Code     0  startup_stm32f407xx.o(.text)
    DMA2_Stream0_IRQHandler                  0x080001b7   Thumb Code     0  startup_stm32f407xx.o(.text)
    DMA2_Stream1_IRQHandler                  0x080001b7   Thumb Code     0  startup_stm32f407xx.o(.text)
    DMA2_Stream2_IRQHandler                  0x080001b7   Thumb Code     0  startup_stm32f407xx.o(.text)
    DMA2_Stream3_IRQHandler                  0x080001b7   Thumb Code     0  startup_stm32f407xx.o(.text)
    DMA2_Stream4_IRQHandler                  0x080001b7   Thumb Code     0  startup_stm32f407xx.o(.text)
    DMA2_Stream5_IRQHandler                  0x080001b7   Thumb Code     0  startup_stm32f407xx.o(.text)
    DMA2_Stream6_IRQHandler                  0x080001b7   Thumb Code     0  startup_stm32f407xx.o(.text)
    DMA2_Stream7_IRQHandler                  0x080001b7   Thumb Code     0  startup_stm32f407xx.o(.text)
    ETH_IRQHandler                           0x080001b7   Thumb Code     0  startup_stm32f407xx.o(.text)
    ETH_WKUP_IRQHandler                      0x080001b7   Thumb Code     0  startup_stm32f407xx.o(.text)
    EXTI15_10_IRQHandler                     0x080001b7   Thumb Code     0  startup_stm32f407xx.o(.text)
    EXTI2_IRQHandler                         0x080001b7   Thumb Code     0  startup_stm32f407xx.o(.text)
    EXTI3_IRQHandler                         0x080001b7   Thumb Code     0  startup_stm32f407xx.o(.text)
    EXTI4_IRQHandler                         0x080001b7   Thumb Code     0  startup_stm32f407xx.o(.text)
    EXTI9_5_IRQHandler                       0x080001b7   Thumb Code     0  startup_stm32f407xx.o(.text)
    FLASH_IRQHandler                         0x080001b7   Thumb Code     0  startup_stm32f407xx.o(.text)
    FMC_IRQHandler                           0x080001b7   Thumb Code     0  startup_stm32f407xx.o(.text)
    FPU_IRQHandler                           0x080001b7   Thumb Code     0  startup_stm32f407xx.o(.text)
    HASH_RNG_IRQHandler                      0x080001b7   Thumb Code     0  startup_stm32f407xx.o(.text)
    I2C1_ER_IRQHandler                       0x080001b7   Thumb Code     0  startup_stm32f407xx.o(.text)
    I2C1_EV_IRQHandler                       0x080001b7   Thumb Code     0  startup_stm32f407xx.o(.text)
    I2C2_ER_IRQHandler                       0x080001b7   Thumb Code     0  startup_stm32f407xx.o(.text)
    I2C2_EV_IRQHandler                       0x080001b7   Thumb Code     0  startup_stm32f407xx.o(.text)
    I2C3_ER_IRQHandler                       0x080001b7   Thumb Code     0  startup_stm32f407xx.o(.text)
    I2C3_EV_IRQHandler                       0x080001b7   Thumb Code     0  startup_stm32f407xx.o(.text)
    OTG_FS_IRQHandler                        0x080001b7   Thumb Code     0  startup_stm32f407xx.o(.text)
    OTG_FS_WKUP_IRQHandler                   0x080001b7   Thumb Code     0  startup_stm32f407xx.o(.text)
    OTG_HS_EP1_IN_IRQHandler                 0x080001b7   Thumb Code     0  startup_stm32f407xx.o(.text)
    OTG_HS_EP1_OUT_IRQHandler                0x080001b7   Thumb Code     0  startup_stm32f407xx.o(.text)
    OTG_HS_IRQHandler                        0x080001b7   Thumb Code     0  startup_stm32f407xx.o(.text)
    OTG_HS_WKUP_IRQHandler                   0x080001b7   Thumb Code     0  startup_stm32f407xx.o(.text)
    PVD_IRQHandler                           0x080001b7   Thumb Code     0  startup_stm32f407xx.o(.text)
    RCC_IRQHandler                           0x080001b7   Thumb Code     0  startup_stm32f407xx.o(.text)
    RTC_Alarm_IRQHandler                     0x080001b7   Thumb Code     0  startup_stm32f407xx.o(.text)
    RTC_WKUP_IRQHandler                      0x080001b7   Thumb Code     0  startup_stm32f407xx.o(.text)
    SDIO_IRQHandler                          0x080001b7   Thumb Code     0  startup_stm32f407xx.o(.text)
    SPI1_IRQHandler                          0x080001b7   Thumb Code     0  startup_stm32f407xx.o(.text)
    SPI2_IRQHandler                          0x080001b7   Thumb Code     0  startup_stm32f407xx.o(.text)
    SPI3_IRQHandler                          0x080001b7   Thumb Code     0  startup_stm32f407xx.o(.text)
    TAMP_STAMP_IRQHandler                    0x080001b7   Thumb Code     0  startup_stm32f407xx.o(.text)
    TIM1_BRK_TIM9_IRQHandler                 0x080001b7   Thumb Code     0  startup_stm32f407xx.o(.text)
    TIM1_CC_IRQHandler                       0x080001b7   Thumb Code     0  startup_stm32f407xx.o(.text)
    TIM1_TRG_COM_TIM11_IRQHandler            0x080001b7   Thumb Code     0  startup_stm32f407xx.o(.text)
    TIM1_UP_TIM10_IRQHandler                 0x080001b7   Thumb Code     0  startup_stm32f407xx.o(.text)
    TIM2_IRQHandler                          0x080001b7   Thumb Code     0  startup_stm32f407xx.o(.text)
    TIM3_IRQHandler                          0x080001b7   Thumb Code     0  startup_stm32f407xx.o(.text)
    TIM4_IRQHandler                          0x080001b7   Thumb Code     0  startup_stm32f407xx.o(.text)
    TIM5_IRQHandler                          0x080001b7   Thumb Code     0  startup_stm32f407xx.o(.text)
    TIM6_DAC_IRQHandler                      0x080001b7   Thumb Code     0  startup_stm32f407xx.o(.text)
    TIM7_IRQHandler                          0x080001b7   Thumb Code     0  startup_stm32f407xx.o(.text)
    TIM8_BRK_TIM12_IRQHandler                0x080001b7   Thumb Code     0  startup_stm32f407xx.o(.text)
    TIM8_CC_IRQHandler                       0x080001b7   Thumb Code     0  startup_stm32f407xx.o(.text)
    TIM8_TRG_COM_TIM14_IRQHandler            0x080001b7   Thumb Code     0  startup_stm32f407xx.o(.text)
    TIM8_UP_TIM13_IRQHandler                 0x080001b7   Thumb Code     0  startup_stm32f407xx.o(.text)
    UART4_IRQHandler                         0x080001b7   Thumb Code     0  startup_stm32f407xx.o(.text)
    UART5_IRQHandler                         0x080001b7   Thumb Code     0  startup_stm32f407xx.o(.text)
    USART1_IRQHandler                        0x080001b7   Thumb Code     0  startup_stm32f407xx.o(.text)
    USART2_IRQHandler                        0x080001b7   Thumb Code     0  startup_stm32f407xx.o(.text)
    USART3_IRQHandler                        0x080001b7   Thumb Code     0  startup_stm32f407xx.o(.text)
    USART6_IRQHandler                        0x080001b7   Thumb Code     0  startup_stm32f407xx.o(.text)
    WWDG_IRQHandler                          0x080001b7   Thumb Code     0  startup_stm32f407xx.o(.text)
    PDM_Filter_Init                          0x080001c1   Thumb Code   444  pdm_filter.o(.text)
    PDM_Filter_64_LSB                        0x0800037d   Thumb Code   708  pdm_filter.o(.text)
    PDM_Filter_80_LSB                        0x08000641   Thumb Code   842  pdm_filter.o(.text)
    PDM_Filter_64_MSB                        0x0800098b   Thumb Code   690  pdm_filter.o(.text)
    PDM_Filter_80_MSB                        0x08000c3d   Thumb Code   862  pdm_filter.o(.text)
    PDM_Filter_128_MSB                       0x08000f9b   Thumb Code  1328  pdm_filter.o(.text)
    PDM_Filter_128_LSB                       0x080014cb   Thumb Code  1328  pdm_filter.o(.text)
    __aeabi_memcpy                           0x08001a01   Thumb Code    36  memcpya.o(.text)
    __aeabi_memcpy4                          0x08001a01   Thumb Code     0  memcpya.o(.text)
    __aeabi_memcpy8                          0x08001a01   Thumb Code     0  memcpya.o(.text)
    __aeabi_fmul                             0x08001a25   Thumb Code   100  fmul.o(.text)
    __ARM_scalbnf                            0x08001a89   Thumb Code    24  fscalb.o(.text)
    scalbnf                                  0x08001a89   Thumb Code     0  fscalb.o(.text)
    __aeabi_dadd                             0x08001aa1   Thumb Code   322  dadd.o(.text)
    __aeabi_dsub                             0x08001be3   Thumb Code     6  dadd.o(.text)
    __aeabi_drsub                            0x08001be9   Thumb Code     6  dadd.o(.text)
    __aeabi_dmul                             0x08001bef   Thumb Code   228  dmul.o(.text)
    __aeabi_ddiv                             0x08001cd3   Thumb Code   222  ddiv.o(.text)
    __ARM_scalbn                             0x08001db1   Thumb Code    46  dscalb.o(.text)
    scalbn                                   0x08001db1   Thumb Code     0  dscalb.o(.text)
    __aeabi_ui2f                             0x08001ddf   Thumb Code    10  ffltui.o(.text)
    __aeabi_ui2d                             0x08001de9   Thumb Code    26  dfltui.o(.text)
    __aeabi_d2uiz                            0x08001e03   Thumb Code    50  dfixui.o(.text)
    __aeabi_f2d                              0x08001e35   Thumb Code    38  f2d.o(.text)
    __aeabi_d2f                              0x08001e5b   Thumb Code    56  d2f.o(.text)
    __aeabi_cfrcmple                         0x08001e95   Thumb Code    20  cfrcmple.o(.text)
    __aeabi_llsl                             0x08001ea9   Thumb Code    30  llshl.o(.text)
    _ll_shift_l                              0x08001ea9   Thumb Code     0  llshl.o(.text)
    __aeabi_llsr                             0x08001ec7   Thumb Code    32  llushr.o(.text)
    _ll_ushift_r                             0x08001ec7   Thumb Code     0  llushr.o(.text)
    __aeabi_lasr                             0x08001ee7   Thumb Code    36  llsshr.o(.text)
    _ll_sshift_r                             0x08001ee7   Thumb Code     0  llsshr.o(.text)
    __I$use$fp                               0x08001f0b   Thumb Code     0  iusefp.o(.text)
    _float_round                             0x08001f0b   Thumb Code    18  fepilogue.o(.text)
    _float_epilogue                          0x08001f1d   Thumb Code    92  fepilogue.o(.text)
    _double_round                            0x08001f79   Thumb Code    30  depilogue.o(.text)
    _double_epilogue                         0x08001f97   Thumb Code   156  depilogue.o(.text)
    _dsqrt                                   0x08002033   Thumb Code   162  dsqrt.o(.text)
    __scatterload                            0x080020d5   Thumb Code    28  init.o(.text)
    __scatterload_rt2                        0x080020d5   Thumb Code     0  init.o(.text)
    __aeabi_i2d                              0x080020f9   Thumb Code    34  dflti.o(.text)
    __aeabi_d2iz                             0x0800211b   Thumb Code    62  dfixi.o(.text)
    __decompress                             0x08002159   Thumb Code     0  __dczerorl2.o(.text)
    __decompress1                            0x08002159   Thumb Code    86  __dczerorl2.o(.text)
    AUDIO_IO_DeInit                          0x080021af   Thumb Code     2  stm32f4_discovery.o(i.AUDIO_IO_DeInit)
    AUDIO_IO_Init                            0x080021b1   Thumb Code    88  stm32f4_discovery.o(i.AUDIO_IO_Init)
    AUDIO_IO_Read                            0x08002211   Thumb Code    50  stm32f4_discovery.o(i.AUDIO_IO_Read)
    AUDIO_IO_Write                           0x0800224d   Thumb Code    46  stm32f4_discovery.o(i.AUDIO_IO_Write)
    BSP_AUDIO_IN_Error_Callback              0x08002285   Thumb Code     4  main.o(i.BSP_AUDIO_IN_Error_Callback)
    BSP_AUDIO_IN_HalfTransfer_CallBack       0x08002289   Thumb Code     8  main.o(i.BSP_AUDIO_IN_HalfTransfer_CallBack)
    BSP_AUDIO_IN_Init                        0x08002295   Thumb Code    66  stm32f4_discovery_audio.o(i.BSP_AUDIO_IN_Init)
    BSP_AUDIO_IN_PDMToPCM                    0x080022d9   Thumb Code    66  stm32f4_discovery_audio.o(i.BSP_AUDIO_IN_PDMToPCM)
    BSP_AUDIO_IN_Record                      0x08002325   Thumb Code    16  stm32f4_discovery_audio.o(i.BSP_AUDIO_IN_Record)
    BSP_AUDIO_IN_TransferComplete_CallBack   0x08002339   Thumb Code     8  main.o(i.BSP_AUDIO_IN_TransferComplete_CallBack)
    BSP_AUDIO_OUT_Error_CallBack             0x08002345   Thumb Code     4  main.o(i.BSP_AUDIO_OUT_Error_CallBack)
    BSP_AUDIO_OUT_HalfTransfer_CallBack      0x08002349   Thumb Code     2  stm32f4_discovery_audio.o(i.BSP_AUDIO_OUT_HalfTransfer_CallBack)
    BSP_AUDIO_OUT_Init                       0x0800234d   Thumb Code   142  stm32f4_discovery_audio.o(i.BSP_AUDIO_OUT_Init)
    BSP_AUDIO_OUT_Play                       0x080023e9   Thumb Code    54  stm32f4_discovery_audio.o(i.BSP_AUDIO_OUT_Play)
    BSP_AUDIO_OUT_TransferComplete_CallBack  0x08002429   Thumb Code    86  main.o(i.BSP_AUDIO_OUT_TransferComplete_CallBack)
    BSP_LED_Init                             0x08002489   Thumb Code    86  stm32f4_discovery.o(i.BSP_LED_Init)
    BSP_LED_On                               0x080024ed   Thumb Code    18  stm32f4_discovery.o(i.BSP_LED_On)
    BusFault_Handler                         0x08002509   Thumb Code     2  stm32f4xx_it.o(i.BusFault_Handler)
    DMA1_Stream3_IRQHandler                  0x08002515   Thumb Code     8  stm32f4xx_it.o(i.DMA1_Stream3_IRQHandler)
    DMA1_Stream7_IRQHandler                  0x08002521   Thumb Code     8  stm32f4xx_it.o(i.DMA1_Stream7_IRQHandler)
    DebugMon_Handler                         0x080025d1   Thumb Code     2  stm32f4xx_it.o(i.DebugMon_Handler)
    EXTI0_IRQHandler                         0x080025d3   Thumb Code     6  stm32f4xx_it.o(i.EXTI0_IRQHandler)
    EXTI1_IRQHandler                         0x080025d9   Thumb Code     6  stm32f4xx_it.o(i.EXTI1_IRQHandler)
    Error_Handler                            0x080025df   Thumb Code     8  main.o(i.Error_Handler)
    HAL_DMA_DeInit                           0x080025e7   Thumb Code    86  stm32f4xx_hal_dma.o(i.HAL_DMA_DeInit)
    HAL_DMA_IRQHandler                       0x0800263d   Thumb Code   414  stm32f4xx_hal_dma.o(i.HAL_DMA_IRQHandler)
    HAL_DMA_Init                             0x080027e5   Thumb Code   202  stm32f4xx_hal_dma.o(i.HAL_DMA_Init)
    HAL_DMA_Start_IT                         0x080028b5   Thumb Code   120  stm32f4xx_hal_dma.o(i.HAL_DMA_Start_IT)
    HAL_Delay                                0x0800292d   Thumb Code    22  stm32f4xx_hal.o(i.HAL_Delay)
    HAL_GPIO_EXTI_Callback                   0x08002943   Thumb Code     2  main.o(i.HAL_GPIO_EXTI_Callback)
    HAL_GPIO_EXTI_IRQHandler                 0x08002945   Thumb Code    18  stm32f4xx_hal_gpio.o(i.HAL_GPIO_EXTI_IRQHandler)
    HAL_GPIO_Init                            0x0800295d   Thumb Code   398  stm32f4xx_hal_gpio.o(i.HAL_GPIO_Init)
    HAL_GPIO_WritePin                        0x08002b1d   Thumb Code    10  stm32f4xx_hal_gpio.o(i.HAL_GPIO_WritePin)
    HAL_GetREVID                             0x08002b29   Thumb Code     8  stm32f4xx_hal.o(i.HAL_GetREVID)
    HAL_GetTick                              0x08002b35   Thumb Code     6  stm32f4xx_hal.o(i.HAL_GetTick)
    HAL_I2C_DeInit                           0x08002b41   Thumb Code    50  stm32f4xx_hal_i2c.o(i.HAL_I2C_DeInit)
    HAL_I2C_GetState                         0x08002b73   Thumb Code     6  stm32f4xx_hal_i2c.o(i.HAL_I2C_GetState)
    HAL_I2C_Init                             0x08002b79   Thumb Code   254  stm32f4xx_hal_i2c.o(i.HAL_I2C_Init)
    HAL_I2C_Mem_Read                         0x08002c81   Thumb Code   480  stm32f4xx_hal_i2c.o(i.HAL_I2C_Mem_Read)
    HAL_I2C_Mem_Write                        0x08002e6d   Thumb Code   248  stm32f4xx_hal_i2c.o(i.HAL_I2C_Mem_Write)
    HAL_I2C_MspDeInit                        0x08002f6d   Thumb Code     2  stm32f4xx_hal_i2c.o(i.HAL_I2C_MspDeInit)
    HAL_I2C_MspInit                          0x08002f6f   Thumb Code     2  stm32f4xx_hal_i2c.o(i.HAL_I2C_MspInit)
    HAL_I2S_ErrorCallback                    0x08002f71   Thumb Code    30  stm32f4_discovery_audio.o(i.HAL_I2S_ErrorCallback)
    HAL_I2S_GetState                         0x08002f99   Thumb Code     6  stm32f4xx_hal_i2s.o(i.HAL_I2S_GetState)
    HAL_I2S_Init                             0x08002fa1   Thumb Code   346  stm32f4xx_hal_i2s_ex.o(i.HAL_I2S_Init)
    HAL_I2S_MspInit                          0x08003105   Thumb Code     2  stm32f4xx_hal_i2s.o(i.HAL_I2S_MspInit)
    HAL_I2S_Receive_DMA                      0x08003109   Thumb Code   180  stm32f4xx_hal_i2s.o(i.HAL_I2S_Receive_DMA)
    HAL_I2S_RxCpltCallback                   0x080031c9   Thumb Code     8  stm32f4_discovery_audio.o(i.HAL_I2S_RxCpltCallback)
    HAL_I2S_RxHalfCpltCallback               0x080031d1   Thumb Code     8  stm32f4_discovery_audio.o(i.HAL_I2S_RxHalfCpltCallback)
    HAL_I2S_Transmit_DMA                     0x080031d9   Thumb Code   156  stm32f4xx_hal_i2s.o(i.HAL_I2S_Transmit_DMA)
    HAL_I2S_TxCpltCallback                   0x08003281   Thumb Code    16  stm32f4_discovery_audio.o(i.HAL_I2S_TxCpltCallback)
    HAL_I2S_TxHalfCpltCallback               0x08003295   Thumb Code    16  stm32f4_discovery_audio.o(i.HAL_I2S_TxHalfCpltCallback)
    HAL_IncTick                              0x080032a9   Thumb Code    10  stm32f4xx_hal.o(i.HAL_IncTick)
    HAL_Init                                 0x080032b9   Thumb Code    40  stm32f4xx_hal.o(i.HAL_Init)
    HAL_InitTick                             0x080032e5   Thumb Code    34  stm32f4xx_hal.o(i.HAL_InitTick)
    HAL_MspInit                              0x0800330d   Thumb Code     2  stm32f4xx_hal.o(i.HAL_MspInit)
    HAL_NVIC_EnableIRQ                       0x0800330f   Thumb Code    22  stm32f4xx_hal_cortex.o(i.HAL_NVIC_EnableIRQ)
    HAL_NVIC_SetPriority                     0x08003325   Thumb Code    60  stm32f4xx_hal_cortex.o(i.HAL_NVIC_SetPriority)
    HAL_NVIC_SetPriorityGrouping             0x08003365   Thumb Code    26  stm32f4xx_hal_cortex.o(i.HAL_NVIC_SetPriorityGrouping)
    HAL_RCCEx_GetPeriphCLKConfig             0x08003389   Thumb Code    74  stm32f4xx_hal_rcc_ex.o(i.HAL_RCCEx_GetPeriphCLKConfig)
    HAL_RCCEx_PeriphCLKConfig                0x080033d9   Thumb Code   316  stm32f4xx_hal_rcc_ex.o(i.HAL_RCCEx_PeriphCLKConfig)
    HAL_RCC_ClockConfig                      0x08003529   Thumb Code   364  stm32f4xx_hal_rcc.o(i.HAL_RCC_ClockConfig)
    HAL_RCC_GetPCLK1Freq                     0x080036a5   Thumb Code    34  stm32f4xx_hal_rcc.o(i.HAL_RCC_GetPCLK1Freq)
    HAL_RCC_GetPCLK2Freq                     0x080036d5   Thumb Code    34  stm32f4xx_hal_rcc.o(i.HAL_RCC_GetPCLK2Freq)
    HAL_RCC_GetSysClockFreq                  0x08003705   Thumb Code   104  stm32f4xx_hal_rcc.o(i.HAL_RCC_GetSysClockFreq)
    HAL_RCC_OscConfig                        0x08003775   Thumb Code   722  stm32f4xx_hal_rcc.o(i.HAL_RCC_OscConfig)
    HAL_SYSTICK_Config                       0x08003a59   Thumb Code    40  stm32f4xx_hal_cortex.o(i.HAL_SYSTICK_Config)
    HAL_UART_Init                            0x08003a81   Thumb Code    98  stm32f4xx_hal_uart.o(i.HAL_UART_Init)
    HAL_UART_MspInit                         0x08003ae5   Thumb Code   104  stm32f4xx_hal_msp.o(i.HAL_UART_MspInit)
    HardFault_Handler                        0x08003b55   Thumb Code     2  stm32f4xx_it.o(i.HardFault_Handler)
    I2S_DMAError                             0x08004251   Thumb Code    30  stm32f4xx_hal_i2s.o(i.I2S_DMAError)
    I2S_DMARxCplt                            0x08004271   Thumb Code   110  stm32f4xx_hal_i2s_ex.o(i.I2S_DMARxCplt)
    I2S_DMARxHalfCplt                        0x080042e9   Thumb Code    10  stm32f4xx_hal_i2s.o(i.I2S_DMARxHalfCplt)
    I2S_DMATxCplt                            0x080042f5   Thumb Code   112  stm32f4xx_hal_i2s_ex.o(i.I2S_DMATxCplt)
    I2S_DMATxHalfCplt                        0x0800436d   Thumb Code    10  stm32f4xx_hal_i2s.o(i.I2S_DMATxHalfCplt)
    I2S_GetInputClock                        0x08004379   Thumb Code    58  stm32f4xx_hal_i2s_ex.o(i.I2S_GetInputClock)
    MemManage_Handler                        0x080043c5   Thumb Code     2  stm32f4xx_it.o(i.MemManage_Handler)
    NMI_Handler                              0x080043c7   Thumb Code     2  stm32f4xx_it.o(i.NMI_Handler)
    PendSV_Handler                           0x08004449   Thumb Code     2  stm32f4xx_it.o(i.PendSV_Handler)
    SVC_Handler                              0x0800444b   Thumb Code     2  stm32f4xx_it.o(i.SVC_Handler)
    SysTick_Handler                          0x0800444d   Thumb Code     4  stm32f4xx_it.o(i.SysTick_Handler)
    SystemInit                               0x080044e1   Thumb Code    66  system_stm32f4xx.o(i.SystemInit)
    UsageFault_Handler                       0x080047e1   Thumb Code     2  stm32f4xx_it.o(i.UsageFault_Handler)
    __ARM_fpclassify                         0x080047e3   Thumb Code    48  fpclassify.o(i.__ARM_fpclassify)
    __hardfp_cos                             0x08004819   Thumb Code   180  cos.o(i.__hardfp_cos)
    __ieee754_rem_pio2                       0x080048e1   Thumb Code   938  rred.o(i.__ieee754_rem_pio2)
    __kernel_cos                             0x08004d19   Thumb Code   322  cos_i.o(i.__kernel_cos)
    __kernel_poly                            0x08004e89   Thumb Code   248  poly.o(i.__kernel_poly)
    __kernel_sin                             0x08004f81   Thumb Code   280  sin_i.o(i.__kernel_sin)
    __mathlib_dbl_infnan                     0x080050b1   Thumb Code    20  dunder.o(i.__mathlib_dbl_infnan)
    __mathlib_dbl_invalid                    0x080050c9   Thumb Code    24  dunder.o(i.__mathlib_dbl_invalid)
    __mathlib_dbl_underflow                  0x080050e9   Thumb Code    24  dunder.o(i.__mathlib_dbl_underflow)
    __scatterload_copy                       0x08005109   Thumb Code    14  handlers.o(i.__scatterload_copy)
    __scatterload_null                       0x08005117   Thumb Code     2  handlers.o(i.__scatterload_null)
    __scatterload_zeroinit                   0x08005119   Thumb Code    14  handlers.o(i.__scatterload_zeroinit)
    __set_errno                              0x08005129   Thumb Code     6  errno.o(i.__set_errno)
    cos                                      0x08005135   Thumb Code    16  cos.o(i.cos)
    cs43l22_DeInit                           0x08005145   Thumb Code     4  cs43l22.o(i.cs43l22_DeInit)
    cs43l22_Init                             0x08005149   Thumb Code   220  cs43l22.o(i.cs43l22_Init)
    cs43l22_Pause                            0x08005229   Thumb Code    26  cs43l22.o(i.cs43l22_Pause)
    cs43l22_Play                             0x08005245   Thumb Code    54  cs43l22.o(i.cs43l22_Play)
    cs43l22_ReadID                           0x08005281   Thumb Code    22  cs43l22.o(i.cs43l22_ReadID)
    cs43l22_Reset                            0x08005297   Thumb Code     4  cs43l22.o(i.cs43l22_Reset)
    cs43l22_Resume                           0x0800529d   Thumb Code    56  cs43l22.o(i.cs43l22_Resume)
    cs43l22_SetFrequency                     0x080052d9   Thumb Code     4  cs43l22.o(i.cs43l22_SetFrequency)
    cs43l22_SetMute                          0x080052dd   Thumb Code    78  cs43l22.o(i.cs43l22_SetMute)
    cs43l22_SetOutputMode                    0x08005331   Thumb Code    76  cs43l22.o(i.cs43l22_SetOutputMode)
    cs43l22_SetVolume                        0x08005381   Thumb Code    60  cs43l22.o(i.cs43l22_SetVolume)
    cs43l22_Stop                             0x080053bd   Thumb Code    44  cs43l22.o(i.cs43l22_Stop)
    fabs                                     0x080053ed   Thumb Code    24  fabs.o(i.fabs)
    main                                     0x08005405   Thumb Code   208  main.o(i.main)
    sqrt                                     0x080054e5   Thumb Code   110  sqrt.o(i.sqrt)
    APBAHBPrescTable                         0x08005552   Data          16  stm32f4xx_hal_rcc.o(.constdata)
    I2SFreq                                  0x0800556c   Data          32  stm32f4_discovery_audio.o(.constdata)
    I2SPLLN                                  0x0800558c   Data          32  stm32f4_discovery_audio.o(.constdata)
    I2SPLLR                                  0x080055ac   Data          32  stm32f4_discovery_audio.o(.constdata)
    BUTTON_IRQn                              0x080055cc   Data           1  stm32f4_discovery.o(.constdata)
    BUTTON_PIN                               0x080055ce   Data           2  stm32f4_discovery.o(.constdata)
    GPIO_PIN                                 0x080055d0   Data           8  stm32f4_discovery.o(.constdata)
    Region$$Table$$Base                      0x080056f8   Number         0  anon$$obj.o(Region$$Table)
    Region$$Table$$Limit                     0x08005718   Number         0  anon$$obj.o(Region$$Table)
    uwTick                                   0x20000000   Data           4  stm32f4xx_hal.o(.data)
    inQ                                      0x20000004   Data           2  main.o(.data)
    outQ                                     0x20000006   Data           2  main.o(.data)
    noutQ                                    0x20000008   Data           2  main.o(.data)
    remainSzQ                                0x2000000a   Data           2  main.o(.data)
    AUDIODataReady                           0x2000000c   Data           4  main.o(.data)
    BufferCtl                                0x20000010   Data           8  main.o(.data)
    cs43l22_drv                              0x20000018   Data          48  cs43l22.o(.data)
    OutputDev                                0x20000049   Data           1  cs43l22.o(.data)
    AudioInVolume                            0x2000004c   Data           2  stm32f4_discovery_audio.o(.data)
    BUTTON_PORT                              0x20000054   Data           4  stm32f4_discovery.o(.data)
    I2cxTimeout                              0x20000058   Data           4  stm32f4_discovery.o(.data)
    SpixTimeout                              0x2000005c   Data           4  stm32f4_discovery.o(.data)
    GPIO_PORT                                0x20000060   Data          16  stm32f4_discovery.o(.data)
    SystemCoreClock                          0x20000070   Data           4  system_stm32f4xx.o(.data)
    AHBPrescTable                            0x20000074   Data          16  system_stm32f4xx.o(.data)
    stm32_crc                                0x20000084   Data           4  pdm_filter.o(.data)
    T0                                       0x20000088   Data         256  pdm_filter.o(.data)
    T1                                       0x20000188   Data         256  pdm_filter.o(.data)
    T2                                       0x20000288   Data         256  pdm_filter.o(.data)
    huart2                                   0x2000038c   Data          64  main.o(.bss)
    Queue                                    0x200003cc   Data       16384  main.o(.bss)
    hAudioOutI2s                             0x200045cc   Data          68  stm32f4_discovery_audio.o(.bss)
    hAudioInI2s                              0x20004610   Data          68  stm32f4_discovery_audio.o(.bss)
    Filter                                   0x20004654   Data          52  stm32f4_discovery_audio.o(.bss)
    __initial_sp                             0x20004b38   Data           0  startup_stm32f407xx.o(STACK)



==============================================================================

Memory Map of the image

  Image Entry point : 0x08000189

  Load Region LR_IROM1 (Base: 0x08000000, Size: 0x00005aa4, Max: 0x00100000, ABSOLUTE, COMPRESSED[0x00005974])

    Execution Region ER_IROM1 (Base: 0x08000000, Size: 0x00005718, Max: 0x00100000, ABSOLUTE)

    Base Addr    Size         Type   Attr      Idx    E Section Name        Object

    0x08000000   0x00000188   Data   RO            3    RESET               startup_stm32f407xx.o
    0x08000188   0x00000000   Code   RO         3262  * .ARM.Collect$$$$00000000  mc_w.l(entry.o)
    0x08000188   0x00000004   Code   RO         3321    .ARM.Collect$$$$00000001  mc_w.l(entry2.o)
    0x0800018c   0x00000004   Code   RO         3324    .ARM.Collect$$$$00000004  mc_w.l(entry5.o)
    0x08000190   0x00000000   Code   RO         3326    .ARM.Collect$$$$00000008  mc_w.l(entry7b.o)
    0x08000190   0x00000000   Code   RO         3328    .ARM.Collect$$$$0000000A  mc_w.l(entry8b.o)
    0x08000190   0x00000008   Code   RO         3329    .ARM.Collect$$$$0000000B  mc_w.l(entry9a.o)
    0x08000198   0x00000000   Code   RO         3331    .ARM.Collect$$$$0000000D  mc_w.l(entry10a.o)
    0x08000198   0x00000000   Code   RO         3333    .ARM.Collect$$$$0000000F  mc_w.l(entry11a.o)
    0x08000198   0x00000004   Code   RO         3322    .ARM.Collect$$$$00002712  mc_w.l(entry2.o)
    0x0800019c   0x00000024   Code   RO            4    .text               startup_stm32f407xx.o
    0x080001c0   0x00001840   Code   RO         3235    .text               libPDMFilter_CM4_Keil.lib(pdm_filter.o)
    0x08001a00   0x00000024   Code   RO         3265    .text               mc_w.l(memcpya.o)
    0x08001a24   0x00000064   Code   RO         3269    .text               mf_w.l(fmul.o)
    0x08001a88   0x00000018   Code   RO         3271    .text               mf_w.l(fscalb.o)
    0x08001aa0   0x0000014e   Code   RO         3273    .text               mf_w.l(dadd.o)
    0x08001bee   0x000000e4   Code   RO         3275    .text               mf_w.l(dmul.o)
    0x08001cd2   0x000000de   Code   RO         3277    .text               mf_w.l(ddiv.o)
    0x08001db0   0x0000002e   Code   RO         3279    .text               mf_w.l(dscalb.o)
    0x08001dde   0x0000000a   Code   RO         3281    .text               mf_w.l(ffltui.o)
    0x08001de8   0x0000001a   Code   RO         3283    .text               mf_w.l(dfltui.o)
    0x08001e02   0x00000032   Code   RO         3285    .text               mf_w.l(dfixui.o)
    0x08001e34   0x00000026   Code   RO         3287    .text               mf_w.l(f2d.o)
    0x08001e5a   0x00000038   Code   RO         3289    .text               mf_w.l(d2f.o)
    0x08001e92   0x00000002   PAD
    0x08001e94   0x00000014   Code   RO         3291    .text               mf_w.l(cfrcmple.o)
    0x08001ea8   0x0000001e   Code   RO         3335    .text               mc_w.l(llshl.o)
    0x08001ec6   0x00000020   Code   RO         3337    .text               mc_w.l(llushr.o)
    0x08001ee6   0x00000024   Code   RO         3339    .text               mc_w.l(llsshr.o)
    0x08001f0a   0x00000000   Code   RO         3348    .text               mc_w.l(iusefp.o)
    0x08001f0a   0x0000006e   Code   RO         3349    .text               mf_w.l(fepilogue.o)
    0x08001f78   0x000000ba   Code   RO         3351    .text               mf_w.l(depilogue.o)
    0x08002032   0x000000a2   Code   RO         3355    .text               mf_w.l(dsqrt.o)
    0x080020d4   0x00000024   Code   RO         3369    .text               mc_w.l(init.o)
    0x080020f8   0x00000022   Code   RO         3371    .text               mf_w.l(dflti.o)
    0x0800211a   0x0000003e   Code   RO         3373    .text               mf_w.l(dfixi.o)
    0x08002158   0x00000056   Code   RO         3383    .text               mc_w.l(__dczerorl2.o)
    0x080021ae   0x00000002   Code   RO         3068    i.AUDIO_IO_DeInit   stm32f4_discovery.o
    0x080021b0   0x00000060   Code   RO         3069    i.AUDIO_IO_Init     stm32f4_discovery.o
    0x08002210   0x0000003c   Code   RO         3070    i.AUDIO_IO_Read     stm32f4_discovery.o
    0x0800224c   0x00000038   Code   RO         3071    i.AUDIO_IO_Write    stm32f4_discovery.o
    0x08002284   0x00000004   Code   RO         2273    i.BSP_AUDIO_IN_Error_Callback  main.o
    0x08002288   0x0000000c   Code   RO         2274    i.BSP_AUDIO_IN_HalfTransfer_CallBack  main.o
    0x08002294   0x00000042   Code   RO         2791    i.BSP_AUDIO_IN_Init  stm32f4_discovery_audio.o
    0x080022d6   0x00000002   PAD
    0x080022d8   0x0000004c   Code   RO         2792    i.BSP_AUDIO_IN_PDMToPCM  stm32f4_discovery_audio.o
    0x08002324   0x00000014   Code   RO         2794    i.BSP_AUDIO_IN_Record  stm32f4_discovery_audio.o
    0x08002338   0x0000000c   Code   RO         2275    i.BSP_AUDIO_IN_TransferComplete_CallBack  main.o
    0x08002344   0x00000004   Code   RO         2276    i.BSP_AUDIO_OUT_Error_CallBack  main.o
    0x08002348   0x00000002   Code   RO         2801    i.BSP_AUDIO_OUT_HalfTransfer_CallBack  stm32f4_discovery_audio.o
    0x0800234a   0x00000002   PAD
    0x0800234c   0x0000009c   Code   RO         2802    i.BSP_AUDIO_OUT_Init  stm32f4_discovery_audio.o
    0x080023e8   0x00000040   Code   RO         2804    i.BSP_AUDIO_OUT_Play  stm32f4_discovery_audio.o
    0x08002428   0x00000060   Code   RO         2277    i.BSP_AUDIO_OUT_TransferComplete_CallBack  main.o
    0x08002488   0x00000064   Code   RO         3073    i.BSP_LED_Init      stm32f4_discovery.o
    0x080024ec   0x0000001c   Code   RO         3075    i.BSP_LED_On        stm32f4_discovery.o
    0x08002508   0x00000002   Code   RO         2404    i.BusFault_Handler  stm32f4xx_it.o
    0x0800250a   0x0000000a   Code   RO         2693    i.CODEC_IO_Write    cs43l22.o
    0x08002514   0x0000000c   Code   RO         2405    i.DMA1_Stream3_IRQHandler  stm32f4xx_it.o
    0x08002520   0x0000000c   Code   RO         2406    i.DMA1_Stream7_IRQHandler  stm32f4xx_it.o
    0x0800252c   0x00000028   Code   RO          921    i.DMA_CalcBaseAndBitshift  stm32f4xx_hal_dma.o
    0x08002554   0x00000054   Code   RO          922    i.DMA_CheckFifoParam  stm32f4xx_hal_dma.o
    0x080025a8   0x00000028   Code   RO          923    i.DMA_SetConfig     stm32f4xx_hal_dma.o
    0x080025d0   0x00000002   Code   RO         2407    i.DebugMon_Handler  stm32f4xx_it.o
    0x080025d2   0x00000006   Code   RO         2408    i.EXTI0_IRQHandler  stm32f4xx_it.o
    0x080025d8   0x00000006   Code   RO         2409    i.EXTI1_IRQHandler  stm32f4xx_it.o
    0x080025de   0x00000008   Code   RO         2278    i.Error_Handler     main.o
    0x080025e6   0x00000056   Code   RO          926    i.HAL_DMA_DeInit    stm32f4xx_hal_dma.o
    0x0800263c   0x000001a8   Code   RO          929    i.HAL_DMA_IRQHandler  stm32f4xx_hal_dma.o
    0x080027e4   0x000000d0   Code   RO          930    i.HAL_DMA_Init      stm32f4xx_hal_dma.o
    0x080028b4   0x00000078   Code   RO          934    i.HAL_DMA_Start_IT  stm32f4xx_hal_dma.o
    0x0800292c   0x00000016   Code   RO         1432    i.HAL_Delay         stm32f4xx_hal.o
    0x08002942   0x00000002   Code   RO         2279    i.HAL_GPIO_EXTI_Callback  main.o
    0x08002944   0x00000018   Code   RO         1957    i.HAL_GPIO_EXTI_IRQHandler  stm32f4xx_hal_gpio.o
    0x0800295c   0x000001c0   Code   RO         1958    i.HAL_GPIO_Init     stm32f4xx_hal_gpio.o
    0x08002b1c   0x0000000a   Code   RO         1962    i.HAL_GPIO_WritePin  stm32f4xx_hal_gpio.o
    0x08002b26   0x00000002   PAD
    0x08002b28   0x0000000c   Code   RO         1437    i.HAL_GetREVID      stm32f4xx_hal.o
    0x08002b34   0x0000000c   Code   RO         1438    i.HAL_GetTick       stm32f4xx_hal.o
    0x08002b40   0x00000032   Code   RO         1029    i.HAL_I2C_DeInit    stm32f4xx_hal_i2c.o
    0x08002b72   0x00000006   Code   RO         1037    i.HAL_I2C_GetState  stm32f4xx_hal_i2c.o
    0x08002b78   0x00000108   Code   RO         1038    i.HAL_I2C_Init      stm32f4xx_hal_i2c.o
    0x08002c80   0x000001ec   Code   RO         1054    i.HAL_I2C_Mem_Read  stm32f4xx_hal_i2c.o
    0x08002e6c   0x00000100   Code   RO         1057    i.HAL_I2C_Mem_Write  stm32f4xx_hal_i2c.o
    0x08002f6c   0x00000002   Code   RO         1060    i.HAL_I2C_MspDeInit  stm32f4xx_hal_i2c.o
    0x08002f6e   0x00000002   Code   RO         1061    i.HAL_I2C_MspInit   stm32f4xx_hal_i2c.o
    0x08002f70   0x00000028   Code   RO         2812    i.HAL_I2S_ErrorCallback  stm32f4_discovery_audio.o
    0x08002f98   0x00000006   Code   RO          624    i.HAL_I2S_GetState  stm32f4xx_hal_i2s.o
    0x08002f9e   0x00000002   PAD
    0x08002fa0   0x00000164   Code   RO           20    i.HAL_I2S_Init      stm32f4xx_hal_i2s_ex.o
    0x08003104   0x00000002   Code   RO          628    i.HAL_I2S_MspInit   stm32f4xx_hal_i2s.o
    0x08003106   0x00000002   PAD
    0x08003108   0x000000c0   Code   RO          630    i.HAL_I2S_Receive_DMA  stm32f4xx_hal_i2s.o
    0x080031c8   0x00000008   Code   RO         2813    i.HAL_I2S_RxCpltCallback  stm32f4_discovery_audio.o
    0x080031d0   0x00000008   Code   RO         2814    i.HAL_I2S_RxHalfCpltCallback  stm32f4_discovery_audio.o
    0x080031d8   0x000000a8   Code   RO          635    i.HAL_I2S_Transmit_DMA  stm32f4xx_hal_i2s.o
    0x08003280   0x00000014   Code   RO         2815    i.HAL_I2S_TxCpltCallback  stm32f4_discovery_audio.o
    0x08003294   0x00000014   Code   RO         2816    i.HAL_I2S_TxHalfCpltCallback  stm32f4_discovery_audio.o
    0x080032a8   0x00000010   Code   RO         1439    i.HAL_IncTick       stm32f4xx_hal.o
    0x080032b8   0x0000002c   Code   RO         1440    i.HAL_Init          stm32f4xx_hal.o
    0x080032e4   0x00000028   Code   RO         1441    i.HAL_InitTick      stm32f4xx_hal.o
    0x0800330c   0x00000002   Code   RO         1443    i.HAL_MspInit       stm32f4xx_hal.o
    0x0800330e   0x00000016   Code   RO          326    i.HAL_NVIC_EnableIRQ  stm32f4xx_hal_cortex.o
    0x08003324   0x00000040   Code   RO          332    i.HAL_NVIC_SetPriority  stm32f4xx_hal_cortex.o
    0x08003364   0x00000024   Code   RO          333    i.HAL_NVIC_SetPriorityGrouping  stm32f4xx_hal_cortex.o
    0x08003388   0x00000050   Code   RO         1632    i.HAL_RCCEx_GetPeriphCLKConfig  stm32f4xx_hal_rcc_ex.o
    0x080033d8   0x00000150   Code   RO         1633    i.HAL_RCCEx_PeriphCLKConfig  stm32f4xx_hal_rcc_ex.o
    0x08003528   0x0000017c   Code   RO          799    i.HAL_RCC_ClockConfig  stm32f4xx_hal_rcc.o
    0x080036a4   0x00000030   Code   RO          806    i.HAL_RCC_GetPCLK1Freq  stm32f4xx_hal_rcc.o
    0x080036d4   0x00000030   Code   RO          807    i.HAL_RCC_GetPCLK2Freq  stm32f4xx_hal_rcc.o
    0x08003704   0x00000070   Code   RO          808    i.HAL_RCC_GetSysClockFreq  stm32f4xx_hal_rcc.o
    0x08003774   0x000002e4   Code   RO          811    i.HAL_RCC_OscConfig  stm32f4xx_hal_rcc.o
    0x08003a58   0x00000028   Code   RO          337    i.HAL_SYSTICK_Config  stm32f4xx_hal_cortex.o
    0x08003a80   0x00000062   Code   RO         2037    i.HAL_UART_Init     stm32f4xx_hal_uart.o
    0x08003ae2   0x00000002   PAD
    0x08003ae4   0x00000070   Code   RO         2505    i.HAL_UART_MspInit  stm32f4xx_hal_msp.o
    0x08003b54   0x00000002   Code   RO         2410    i.HardFault_Handler  stm32f4xx_it.o
    0x08003b56   0x00000028   Code   RO         1076    i.I2C_IsAcknowledgeFailed  stm32f4xx_hal_i2c.o
    0x08003b7e   0x000000f0   Code   RO         1085    i.I2C_RequestMemoryRead  stm32f4xx_hal_i2c.o
    0x08003c6e   0x00000002   PAD
    0x08003c70   0x000000a0   Code   RO         1086    i.I2C_RequestMemoryWrite  stm32f4xx_hal_i2c.o
    0x08003d10   0x0000004e   Code   RO         1089    i.I2C_WaitOnBTFFlagUntilTimeout  stm32f4xx_hal_i2c.o
    0x08003d5e   0x00000002   PAD
    0x08003d60   0x00000060   Code   RO         1090    i.I2C_WaitOnFlagUntilTimeout  stm32f4xx_hal_i2c.o
    0x08003dc0   0x00000088   Code   RO         1091    i.I2C_WaitOnMasterAddressFlagUntilTimeout  stm32f4xx_hal_i2c.o
    0x08003e48   0x00000062   Code   RO         1092    i.I2C_WaitOnRXNEFlagUntilTimeout  stm32f4xx_hal_i2c.o
    0x08003eaa   0x0000004e   Code   RO         1093    i.I2C_WaitOnTXEFlagUntilTimeout  stm32f4xx_hal_i2c.o
    0x08003ef8   0x00000014   Code   RO         3079    i.I2Cx_Error        stm32f4_discovery.o
    0x08003f0c   0x00000040   Code   RO         3080    i.I2Cx_Init         stm32f4_discovery.o
    0x08003f4c   0x00000088   Code   RO         3081    i.I2Cx_MspInit      stm32f4_discovery.o
    0x08003fd4   0x00000048   Code   RO         2817    i.I2S2_Init         stm32f4_discovery_audio.o
    0x0800401c   0x000000f0   Code   RO         2818    i.I2S2_MspInit      stm32f4_discovery_audio.o
    0x0800410c   0x00000040   Code   RO         2819    i.I2S3_Init         stm32f4_discovery_audio.o
    0x0800414c   0x00000104   Code   RO         2820    i.I2S3_MspInit      stm32f4_discovery_audio.o
    0x08004250   0x0000001e   Code   RO          639    i.I2S_DMAError      stm32f4xx_hal_i2s.o
    0x0800426e   0x00000002   PAD
    0x08004270   0x00000078   Code   RO           22    i.I2S_DMARxCplt     stm32f4xx_hal_i2s_ex.o
    0x080042e8   0x0000000a   Code   RO          640    i.I2S_DMARxHalfCplt  stm32f4xx_hal_i2s.o
    0x080042f2   0x00000002   PAD
    0x080042f4   0x00000078   Code   RO           23    i.I2S_DMATxCplt     stm32f4xx_hal_i2s_ex.o
    0x0800436c   0x0000000a   Code   RO          641    i.I2S_DMATxHalfCplt  stm32f4xx_hal_i2s.o
    0x08004376   0x00000002   PAD
    0x08004378   0x0000004c   Code   RO           24    i.I2S_GetInputClock  stm32f4xx_hal_i2s_ex.o
    0x080043c4   0x00000002   Code   RO         2411    i.MemManage_Handler  stm32f4xx_it.o
    0x080043c6   0x00000002   Code   RO         2412    i.NMI_Handler       stm32f4xx_it.o
    0x080043c8   0x00000020   Code   RO          339    i.NVIC_SetPriority  stm32f4xx_hal_cortex.o
    0x080043e8   0x00000060   Code   RO         2821    i.PDMDecoder_Init   stm32f4_discovery_audio.o
    0x08004448   0x00000002   Code   RO         2413    i.PendSV_Handler    stm32f4xx_it.o
    0x0800444a   0x00000002   Code   RO         2414    i.SVC_Handler       stm32f4xx_it.o
    0x0800444c   0x00000004   Code   RO         2415    i.SysTick_Handler   stm32f4xx_it.o
    0x08004450   0x00000090   Code   RO         2280    i.SystemClock_Config  main.o
    0x080044e0   0x00000054   Code   RO         3203    i.SystemInit        system_stm32f4xx.o
    0x08004534   0x000002ac   Code   RO         2059    i.UART_SetConfig    stm32f4xx_hal_uart.o
    0x080047e0   0x00000002   Code   RO         2416    i.UsageFault_Handler  stm32f4xx_it.o
    0x080047e2   0x00000030   Code   RO         3365    i.__ARM_fpclassify  m_wm.l(fpclassify.o)
    0x08004812   0x00000006   PAD
    0x08004818   0x000000c8   Code   RO         3238    i.__hardfp_cos      m_wm.l(cos.o)
    0x080048e0   0x00000438   Code   RO         3310    i.__ieee754_rem_pio2  m_wm.l(rred.o)
    0x08004d18   0x00000170   Code   RO         3293    i.__kernel_cos      m_wm.l(cos_i.o)
    0x08004e88   0x000000f8   Code   RO         3367    i.__kernel_poly     m_wm.l(poly.o)
    0x08004f80   0x00000130   Code   RO         3315    i.__kernel_sin      m_wm.l(sin_i.o)
    0x080050b0   0x00000014   Code   RO         3297    i.__mathlib_dbl_infnan  m_wm.l(dunder.o)
    0x080050c4   0x00000004   PAD
    0x080050c8   0x00000020   Code   RO         3299    i.__mathlib_dbl_invalid  m_wm.l(dunder.o)
    0x080050e8   0x00000020   Code   RO         3302    i.__mathlib_dbl_underflow  m_wm.l(dunder.o)
    0x08005108   0x0000000e   Code   RO         3377    i.__scatterload_copy  mc_w.l(handlers.o)
    0x08005116   0x00000002   Code   RO         3378    i.__scatterload_null  mc_w.l(handlers.o)
    0x08005118   0x0000000e   Code   RO         3379    i.__scatterload_zeroinit  mc_w.l(handlers.o)
    0x08005126   0x00000002   PAD
    0x08005128   0x0000000c   Code   RO         3343    i.__set_errno       mc_w.l(errno.o)
    0x08005134   0x00000010   Code   RO         3240    i.cos               m_wm.l(cos.o)
    0x08005144   0x00000004   Code   RO         2694    i.cs43l22_DeInit    cs43l22.o
    0x08005148   0x000000e0   Code   RO         2695    i.cs43l22_Init      cs43l22.o
    0x08005228   0x0000001a   Code   RO         2696    i.cs43l22_Pause     cs43l22.o
    0x08005242   0x00000002   PAD
    0x08005244   0x0000003c   Code   RO         2697    i.cs43l22_Play      cs43l22.o
    0x08005280   0x00000016   Code   RO         2698    i.cs43l22_ReadID    cs43l22.o
    0x08005296   0x00000004   Code   RO         2699    i.cs43l22_Reset     cs43l22.o
    0x0800529a   0x00000002   PAD
    0x0800529c   0x0000003c   Code   RO         2700    i.cs43l22_Resume    cs43l22.o
    0x080052d8   0x00000004   Code   RO         2701    i.cs43l22_SetFrequency  cs43l22.o
    0x080052dc   0x00000054   Code   RO         2702    i.cs43l22_SetMute   cs43l22.o
    0x08005330   0x00000050   Code   RO         2703    i.cs43l22_SetOutputMode  cs43l22.o
    0x08005380   0x0000003c   Code   RO         2704    i.cs43l22_SetVolume  cs43l22.o
    0x080053bc   0x00000030   Code   RO         2705    i.cs43l22_Stop      cs43l22.o
    0x080053ec   0x00000018   Code   RO         3361    i.fabs              m_wm.l(fabs.o)
    0x08005404   0x000000e0   Code   RO         2282    i.main              main.o
    0x080054e4   0x0000006e   Code   RO         3252    i.sqrt              m_wm.l(sqrt.o)
    0x08005552   0x00000010   Data   RO          812    .constdata          stm32f4xx_hal_rcc.o
    0x08005562   0x00000008   Data   RO          936    .constdata          stm32f4xx_hal_dma.o
    0x0800556a   0x00000002   PAD
    0x0800556c   0x00000060   Data   RO         2823    .constdata          stm32f4_discovery_audio.o
    0x080055cc   0x0000000c   Data   RO         3085    .constdata          stm32f4_discovery.o
    0x080055d8   0x00000030   Data   RO         3294    .constdata          m_wm.l(cos_i.o)
    0x08005608   0x000000c8   Data   RO         3312    .constdata          m_wm.l(rred.o)
    0x080056d0   0x00000028   Data   RO         3316    .constdata          m_wm.l(sin_i.o)
    0x080056f8   0x00000020   Data   RO         3375    Region$$Table       anon$$obj.o


    Execution Region RW_IRAM1 (Base: 0x20000000, Size: 0x00004b38, Max: 0x00020000, ABSOLUTE, COMPRESSED[0x0000025c])

    Base Addr    Size         Type   Attr      Idx    E Section Name        Object

    0x20000000   0x00000004   Data   RW         1446    .data               stm32f4xx_hal.o
    0x20000004   0x00000014   Data   RW         2288    .data               main.o
    0x20000018   0x00000030   Data   RW         2706    .data               cs43l22.o
    0x20000048   0x00000002   Data   RW         2707    .data               cs43l22.o
    0x2000004a   0x00000002   PAD
    0x2000004c   0x00000008   Data   RW         2824    .data               stm32f4_discovery_audio.o
    0x20000054   0x0000001c   Data   RW         3086    .data               stm32f4_discovery.o
    0x20000070   0x00000014   Data   RW         3204    .data               system_stm32f4xx.o
    0x20000084   0x00000304   Data   RW         3236    .data               libPDMFilter_CM4_Keil.lib(pdm_filter.o)
    0x20000388   0x00000004   Data   RW         3344    .data               mc_w.l(errno.o)
    0x2000038c   0x00004180   Zero   RW         2283    .bss                main.o
    0x2000450c   0x0000017c   Zero   RW         2822    .bss                stm32f4_discovery_audio.o
    0x20004688   0x000000ac   Zero   RW         3084    .bss                stm32f4_discovery.o
    0x20004734   0x00000004   PAD
    0x20004738   0x00000400   Zero   RW            1    STACK               startup_stm32f407xx.o


==============================================================================

Image component sizes


      Code (inc. data)   RO Data    RW Data    ZI Data      Debug   Object Name

       686         28          0         50          0      10133   cs43l22.o
       506         48          0         20      16768      11792   main.o
        36          8        392          0       1024        824   startup_stm32f407xx.o
       562         76         12         28        172       7315   stm32f4_discovery.o
      1212        130         96          8        380      12430   stm32f4_discovery_audio.o
       148         26          0          4          0       5116   stm32f4xx_hal.o
       194         14          0          0          0      30467   stm32f4xx_hal_cortex.o
      1002         22          8          0          0       6448   stm32f4xx_hal_dma.o
       482         56          0          0          0       3107   stm32f4xx_hal_gpio.o
      1998         34          0          0          0      14956   stm32f4xx_hal_i2c.o
       418         24          0          0          0       5181   stm32f4xx_hal_i2s.o
       672         46          0          0          0     308995   stm32f4xx_hal_i2s_ex.o
       112          8          0          0          0        955   stm32f4xx_hal_msp.o
      1328         70         16          0          0       5335   stm32f4xx_hal_rcc.o
       416         26          0          0          0       1975   stm32f4xx_hal_rcc_ex.o
       782          8          0          0          0       2012   stm32f4xx_hal_uart.o
        56          8          0          0          0       5772   stm32f4xx_it.o
        84         18          0         20          0       1113   system_stm32f4xx.o

    ----------------------------------------------------------------------
     10720        650        558        132      18348     433926   Object Totals
         0          0         32          0          0          0   (incl. Generated)
        26          0          2          2          4          0   (incl. Padding)

    ----------------------------------------------------------------------

      Code (inc. data)   RO Data    RW Data    ZI Data      Debug   Library Member Name

      6208        112          0        772          0        380   pdm_filter.o
       216         20          0          0          0        288   cos.o
       368         46         48          0          0        200   cos_i.o
        84         16          0          0          0        372   dunder.o
        24          0          0          0          0        124   fabs.o
        48          0          0          0          0        124   fpclassify.o
       248          0          0          0          0        152   poly.o
      1080        142        200          0          0        188   rred.o
       304         24         40          0          0        208   sin_i.o
       110          0          0          0          0        148   sqrt.o
        86          0          0          0          0          0   __dczerorl2.o
         0          0          0          0          0          0   entry.o
         0          0          0          0          0          0   entry10a.o
         0          0          0          0          0          0   entry11a.o
         8          4          0          0          0          0   entry2.o
         4          0          0          0          0          0   entry5.o
         0          0          0          0          0          0   entry7b.o
         0          0          0          0          0          0   entry8b.o
         8          4          0          0          0          0   entry9a.o
        12          6          0          4          0         68   errno.o
        30          0          0          0          0          0   handlers.o
        36          8          0          0          0         68   init.o
         0          0          0          0          0          0   iusefp.o
        30          0          0          0          0         68   llshl.o
        36          0          0          0          0         68   llsshr.o
        32          0          0          0          0         68   llushr.o
        36          0          0          0          0         68   memcpya.o
        20          0          0          0          0         68   cfrcmple.o
        56          0          0          0          0         88   d2f.o
       334          0          0          0          0        148   dadd.o
       222          0          0          0          0        100   ddiv.o
       186          0          0          0          0        176   depilogue.o
        62          0          0          0          0         80   dfixi.o
        50          0          0          0          0         76   dfixui.o
        34          0          0          0          0         76   dflti.o
        26          0          0          0          0         76   dfltui.o
       228          0          0          0          0         96   dmul.o
        46          0          0          0          0         80   dscalb.o
       162          0          0          0          0        100   dsqrt.o
        38          0          0          0          0         68   f2d.o
       110          0          0          0          0        168   fepilogue.o
        10          0          0          0          0         68   ffltui.o
       100          0          0          0          0         76   fmul.o
        24          0          0          0          0         68   fscalb.o

    ----------------------------------------------------------------------
     10730        382        288        776          0       4204   Library Totals
        14          0          0          0          0          0   (incl. Padding)

    ----------------------------------------------------------------------

      Code (inc. data)   RO Data    RW Data    ZI Data      Debug   Library Name

      6208        112          0        772          0        380   libPDMFilter_CM4_Keil.lib
      2482        248        288          0          0       1804   m_wm.l
       318         22          0          4          0        408   mc_w.l
      1708          0          0          0          0       1612   mf_w.l

    ----------------------------------------------------------------------
     10730        382        288        776          0       4204   Library Totals

    ----------------------------------------------------------------------

==============================================================================


      Code (inc. data)   RO Data    RW Data    ZI Data      Debug   

     21450       1032        846        908      18348     424922   Grand Totals
     21450       1032        846        604      18348     424922   ELF Image Totals (compressed)
     21450       1032        846        604          0          0   ROM Totals

==============================================================================

    Total RO  Size (Code + RO Data)                22296 (  21.77kB)
    Total RW  Size (RW Data + ZI Data)             19256 (  18.80kB)
    Total ROM Size (Code + RO Data + RW Data)      22900 (  22.36kB)

==============================================================================

