Component: ARM Compiler 5.06 update 3 (build 300) Tool: armlink [4d35c9]

==============================================================================

Section Cross References

    startup_stm32f407xx.o(RESET) refers to startup_stm32f407xx.o(STACK) for __initial_sp
    startup_stm32f407xx.o(RESET) refers to startup_stm32f407xx.o(.text) for Reset_Handler
    startup_stm32f407xx.o(RESET) refers to stm32f4xx_it.o(i.NMI_Handler) for NMI_Handler
    startup_stm32f407xx.o(RESET) refers to stm32f4xx_it.o(i.HardFault_Handler) for HardFault_Handler
    startup_stm32f407xx.o(RESET) refers to stm32f4xx_it.o(i.MemManage_Handler) for MemManage_Handler
    startup_stm32f407xx.o(RESET) refers to stm32f4xx_it.o(i.BusFault_Handler) for BusFault_Handler
    startup_stm32f407xx.o(RESET) refers to stm32f4xx_it.o(i.UsageFault_Handler) for UsageFault_Handler
    startup_stm32f407xx.o(RESET) refers to stm32f4xx_it.o(i.SVC_Handler) for SVC_Handler
    startup_stm32f407xx.o(RESET) refers to stm32f4xx_it.o(i.DebugMon_Handler) for DebugMon_Handler
    startup_stm32f407xx.o(RESET) refers to stm32f4xx_it.o(i.PendSV_Handler) for PendSV_Handler
    startup_stm32f407xx.o(RESET) refers to stm32f4xx_it.o(i.SysTick_Handler) for SysTick_Handler
    startup_stm32f407xx.o(RESET) refers to stm32f4xx_it.o(i.EXTI0_IRQHandler) for EXTI0_IRQHandler
    startup_stm32f407xx.o(RESET) refers to stm32f4xx_it.o(i.EXTI1_IRQHandler) for EXTI1_IRQHandler
    startup_stm32f407xx.o(RESET) refers to stm32f4xx_it.o(i.DMA1_Stream3_IRQHandler) for DMA1_Stream3_IRQHandler
    startup_stm32f407xx.o(RESET) refers to stm32f4xx_it.o(i.DMA1_Stream7_IRQHandler) for DMA1_Stream7_IRQHandler
    startup_stm32f407xx.o(.text) refers to system_stm32f4xx.o(i.SystemInit) for SystemInit
    startup_stm32f407xx.o(.text) refers to entry.o(.ARM.Collect$$$$00000000) for __main
    stm32f4xx_hal_i2s_ex.o(i.HAL_I2SEx_TransmitReceive) refers to stm32f4xx_hal_i2s.o(i.I2S_WaitFlagStateUntilTimeout) for I2S_WaitFlagStateUntilTimeout
    stm32f4xx_hal_i2s_ex.o(i.HAL_I2SEx_TransmitReceive) refers to stm32f4xx_hal.o(i.HAL_GetTick) for HAL_GetTick
    stm32f4xx_hal_i2s_ex.o(i.HAL_I2SEx_TransmitReceive_DMA) refers to stm32f4xx_hal_dma.o(i.HAL_DMA_Start_IT) for HAL_DMA_Start_IT
    stm32f4xx_hal_i2s_ex.o(i.HAL_I2SEx_TransmitReceive_DMA) refers to stm32f4xx_hal_i2s.o(i.I2S_DMARxHalfCplt) for I2S_DMARxHalfCplt
    stm32f4xx_hal_i2s_ex.o(i.HAL_I2SEx_TransmitReceive_DMA) refers to stm32f4xx_hal_i2s_ex.o(i.I2S_DMARxCplt) for I2S_DMARxCplt
    stm32f4xx_hal_i2s_ex.o(i.HAL_I2SEx_TransmitReceive_DMA) refers to stm32f4xx_hal_i2s.o(i.I2S_DMAError) for I2S_DMAError
    stm32f4xx_hal_i2s_ex.o(i.HAL_I2SEx_TransmitReceive_DMA) refers to stm32f4xx_hal_i2s.o(i.I2S_DMATxHalfCplt) for I2S_DMATxHalfCplt
    stm32f4xx_hal_i2s_ex.o(i.HAL_I2SEx_TransmitReceive_DMA) refers to stm32f4xx_hal_i2s_ex.o(i.I2S_DMATxCplt) for I2S_DMATxCplt
    stm32f4xx_hal_i2s_ex.o(i.HAL_I2S_DMAStop) refers to stm32f4xx_hal_dma.o(i.HAL_DMA_Abort) for HAL_DMA_Abort
    stm32f4xx_hal_i2s_ex.o(i.HAL_I2S_IRQHandler) refers to stm32f4xx_hal_i2s.o(i.I2S_Receive_IT) for I2S_Receive_IT
    stm32f4xx_hal_i2s_ex.o(i.HAL_I2S_IRQHandler) refers to stm32f4xx_hal_i2s.o(i.I2S_Transmit_IT) for I2S_Transmit_IT
    stm32f4xx_hal_i2s_ex.o(i.HAL_I2S_IRQHandler) refers to stm32f4xx_hal_i2s_ex.o(i.I2SEx_TransmitReceive_IT) for I2SEx_TransmitReceive_IT
    stm32f4xx_hal_i2s_ex.o(i.HAL_I2S_IRQHandler) refers to stm32f4_discovery_audio.o(i.HAL_I2S_ErrorCallback) for HAL_I2S_ErrorCallback
    stm32f4xx_hal_i2s_ex.o(i.HAL_I2S_Init) refers to stm32f4xx_hal_i2s.o(i.HAL_I2S_MspInit) for HAL_I2S_MspInit
    stm32f4xx_hal_i2s_ex.o(i.HAL_I2S_Init) refers to stm32f4xx_hal_i2s_ex.o(i.I2S_GetInputClock) for I2S_GetInputClock
    stm32f4xx_hal_i2s_ex.o(i.I2SEx_TransmitReceive_IT) refers to stm32f4_discovery_audio.o(i.HAL_I2S_TxCpltCallback) for HAL_I2S_TxCpltCallback
    stm32f4xx_hal_i2s_ex.o(i.I2SEx_TransmitReceive_IT) refers to stm32f4_discovery_audio.o(i.HAL_I2S_RxCpltCallback) for HAL_I2S_RxCpltCallback
    stm32f4xx_hal_i2s_ex.o(i.I2S_DMARxCplt) refers to stm32f4_discovery_audio.o(i.HAL_I2S_RxCpltCallback) for HAL_I2S_RxCpltCallback
    stm32f4xx_hal_i2s_ex.o(i.I2S_DMATxCplt) refers to stm32f4_discovery_audio.o(i.HAL_I2S_TxCpltCallback) for HAL_I2S_TxCpltCallback
    stm32f4xx_hal_pwr.o(i.HAL_PWR_PVD_IRQHandler) refers to stm32f4xx_hal_pwr.o(i.HAL_PWR_PVDCallback) for HAL_PWR_PVDCallback
    stm32f4xx_hal_cortex.o(i.HAL_NVIC_SetPriority) refers to stm32f4xx_hal_cortex.o(i.NVIC_SetPriority) for NVIC_SetPriority
    stm32f4xx_hal_cortex.o(i.HAL_SYSTICK_Config) refers to stm32f4xx_hal_cortex.o(i.NVIC_SetPriority) for NVIC_SetPriority
    stm32f4xx_hal_cortex.o(i.HAL_SYSTICK_IRQHandler) refers to stm32f4xx_hal_cortex.o(i.HAL_SYSTICK_Callback) for HAL_SYSTICK_Callback
    stm32f4xx_hal_pwr_ex.o(i.HAL_PWREx_ControlVoltageScaling) refers to stm32f4xx_hal.o(i.HAL_GetTick) for HAL_GetTick
[...]
    .text                                    0x08001a24   Section        0  fmul.o(.text)
    .text                                    0x08001a88   Section        0  fscalb.o(.text)
    .text                                    0x08001aa0   Section        0  dadd.o(.text)
    .text                                    0x08001bee   Section        0  dmul.o(.text)
    .text                                    0x08001cd2   Section        0  ddiv.o(.text)
    .text                                    0x08001db0   Section        0  dscalb.o(.text)
    .text                                    0x08001dde   Section        0  ffltui.o(.text)
    .text                                    0x08001de8   Section        0  dfltui.o(.text)
    .text                                    0x08001e02   Section        0  dfixui.o(.text)
    .text                                    0x08001e34   Section        0  f2d.o(.text)
    .text                                    0x08001e5a   Section        0  d2f.o(.text)
    .text                                    0x08001e94   Section       20  cfrcmple.o(.text)
    .text                                    0x08001ea8   Section        0  llshl.o(.text)
    .text                                    0x08001ec6   Section        0  llushr.o(.text)
    .text                                    0x08001ee6   Section        0  llsshr.o(.text)
    .text                                    0x08001f0a   Section        0  fepilogue.o(.text)
    .text                                    0x08001f0a   Section        0  iusefp.o(.text)
    .text                                    0x08001f78   Section        0  depilogue.o(.text)
    .text                                    0x08002032   Section        0  dsqrt.o(.text)
    .text                                    0x080020d4   Section       36  init.o(.text)
    .text                                    0x080020f8   Section        0  dflti.o(.text)
    .text                                    0x0800211a   Section        0  dfixi.o(.text)
    .text                                    0x08002158   Section        0  __dczerorl2.o(.text)
    i.ACCELERO_IO_ITConfig                   0x080021b0   Section        0  stm32f4_discovery.o(i.ACCELERO_IO_ITConfig)
    i.ACCELERO_IO_Init                       0x080021fc   Section        0  stm32f4_discovery.o(i.ACCELERO_IO_Init)
    i.ACCELERO_IO_Read                       0x08002244   Section        0  stm32f4_discovery.o(i.ACCELERO_IO_Read)
    i.ACCELERO_IO_Write                      0x08002294   Section        0  stm32f4_discovery.o(i.ACCELERO_IO_Write)
    i.AUDIO_IO_DeInit                        0x080022dc   Section        0  stm32f4_discovery.o(i.AUDIO_IO_DeInit)
    i.AUDIO_IO_Init                          0x080022e0   Section        0  stm32f4_discovery.o(i.AUDIO_IO_Init)
    i.AUDIO_IO_Read                          0x08002340   Section        0  stm32f4_discovery.o(i.AUDIO_IO_Read)
    i.AUDIO_IO_Write                         0x0800237c   Section        0  stm32f4_discovery.o(i.AUDIO_IO_Write)
    i.BSP_ACCELERO_GetXYZ                    0x080023b4   Section        0  stm32f4_discovery_accelerometer.o(i.BSP_ACCELERO_GetXYZ)
    i.BSP_ACCELERO_Init                      0x080023e4   Section        0  stm32f4_discovery_accelerometer.o(i.BSP_ACCELERO_Init)
    i.BSP_AUDIO_IN_Error_Callback            0x0800242c   Section        0  main.o(i.BSP_AUDIO_IN_Error_Callback)
    i.BSP_AUDIO_IN_HalfTransfer_CallBack     0x08002430   Section        0  main.o(i.BSP_AUDIO_IN_HalfTransfer_CallBack)
    i.BSP_AUDIO_IN_Init                      0x0800246c   Section        0  stm32f4_discovery_audio.o(i.BSP_AUDIO_IN_Init)
    i.BSP_AUDIO_IN_PDMToPCM                  0x080024b0   Section        0  stm32f4_discovery_audio.o(i.BSP_AUDIO_IN_PDMToPCM)
    i.BSP_AUDIO_IN_Record                    0x080024fc   Section        0  stm32f4_discovery_audio.o(i.BSP_AUDIO_IN_Record)
    i.BSP_AUDIO_IN_TransferComplete_CallBack 0x08002510   Section        0  main.o(i.BSP_AUDIO_IN_TransferComplete_CallBack)
    i.BSP_AUDIO_OUT_Error_CallBack           0x0800254c   Section        0  main.o(i.BSP_AUDIO_OUT_Error_CallBack)
    i.BSP_AUDIO_OUT_HalfTransfer_CallBack    0x08002550   Section        0  stm32f4_discovery_audio.o(i.BSP_AUDIO_OUT_HalfTransfer_CallBack)
    i.BSP_AUDIO_OUT_Init                     0x08002554   Section        0  stm32f4_discovery_audio.o(i.BSP_AUDIO_OUT_Init)
    i.BSP_AUDIO_OUT_Play                     0x080025f0   Section        0  stm32f4_discovery_audio.o(i.BSP_AUDIO_OUT_Play)
    i.BSP_AUDIO_OUT_SetFrequency             0x08002630   Section        0  stm32f4_discovery_audio.o(i.BSP_AUDIO_OUT_SetFrequency)
    i.BSP_AUDIO_OUT_TransferComplete_CallBack 0x08002664   Section        0  main.o(i.BSP_AUDIO_OUT_TransferComplete_CallBack)
    i.BSP_LED_Init                           0x08002690   Section        0  stm32f4_discovery.o(i.BSP_LED_Init)
    i.BSP_LED_Off                            0x080026f4   Section        0  stm32f4_discovery.o(i.BSP_LED_Off)
    i.BSP_LED_On                             0x08002710   Section        0  stm32f4_discovery.o(i.BSP_LED_On)
    i.BSP_LED_Toggle                         0x0800272c   Section        0  stm32f4_discovery.o(i.BSP_LED_Toggle)
    i.BSP_PB_Init                            0x08002744   Section        0  stm32f4_discovery.o(i.BSP_PB_Init)
    i.BusFault_Handler                       0x080027c4   Section        0  stm32f4xx_it.o(i.BusFault_Handler)
    i.CODEC_IO_Write                         0x080027c6   Section        0  cs43l22.o(i.CODEC_IO_Write)
    CODEC_IO_Write                           0x080027c7   Thumb Code    10  cs43l22.o(i.CODEC_IO_Write)
    i.DMA1_Stream3_IRQHandler                0x080027d0   Section        0  stm32f4xx_it.o(i.DMA1_Stream3_IRQHandler)
    i.DMA1_Stream7_IRQHandler                0x080027dc   Section        0  stm32f4xx_it.o(i.DMA1_Stream7_IRQHandler)
    i.DMA_CalcBaseAndBitshift                0x080027e8   Section        0  stm32f4xx_hal_dma.o(i.DMA_CalcBaseAndBitshift)
    DMA_CalcBaseAndBitshift                  0x080027e9   Thumb Code    34  stm32f4xx_hal_dma.o(i.DMA_CalcBaseAndBitshift)
    i.DMA_CheckFifoParam                     0x08002810   Section        0  stm32f4xx_hal_dma.o(i.DMA_CheckFifoParam)
    DMA_CheckFifoParam                       0x08002811   Thumb Code    84  stm32f4xx_hal_dma.o(i.DMA_CheckFifoParam)
    i.DMA_SetConfig                          0x08002864   Section        0  stm32f4xx_hal_dma.o(i.DMA_SetConfig)
    DMA_SetConfig                            0x08002865   Thumb Code    40  stm32f4xx_hal_dma.o(i.DMA_SetConfig)
    i.DebugMon_Handler                       0x0800288c   Section        0  stm32f4xx_it.o(i.DebugMon_Handler)
    i.EXTI0_IRQHandler                       0x0800288e   Section        0  stm32f4xx_it.o(i.EXTI0_IRQHandler)
    i.EXTI1_IRQHandler                       0x08002894   Section        0  stm32f4xx_it.o(i.EXTI1_IRQHandler)
    i.Error_Handler                          0x0800289c   Section        0  main.o(i.Error_Handler)
    i.HAL_DMA_DeInit                         0x080028a8   Section        0  stm32f4xx_hal_dma.o(i.HAL_DMA_DeInit)
    i.HAL_DMA_IRQHandler                     0x08002900   Section        0  stm32f4xx_hal_dma.o(i.HAL_DMA_IRQHandler)
    i.HAL_DMA_Init                           0x08002aa8   Section        0  stm32f4xx_hal_dma.o(i.HAL_DMA_Init)
    i.HAL_DMA_Start_IT                       0x08002b78   Section        0  stm32f4xx_hal_dma.o(i.HAL_DMA_Start_IT)
    i.HAL_Delay                              0x08002bf0   Section        0  stm32f4xx_hal.o(i.HAL_Delay)
    i.HAL_GPIO_EXTI_Callback                 0x08002c06   Section        0  main.o(i.HAL_GPIO_EXTI_Callback)
    i.HAL_GPIO_EXTI_IRQHandler               0x08002c08   Section        0  stm32f4xx_hal_gpio.o(i.HAL_GPIO_EXTI_IRQHandler)
    i.HAL_GPIO_Init                          0x08002c20   Section        0  stm32f4xx_hal_gpio.o(i.HAL_GPIO_Init)
    i.HAL_GPIO_TogglePin                     0x08002de0   Section        0  stm32f4xx_hal_gpio.o(i.HAL_GPIO_TogglePin)
    i.HAL_GPIO_WritePin                      0x08002de8   Section        0  stm32f4xx_hal_gpio.o(i.HAL_GPIO_WritePin)
    i.HAL_GetREVID                           0x08002df4   Section        0  stm32f4xx_hal.o(i.HAL_GetREVID)
    i.HAL_GetTick                            0x08002e00   Section        0  stm32f4xx_hal.o(i.HAL_GetTick)
    i.HAL_I2C_DeInit                         0x08002e0c   Section        0  stm32f4xx_hal_i2c.o(i.HAL_I2C_DeInit)
    i.HAL_I2C_GetState                       0x08002e3e   Section        0  stm32f4xx_hal_i2c.o(i.HAL_I2C_GetState)
    i.HAL_I2C_Init                           0x08002e44   Section        0  stm32f4xx_hal_i2c.o(i.HAL_I2C_Init)
    i.HAL_I2C_Mem_Read                       0x08002f4c   Section        0  stm32f4xx_hal_i2c.o(i.HAL_I2C_Mem_Read)
    i.HAL_I2C_Mem_Write                      0x08003138   Section        0  stm32f4xx_hal_i2c.o(i.HAL_I2C_Mem_Write)
    i.HAL_I2C_MspDeInit                      0x08003238   Section        0  stm32f4xx_hal_i2c.o(i.HAL_I2C_MspDeInit)
    i.HAL_I2C_MspInit                        0x0800323a   Section        0  stm32f4xx_hal_i2c.o(i.HAL_I2C_MspInit)
    i.HAL_I2S_ErrorCallback                  0x0800323c   Section        0  stm32f4_discovery_audio.o(i.HAL_I2S_ErrorCallback)
    i.HAL_I2S_GetState                       0x08003264   Section        0  stm32f4xx_hal_i2s.o(i.HAL_I2S_GetState)
    i.HAL_I2S_Init                           0x0800326c   Section        0  stm32f4xx_hal_i2s_ex.o(i.HAL_I2S_Init)
    i.HAL_I2S_MspInit                        0x080033d0   Section        0  stm32f4xx_hal_i2s.o(i.HAL_I2S_MspInit)
    i.HAL_I2S_Receive_DMA                    0x080033d4   Section        0  stm32f4xx_hal_i2s.o(i.HAL_I2S_Receive_DMA)
    i.HAL_I2S_RxCpltCallback                 0x08003494   Section        0  stm32f4_discovery_audio.o(i.HAL_I2S_RxCpltCallback)
    i.HAL_I2S_RxHalfCpltCallback             0x0800349c   Section        0  stm32f4_discovery_audio.o(i.HAL_I2S_RxHalfCpltCallback)
    i.HAL_I2S_Transmit_DMA                   0x080034a4   Section        0  stm32f4xx_hal_i2s.o(i.HAL_I2S_Transmit_DMA)
    i.HAL_I2S_TxCpltCallback                 0x0800354c   Section        0  stm32f4_discovery_audio.o(i.HAL_I2S_TxCpltCallback)
    i.HAL_I2S_TxHalfCpltCallback             0x08003560   Section        0  stm32f4_discovery_audio.o(i.HAL_I2S_TxHalfCpltCallback)
    i.HAL_IncTick                            0x08003574   Section        0  stm32f4xx_hal.o(i.HAL_IncTick)
    i.HAL_Init                               0x08003584   Section        0  stm32f4xx_hal.o(i.HAL_Init)
    i.HAL_InitTick                           0x080035b0   Section        0  stm32f4xx_hal.o(i.HAL_InitTick)
    i.HAL_MspInit                            0x080035d8   Section        0  stm32f4xx_hal.o(i.HAL_MspInit)
    i.HAL_NVIC_EnableIRQ                     0x080035da   Section        0  stm32f4xx_hal_cortex.o(i.HAL_NVIC_EnableIRQ)
    i.HAL_NVIC_SetPriority                   0x080035f0   Section        0  stm32f4xx_hal_cortex.o(i.HAL_NVIC_SetPriority)
    i.HAL_NVIC_SetPriorityGrouping           0x08003630   Section        0  stm32f4xx_hal_cortex.o(i.HAL_NVIC_SetPriorityGrouping)
    i.HAL_RCCEx_GetPeriphCLKConfig           0x08003654   Section        0  stm32f4xx_hal_rcc_ex.o(i.HAL_RCCEx_GetPeriphCLKConfig)
    i.HAL_RCCEx_PeriphCLKConfig              0x080036a4   Section        0  stm32f4xx_hal_rcc_ex.o(i.HAL_RCCEx_PeriphCLKConfig)
    i.HAL_RCC_ClockConfig                    0x080037f4   Section        0  stm32f4xx_hal_rcc.o(i.HAL_RCC_ClockConfig)
    i.HAL_RCC_GetPCLK1Freq                   0x08003970   Section        0  stm32f4xx_hal_rcc.o(i.HAL_RCC_GetPCLK1Freq)
    i.HAL_RCC_GetPCLK2Freq                   0x080039a0   Section        0  stm32f4xx_hal_rcc.o(i.HAL_RCC_GetPCLK2Freq)
    i.HAL_RCC_GetSysClockFreq                0x080039d0   Section        0  stm32f4xx_hal_rcc.o(i.HAL_RCC_GetSysClockFreq)
    i.HAL_RCC_OscConfig                      0x08003a40   Section        0  stm32f4xx_hal_rcc.o(i.HAL_RCC_OscConfig)
    i.HAL_SPI_DeInit                         0x08003d24   Section        0  stm32f4xx_hal_spi.o(i.HAL_SPI_DeInit)
    i.HAL_SPI_GetState                       0x08003d52   Section        0  stm32f4xx_hal_spi.o(i.HAL_SPI_GetState)
    i.HAL_SPI_Init                           0x08003d58   Section        0  stm32f4xx_hal_spi.o(i.HAL_SPI_Init)
    i.HAL_SPI_MspDeInit                      0x08003de4   Section        0  stm32f4xx_hal_spi.o(i.HAL_SPI_MspDeInit)
    i.HAL_SPI_MspInit                        0x08003de6   Section        0  stm32f4xx_hal_spi.o(i.HAL_SPI_MspInit)
    i.HAL_SPI_TransmitReceive                0x08003de8   Section        0  stm32f4xx_hal_spi.o(i.HAL_SPI_TransmitReceive)
    i.HAL_SYSTICK_Config                     0x08004056   Section        0  stm32f4xx_hal_cortex.o(i.HAL_SYSTICK_Config)
    i.HAL_UART_Init                          0x0800407e   Section        0  stm32f4xx_hal_uart.o(i.HAL_UART_Init)
    i.HAL_UART_MspInit                       0x080040e0   Section        0  stm32f4xx_hal_msp.o(i.HAL_UART_MspInit)
    i.HardFault_Handler                      0x08004150   Section        0  stm32f4xx_it.o(i.HardFault_Handler)
    i.I2C_IsAcknowledgeFailed                0x08004152   Section        0  stm32f4xx_hal_i2c.o(i.I2C_IsAcknowledgeFailed)
    I2C_IsAcknowledgeFailed                  0x08004153   Thumb Code    40  stm32f4xx_hal_i2c.o(i.I2C_IsAcknowledgeFailed)
    i.I2C_RequestMemoryRead                  0x0800417a   Section        0  stm32f4xx_hal_i2c.o(i.I2C_RequestMemoryRead)
    I2C_RequestMemoryRead                    0x0800417b   Thumb Code   240  stm32f4xx_hal_i2c.o(i.I2C_RequestMemoryRead)
    i.I2C_RequestMemoryWrite                 0x0800426c   Section        0  stm32f4xx_hal_i2c.o(i.I2C_RequestMemoryWrite)
    I2C_RequestMemoryWrite                   0x0800426d   Thumb Code   156  stm32f4xx_hal_i2c.o(i.I2C_RequestMemoryWrite)
    i.I2C_WaitOnBTFFlagUntilTimeout          0x0800430c   Section        0  stm32f4xx_hal_i2c.o(i.I2C_WaitOnBTFFlagUntilTimeout)
    I2C_WaitOnBTFFlagUntilTimeout            0x0800430d   Thumb Code    78  stm32f4xx_hal_i2c.o(i.I2C_WaitOnBTFFlagUntilTimeout)
    i.I2C_WaitOnFlagUntilTimeout             0x0800435c   Section        0  stm32f4xx_hal_i2c.o(i.I2C_WaitOnFlagUntilTimeout)
    I2C_WaitOnFlagUntilTimeout               0x0800435d   Thumb Code    96  stm32f4xx_hal_i2c.o(i.I2C_WaitOnFlagUntilTimeout)
    i.I2C_WaitOnMasterAddressFlagUntilTimeout 0x080043bc   Section        0  stm32f4xx_hal_i2c.o(i.I2C_WaitOnMasterAddressFlagUntilTimeout)
    I2C_WaitOnMasterAddressFlagUntilTimeout  0x080043bd   Thumb Code   136  stm32f4xx_hal_i2c.o(i.I2C_WaitOnMasterAddressFlagUntilTimeout)
    i.I2C_WaitOnRXNEFlagUntilTimeout         0x08004444   Section        0  stm32f4xx_hal_i2c.o(i.I2C_WaitOnRXNEFlagUntilTimeout)
    I2C_WaitOnRXNEFlagUntilTimeout           0x08004445   Thumb Code    98  stm32f4xx_hal_i2c.o(i.I2C_WaitOnRXNEFlagUntilTimeout)
    i.I2C_WaitOnTXEFlagUntilTimeout          0x080044a6   Section        0  stm32f4xx_hal_i2c.o(i.I2C_WaitOnTXEFlagUntilTimeout)
    I2C_WaitOnTXEFlagUntilTimeout            0x080044a7   Thumb Code    78  stm32f4xx_hal_i2c.o(i.I2C_WaitOnTXEFlagUntilTimeout)
    i.I2Cx_Error                             0x080044f4   Section        0  stm32f4_discovery.o(i.I2Cx_Error)
    I2Cx_Error                               0x080044f5   Thumb Code    16  stm32f4_discovery.o(i.I2Cx_Error)
    i.I2Cx_Init                              0x08004508   Section        0  stm32f4_discovery.o(i.I2Cx_Init)
    I2Cx_Init                                0x08004509   Thumb Code    52  stm32f4_discovery.o(i.I2Cx_Init)
    i.I2Cx_MspInit                           0x08004548   Section        0  stm32f4_discovery.o(i.I2Cx_MspInit)
    I2Cx_MspInit                             0x08004549   Thumb Code   128  stm32f4_discovery.o(i.I2Cx_MspInit)
    i.I2S2_Init                              0x080045d0   Section        0  stm32f4_discovery_audio.o(i.I2S2_Init)
    I2S2_Init                                0x080045d1   Thumb Code    64  stm32f4_discovery_audio.o(i.I2S2_Init)
    i.I2S2_MspInit                           0x08004618   Section        0  stm32f4_discovery_audio.o(i.I2S2_MspInit)
    I2S2_MspInit                             0x08004619   Thumb Code   216  stm32f4_discovery_audio.o(i.I2S2_MspInit)
    i.I2S3_Init                              0x08004708   Section        0  stm32f4_discovery_audio.o(i.I2S3_Init)
    I2S3_Init                                0x08004709   Thumb Code    56  stm32f4_discovery_audio.o(i.I2S3_Init)
    i.I2S3_MspInit                           0x08004748   Section        0  stm32f4_discovery_audio.o(i.I2S3_MspInit)
    I2S3_MspInit                             0x08004749   Thumb Code   236  stm32f4_discovery_audio.o(i.I2S3_MspInit)
    i.I2S_DMAError                           0x0800484c   Section        0  stm32f4xx_hal_i2s.o(i.I2S_DMAError)
    i.I2S_DMARxCplt                          0x0800486c   Section        0  stm32f4xx_hal_i2s_ex.o(i.I2S_DMARxCplt)
    i.I2S_DMARxHalfCplt                      0x080048e4   Section        0  stm32f4xx_hal_i2s.o(i.I2S_DMARxHalfCplt)
    i.I2S_DMATxCplt                          0x080048f0   Section        0  stm32f4xx_hal_i2s_ex.o(i.I2S_DMATxCplt)
    i.I2S_DMATxHalfCplt                      0x08004968   Section        0  stm32f4xx_hal_i2s.o(i.I2S_DMATxHalfCplt)
    i.I2S_GetInputClock                      0x08004974   Section        0  stm32f4xx_hal_i2s_ex.o(i.I2S_GetInputClock)
    i.LIS302DL_Click_IntClear                0x080049c0   Section        0  lis302dl.o(i.LIS302DL_Click_IntClear)
    i.LIS302DL_Click_IntConfig               0x080049de   Section        0  lis302dl.o(i.LIS302DL_Click_IntConfig)
    i.LIS302DL_DeInit                        0x08004a82   Section        0  lis302dl.o(i.LIS302DL_DeInit)
    i.LIS302DL_FilterConfig                  0x08004a84   Section        0  lis302dl.o(i.LIS302DL_FilterConfig)
    i.LIS302DL_Init                          0x08004ab2   Section        0  lis302dl.o(i.LIS302DL_Init)
    i.LIS302DL_InterruptConfig               0x08004ad0   Section        0  lis302dl.o(i.LIS302DL_InterruptConfig)
    i.LIS302DL_ReadACC                       0x08004b00   Section        0  lis302dl.o(i.LIS302DL_ReadACC)
    i.LIS302DL_ReadID                        0x08004b68   Section        0  lis302dl.o(i.LIS302DL_ReadID)
    i.LIS302DL_RebootCmd                     0x08004b84   Section        0  lis302dl.o(i.LIS302DL_RebootCmd)
    i.LIS3DSH_Click_IntConfig                0x08004ba8   Section        0  lis3dsh.o(i.LIS3DSH_Click_IntConfig)
    i.LIS3DSH_DeInit                         0x08004c7a   Section        0  lis3dsh.o(i.LIS3DSH_DeInit)
    i.LIS3DSH_Init                           0x08004c7c   Section        0  lis3dsh.o(i.LIS3DSH_Init)
    i.LIS3DSH_InterruptConfig                0x08004caa   Section        0  lis3dsh.o(i.LIS3DSH_InterruptConfig)
    i.LIS3DSH_ReadACC                        0x08004cf8   Section        0  lis3dsh.o(i.LIS3DSH_ReadACC)
    i.LIS3DSH_ReadID                         0x08004dd4   Section        0  lis3dsh.o(i.LIS3DSH_ReadID)
    i.LIS3DSH_RebootCmd                      0x08004df0   Section        0  lis3dsh.o(i.LIS3DSH_RebootCmd)
    i.MemManage_Handler                      0x08004e14   Section        0  stm32f4xx_it.o(i.MemManage_Handler)
    i.NMI_Handler                            0x08004e16   Section        0  stm32f4xx_it.o(i.NMI_Handler)
    i.NVIC_SetPriority                       0x08004e18   Section        0  stm32f4xx_hal_cortex.o(i.NVIC_SetPriority)
    NVIC_SetPriority                         0x08004e19   Thumb Code    32  stm32f4xx_hal_cortex.o(i.NVIC_SetPriority)
    i.PDMDecoder_Init                        0x08004e38   Section        0  stm32f4_discovery_audio.o(i.PDMDecoder_Init)
    PDMDecoder_Init                          0x08004e39   Thumb Code    86  stm32f4_discovery_audio.o(i.PDMDecoder_Init)
    i.PendSV_Handler                         0x08004e98   Section        0  stm32f4xx_it.o(i.PendSV_Handler)
    i.SPI_CheckFlag_BSY                      0x08004e9a   Section        0  stm32f4xx_hal_spi.o(i.SPI_CheckFlag_BSY)
    SPI_CheckFlag_BSY                        0x08004e9b   Thumb Code    32  stm32f4xx_hal_spi.o(i.SPI_CheckFlag_BSY)
    i.SPI_WaitFlagStateUntilTimeout          0x08004eba   Section        0  stm32f4xx_hal_spi.o(i.SPI_WaitFlagStateUntilTimeout)
    SPI_WaitFlagStateUntilTimeout            0x08004ebb   Thumb Code   150  stm32f4xx_hal_spi.o(i.SPI_WaitFlagStateUntilTimeout)
    i.SPIx_Init                              0x08004f50   Section        0  stm32f4_discovery.o(i.SPIx_Init)
    SPIx_Init                                0x08004f51   Thumb Code   136  stm32f4_discovery.o(i.SPIx_Init)
    i.SPIx_WriteRead                         0x08004fe8   Section        0  stm32f4_discovery.o(i.SPIx_WriteRead)
    SPIx_WriteRead                           0x08004fe9   Thumb Code    46  stm32f4_discovery.o(i.SPIx_WriteRead)
    i.SVC_Handler                            0x08005020   Section        0  stm32f4xx_it.o(i.SVC_Handler)
    i.SysTick_Handler                        0x08005022   Section        0  stm32f4xx_it.o(i.SysTick_Handler)
    i.SystemClock_Config                     0x08005028   Section        0  main.o(i.SystemClock_Config)
    SystemClock_Config                       0x08005029   Thumb Code   130  main.o(i.SystemClock_Config)
    i.SystemInit                             0x080050b8   Section        0  system_stm32f4xx.o(i.SystemInit)
    i.UART_SetConfig                         0x0800510c   Section        0  stm32f4xx_hal_uart.o(i.UART_SetConfig)
    UART_SetConfig                           0x0800510d   Thumb Code   676  stm32f4xx_hal_uart.o(i.UART_SetConfig)
    i.UsageFault_Handler                     0x080053b8   Section        0  stm32f4xx_it.o(i.UsageFault_Handler)
    i.__ARM_fpclassify                       0x080053ba   Section        0  fpclassify.o(i.__ARM_fpclassify)
    i.__hardfp_cos                           0x080053f0   Section        0  cos.o(i.__hardfp_cos)
    i.__ieee754_rem_pio2                     0x080054b8   Section        0  rred.o(i.__ieee754_rem_pio2)
    i.__kernel_cos                           0x080058f0   Section        0  cos_i.o(i.__kernel_cos)
    i.__kernel_poly                          0x08005a60   Section        0  poly.o(i.__kernel_poly)
    i.__kernel_sin                           0x08005b58   Section        0  sin_i.o(i.__kernel_sin)
    i.__mathlib_dbl_infnan                   0x08005c88   Section        0  dunder.o(i.__mathlib_dbl_infnan)
    i.__mathlib_dbl_invalid                  0x08005ca0   Section        0  dunder.o(i.__mathlib_dbl_invalid)
    i.__mathlib_dbl_underflow                0x08005cc0   Section        0  dunder.o(i.__mathlib_dbl_underflow)
    i.__scatterload_copy                     0x08005ce0   Section       14  handlers.o(i.__scatterload_copy)
    i.__scatterload_null                     0x08005cee   Section        2  handlers.o(i.__scatterload_null)
    i.__scatterload_zeroinit                 0x08005cf0   Section       14  handlers.o(i.__scatterload_zeroinit)
    i.__set_errno                            0x08005d00   Section        0  errno.o(i.__set_errno)
    i.cos                                    0x08005d0c   Section        0  cos.o(i.cos)
    i.cs43l22_DeInit                         0x08005d1c   Section        0  cs43l22.o(i.cs43l22_DeInit)
    i.cs43l22_Init                           0x08005d20   Section        0  cs43l22.o(i.cs43l22_Init)
    i.cs43l22_Pause                          0x08005e00   Section        0  cs43l22.o(i.cs43l22_Pause)
    i.cs43l22_Play                           0x08005e1c   Section        0  cs43l22.o(i.cs43l22_Play)
    i.cs43l22_ReadID                         0x08005e58   Section        0  cs43l22.o(i.cs43l22_ReadID)
    i.cs43l22_Reset                          0x08005e6e   Section        0  cs43l22.o(i.cs43l22_Reset)
    i.cs43l22_Resume                         0x08005e74   Section        0  cs43l22.o(i.cs43l22_Resume)
    i.cs43l22_SetFrequency                   0x08005eb0   Section        0  cs43l22.o(i.cs43l22_SetFrequency)
    i.cs43l22_SetMute                        0x08005eb4   Section        0  cs43l22.o(i.cs43l22_SetMute)
    i.cs43l22_SetOutputMode                  0x08005f08   Section        0  cs43l22.o(i.cs43l22_SetOutputMode)
    i.cs43l22_SetVolume                      0x08005f58   Section        0  cs43l22.o(i.cs43l22_SetVolume)
    i.cs43l22_Stop                           0x08005f94   Section        0  cs43l22.o(i.cs43l22_Stop)
    i.fabs                                   0x08005fc4   Section        0  fabs.o(i.fabs)
    i.main                                   0x08005fdc   Section        0  main.o(i.main)
    i.sqrt                                   0x08006144   Section        0  sqrt.o(i.sqrt)
    .constdata                               0x080061b2   Section       16  stm32f4xx_hal_rcc.o(.constdata)
    .constdata                               0x080061c2   Section        8  stm32f4xx_hal_dma.o(.constdata)
    flagBitshiftOffset                       0x080061c2   Data           8  stm32f4xx_hal_dma.o(.constdata)
    .constdata                               0x080061cc   Section       96  stm32f4_discovery_audio.o(.constdata)
    .constdata                               0x0800622c   Section       12  stm32f4_discovery.o(.constdata)
    .constdata                               0x08006238   Section       48  cos_i.o(.constdata)
    C                                        0x08006238   Data          48  cos_i.o(.constdata)
    .constdata                               0x08006268   Section      200  rred.o(.constdata)
    pio2s                                    0x08006268   Data          48  rred.o(.constdata)
    twooverpi                                0x08006298   Data         152  rred.o(.constdata)
    .constdata                               0x08006330   Section       40  sin_i.o(.constdata)
    S                                        0x08006330   Data          40  sin_i.o(.constdata)
    .data                                    0x20000000   Section        4  stm32f4xx_hal.o(.data)
    .data                                    0x20000004   Section       34  main.o(.data)
    .data                                    0x20000028   Section       52  lis302dl.o(.data)
    .data                                    0x2000005c   Section       52  lis3dsh.o(.data)
    .data                                    0x20000090   Section       48  cs43l22.o(.data)
    .data                                    0x200000c0   Section        2  cs43l22.o(.data)
    Is_cs43l22_Stop                          0x200000c0   Data           1  cs43l22.o(.data)
    .data                                    0x200000c4   Section        8  stm32f4_discovery_audio.o(.data)
    pAudioDrv                                0x200000c8   Data           4  stm32f4_discovery_audio.o(.data)
    .data                                    0x200000cc   Section        4  stm32f4_discovery_accelerometer.o(.data)
    AcceleroDrv                              0x200000cc   Data           4  stm32f4_discovery_accelerometer.o(.data)
    .data                                    0x200000d0   Section       28  stm32f4_discovery.o(.data)
    .data                                    0x200000ec   Section       20  system_stm32f4xx.o(.data)
    .data                                    0x20000100   Section      772  pdm_filter.o(.data)
    .data                                    0x20000404   Section        4  errno.o(.data)
    _errno                                   0x20000404   Data           4  errno.o(.data)
    .bss                                     0x20000408   Section    16768  main.o(.bss)
    RecBuf                                   0x20004448   Data          64  main.o(.bss)
    InternalBuffer                           0x20004488   Data         256  main.o(.bss)
    .bss                                     0x20004588   Section      380  stm32f4_discovery_audio.o(.bss)
    hdma_i2sTx                               0x20004588   Data          96  stm32f4_discovery_audio.o(.bss)
    hdma_i2sRx                               0x200045e8   Data          96  stm32f4_discovery_audio.o(.bss)
    .bss                                     0x20004704   Section      172  stm32f4_discovery.o(.bss)
    SpiHandle                                0x20004704   Data          88  stm32f4_discovery.o(.bss)
    I2cHandle                                0x2000475c   Data          84  stm32f4_discovery.o(.bss)
    STACK                                    0x200047b0   Section     1024  startup_stm32f407xx.o(STACK)

    Global Symbols

    Symbol Name                              Value     Ov Type        Size  Object(Section)

    BuildAttributes$$THM_ISAv4$E$P$D$K$B$S$7EM$VFPi3$EXTD16$VFPS$VFMA$PE$A:L22UL41UL21$X:L11$S22US41US21$IEEE1$IW$USESV6$~STKCKD$USESV7$~SHL$OTIME$ROPI$IEEEX$EBA8$MICROLIB$REQ8$PRES8$EABIv2 0x00000000   Number         0  anon$$obj.o ABSOLUTE
    __ARM_use_no_argv                        0x00000000   Number         0  main.o ABSOLUTE
    __cpp_initialize__aeabi_                  - Undefined Weak Reference
    __cxa_finalize                            - Undefined Weak Reference
    _clock_init                               - Undefined Weak Reference
    _microlib_exit                            - Undefined Weak Reference
    __Vectors_Size                           0x00000188   Number         0  startup_stm32f407xx.o ABSOLUTE
    __Vectors                                0x08000000   Data           4  startup_stm32f407xx.o(RESET)
    __Vectors_End                            0x08000188   Data           0  startup_stm32f407xx.o(RESET)
    __main                                   0x08000189   Thumb Code     0  entry.o(.ARM.Collect$$$$00000000)
    _main_stk                                0x08000189   Thumb Code     0  entry2.o(.ARM.Collect$$$$00000001)
    _main_scatterload                        0x0800018d   Thumb Code     0  entry5.o(.ARM.Collect$$$$00000004)
    __main_after_scatterload                 0x08000191   Thumb Code     0  entry5.o(.ARM.Collect$$$$00000004)
    _main_clock                              0x08000191   Thumb Code     0  entry7b.o(.ARM.Collect$$$$00000008)
    _main_cpp_init                           0x08000191   Thumb Code     0  entry8b.o(.ARM.Collect$$$$0000000A)
    _main_init                               0x08000191   Thumb Code     0  entry9a.o(.ARM.Collect$$$$0000000B)
    __rt_final_cpp                           0x08000199   Thumb Code     0  entry10a.o(.ARM.Collect$$$$0000000D)
    __rt_final_exit                          0x08000199   Thumb Code     0  entry11a.o(.ARM.Collect$$$$0000000F)
    Reset_Handler                            0x0800019d   Thumb Code     8  startup_stm32f407xx.o(.text)
    ADC_IRQHandler                           0x080001b7   Thumb Code     0  startup_stm32f407xx.o(.text)
    CAN1_RX0_IRQHandler                      0x080001b7   Thumb Code     0  startup_stm32f407xx.o(.text)
    CAN1_RX1_IRQHandler                      0x080001b7   Thumb Code     0  startup_stm32f407xx.o(.text)
    CAN1_SCE_IRQHandler                      0x080001b7   Thumb Code     0  startup_stm32f407xx.o(.text)
    CAN1_TX_IRQHandler                       0x080001b7   Thumb Code     0  startup_stm32f407xx.o(.text)
    CAN2_RX0_IRQHandler                      0x080001b7   Thumb Code     0  startup_stm32f407xx.o(.text)
    CAN2_RX1_IRQHandler                      0x080001b7   Thumb Code     0  startup_stm32f407xx.o(.text)
    CAN2_SCE_IRQHandler                      0x080001b7   Thumb Code     0  startup_stm32f407xx.o(.text)
    CAN2_TX_IRQHandler                       0x080001b7   Thumb Code     0  startup_stm32f407xx.o(.text)
    DCMI_IRQHandler                          0x080001b7   Thumb Code     0  startup_stm32f407xx.o(.text)
    DMA1_Stream0_IRQHandler                  0x080001b7   Thumb Code     0  startup_stm32f407xx.o(.text)
    DMA1_Stream1_IRQHandler                  0x080001b7   Thumb Code     0  startup_stm32f407xx.o(.text)
    DMA1_Stream2_IRQHandler                  0x080001b7   Thumb Code     0  startup_stm32f407xx.o(.text)
    DMA1_Stream4_IRQHandler                  0x080001b7   Thumb Code     0  startup_stm32f407xx.o(.text)
    DMA1_Stream5_IRQHandler                  0x080001b7   Thumb Code     0  startup_stm32f407xx.o(.text)
    DMA1_Stream6_IRQHandler                  0x080001b7   Thumb Code     0  startup_stm32f407xx.o(.text)
    DMA2_Stream0_IRQHandler                  0x080001b7   Thumb Code     0  startup_stm32f407xx.o(.text)
    DMA2_Stream1_IRQHandler                  0x080001b7   Thumb Code     0  startup_stm32f407xx.o(.text)
    DMA2_Stream2_IRQHandler                  0x080001b7   Thumb Code     0  startup_stm32f407xx.o(.text)
    DMA2_Stream3_IRQHandler                  0x080001b7   Thumb Code     0  startup_stm32f407xx.o(.text)
    DMA2_Stream4_IRQHandler                  0x080001b7   Thumb Code     0  startup_stm32f407xx.o(.text)
    DMA2_Stream5_IRQHandler                  0x080001b7   Thumb Code     0  startup_stm32f407xx.o(.text)
    DMA2_Stream6_IRQHandler                  0x080001b7   Thumb Code     0  startup_stm32f407xx.o(.text)
    DMA2_Stream7_IRQHandler                  0x080001b7   Thumb Code     0  startup_stm32f407xx.o(.text)
    ETH_IRQHandler                           0x080001b7   Thumb Code     0  startup_stm32f407xx.o(.text)
    ETH_WKUP_IRQHandler                      0x080001b7   Thumb Code     0  startup_stm32f407xx.o(.text)
    EXTI15_10_IRQHandler                     0x080001b7   Thumb Code     0  startup_stm32f407xx.o(.text)
    EXTI2_IRQHandler                         0x080001b7   Thumb Code     0  startup_stm32f407xx.o(.text)
    EXTI3_IRQHandler                         0x080001b7   Thumb Code     0  startup_stm32f407xx.o(.text)
    EXTI4_IRQHandler                         0x080001b7   Thumb Code     0  startup_stm32f407xx.o(.text)
    EXTI9_5_IRQHandler                       0x080001b7   Thumb Code     0  startup_stm32f407xx.o(.text)
    FLASH_IRQHandler                         0x080001b7   Thumb Code     0  startup_stm32f407xx.o(.text)
    FMC_IRQHandler                           0x080001b7   Thumb Code     0  startup_stm32f407xx.o(.text)
    FPU_IRQHandler                           0x080001b7   Thumb Code     0  startup_stm32f407xx.o(.text)
    HASH_RNG_IRQHandler                      0x080001b7   Thumb Code     0  startup_stm32f407xx.o(.text)
    I2C1_ER_IRQHandler                       0x080001b7   Thumb Code     0  startup_stm32f407xx.o(.text)
    I2C1_EV_IRQHandler                       0x080001b7   Thumb Code     0  startup_stm32f407xx.o(.text)
    I2C2_ER_IRQHandler                       0x080001b7   Thumb Code     0  startup_stm32f407xx.o(.text)
    I2C2_EV_IRQHandler                       0x080001b7   Thumb Code     0  startup_stm32f407xx.o(.text)
    I2C3_ER_IRQHandler                       0x080001b7   Thumb Code     0  startup_stm32f407xx.o(.text)
    I2C3_EV_IRQHandler                       0x080001b7   Thumb Code     0  startup_stm32f407xx.o(.text)
    OTG_FS_IRQHandler                        0x080001b7   Thumb Code     0  startup_stm32f407xx.o(.text)
    OTG_FS_WKUP_IRQHandler                   0x080001b7   Thumb Code     0  startup_stm32f407xx.o(.text)
    OTG_HS_EP1_IN_IRQHandler                 0x080001b7   Thumb Code     0  startup_stm32f407xx.o(.text)
    OTG_HS_EP1_OUT_IRQHandler                0x080001b7   Thumb Code     0  startup_stm32f407xx.o(.text)
    OTG_HS_IRQHandler                        0x080001b7   Thumb Code     0  startup_stm32f407xx.o(.text)
    OTG_HS_WKUP_IRQHandler                   0x080001b7   Thumb Code     0  startup_stm32f407xx.o(.text)
    PVD_IRQHandler                           0x080001b7   Thumb Code     0  startup_stm32f407xx.o(.text)
    RCC_IRQHandler                           0x080001b7   Thumb Code     0  startup_stm32f407xx.o(.text)
    RTC_Alarm_IRQHandler                     0x080001b7   Thumb Code     0  startup_stm32f407xx.o(.text)
    RTC_WKUP_IRQHandler                      0x080001b7   Thumb Code     0  startup_stm32f407xx.o(.text)
    SDIO_IRQHandler                          0x080001b7   Thumb Code     0  startup_stm32f407xx.o(.text)
    SPI1_IRQHandler                          0x080001b7   Thumb Code     0  startup_stm32f407xx.o(.text)
    SPI2_IRQHandler                          0x080001b7   Thumb Code     0  startup_stm32f407xx.o(.text)
    SPI3_IRQHandler                          0x080001b7   Thumb Code     0  startup_stm32f407xx.o(.text)
    TAMP_STAMP_IRQHandler                    0x080001b7   Thumb Code     0  startup_stm32f407xx.o(.text)
    TIM1_BRK_TIM9_IRQHandler                 0x080001b7   Thumb Code     0  startup_stm32f407xx.o(.text)
    TIM1_CC_IRQHandler                       0x080001b7   Thumb Code     0  startup_stm32f407xx.o(.text)
    TIM1_TRG_COM_TIM11_IRQHandler            0x080001b7   Thumb Code     0  startup_stm32f407xx.o(.text)
    TIM1_UP_TIM10_IRQHandler                 0x080001b7   Thumb Code     0  startup_stm32f407xx.o(.text)
    TIM2_IRQHandler                          0x080001b7   Thumb Code     0  startup_stm32f407xx.o(.text)
    TIM3_IRQHandler                          0x080001b7   Thumb Code     0  startup_stm32f407xx.o(.text)
    TIM4_IRQHandler                          0x080001b7   Thumb Code     0  startup_stm32f407xx.o(.text)
    TIM5_IRQHandler                          0x080001b7   Thumb Code     0  startup_stm32f407xx.o(.text)
    TIM6_DAC_IRQHandler                      0x080001b7   Thumb Code     0  startup_stm32f407xx.o(.text)
    TIM7_IRQHandler                          0x080001b7   Thumb Code     0  startup_stm32f407xx.o(.text)
    TIM8_BRK_TIM12_IRQHandler                0x080001b7   Thumb Code     0  startup_stm32f407xx.o(.text)
    TIM8_CC_IRQHandler                       0x080001b7   Thumb Code     0  startup_stm32f407xx.o(.text)
    TIM8_TRG_COM_TIM14_IRQHandler            0x080001b7   Thumb Code     0  startup_stm32f407xx.o(.text)
    TIM8_UP_TIM13_IRQHandler                 0x080001b7   Thumb Code     0  startup_stm32f407xx.o(.text)
    UART4_IRQHandler                         0x080001b7   Thumb Code     0  startup_stm32f407xx.o(.text)
    UART5_IRQHandler                         0x080001b7   Thumb Code     0  startup_stm32f407xx.o(.text)
    USART1_IRQHandler                        0x080001b7   Thumb Code     0  startup_stm32f407xx.o(.text)
    USART2_IRQHandler                        0x080001b7   Thumb Code     0  startup_stm32f407xx.o(.text)
    USART3_IRQHandler                        0x080001b7   Thumb Code     0  startup_stm32f407xx.o(.text)
    USART6_IRQHandler                        0x080001b7   Thumb Code     0  startup_stm32f407xx.o(.text)
    WWDG_IRQHandler                          0x080001b7   Thumb Code     0  startup_stm32f407xx.o(.text)
    PDM_Filter_Init                          0x080001c1   Thumb Code   444  pdm_filter.o(.text)
    PDM_Filter_64_LSB                        0x0800037d   Thumb Code   708  pdm_filter.o(.text)
    PDM_Filter_80_LSB                        0x08000641   Thumb Code   842  pdm_filter.o(.text)
    PDM_Filter_64_MSB                        0x0800098b   Thumb Code   690  pdm_filter.o(.text)
    PDM_Filter_80_MSB                        0x08000c3d   Thumb Code   862  pdm_filter.o(.text)
    PDM_Filter_128_MSB                       0x08000f9b   Thumb Code  1328  pdm_filter.o(.text)
    PDM_Filter_128_LSB                       0x080014cb   Thumb Code  1328  pdm_filter.o(.text)
    __aeabi_memcpy                           0x08001a01   Thumb Code    36  memcpya.o(.text)
    __aeabi_memcpy4                          0x08001a01   Thumb Code     0  memcpya.o(.text)
    __aeabi_memcpy8                          0x08001a01   Thumb Code     0  memcpya.o(.text)
    __aeabi_fmul                             0x08001a25   Thumb Code   100  fmul.o(.text)
    __ARM_scalbnf                            0x08001a89   Thumb Code    24  fscalb.o(.text)
    scalbnf                                  0x08001a89   Thumb Code     0  fscalb.o(.text)
    __aeabi_dadd                             0x08001aa1   Thumb Code   322  dadd.o(.text)
    __aeabi_dsub                             0x08001be3   Thumb Code     6  dadd.o(.text)
    __aeabi_drsub                            0x08001be9   Thumb Code     6  dadd.o(.text)
    __aeabi_dmul                             0x08001bef   Thumb Code   228  dmul.o(.text)
    __aeabi_ddiv                             0x08001cd3   Thumb Code   222  ddiv.o(.text)
    __ARM_scalbn                             0x08001db1   Thumb Code    46  dscalb.o(.text)
    scalbn                                   0x08001db1   Thumb Code     0  dscalb.o(.text)
    __aeabi_ui2f                             0x08001ddf   Thumb Code    10  ffltui.o(.text)
    __aeabi_ui2d                             0x08001de9   Thumb Code    26  dfltui.o(.text)
    __aeabi_d2uiz                            0x08001e03   Thumb Code    50  dfixui.o(.text)
    __aeabi_f2d                              0x08001e35   Thumb Code    38  f2d.o(.text)
    __aeabi_d2f                              0x08001e5b   Thumb Code    56  d2f.o(.text)
    __aeabi_cfrcmple                         0x08001e95   Thumb Code    20  cfrcmple.o(.text)
    __aeabi_llsl                             0x08001ea9   Thumb Code    30  llshl.o(.text)
    _ll_shift_l                              0x08001ea9   Thumb Code     0  llshl.o(.text)
    __aeabi_llsr                             0x08001ec7   Thumb Code    32  llushr.o(.text)
    _ll_ushift_r                             0x08001ec7   Thumb Code     0  llushr.o(.text)
    __aeabi_lasr                             0x08001ee7   Thumb Code    36  llsshr.o(.text)
    _ll_sshift_r                             0x08001ee7   Thumb Code     0  llsshr.o(.text)
    __I$use$fp                               0x08001f0b   Thumb Code     0  iusefp.o(.text)
    _float_round                             0x08001f0b   Thumb Code    18  fepilogue.o(.text)
    _float_epilogue                          0x08001f1d   Thumb Code    92  fepilogue.o(.text)
    _double_round                            0x08001f79   Thumb Code    30  depilogue.o(.text)
    _double_epilogue                         0x08001f97   Thumb Code   156  depilogue.o(.text)
    _dsqrt                                   0x08002033   Thumb Code   162  dsqrt.o(.text)
    __scatterload                            0x080020d5   Thumb Code    28  init.o(.text)
    __scatterload_rt2                        0x080020d5   Thumb Code     0  init.o(.text)
    __aeabi_i2d                              0x080020f9   Thumb Code    34  dflti.o(.text)
    __aeabi_d2iz                             0x0800211b   Thumb Code    62  dfixi.o(.text)
    __decompress                             0x08002159   Thumb Code     0  __dczerorl2.o(.text)
    __decompress1                            0x08002159   Thumb Code    86  __dczerorl2.o(.text)
    ACCELERO_IO_ITConfig                     0x080021b1   Thumb Code    64  stm32f4_discovery.o(i.ACCELERO_IO_ITConfig)
    ACCELERO_IO_Init                         0x080021fd   Thumb Code    64  stm32f4_discovery.o(i.ACCELERO_IO_Init)
    ACCELERO_IO_Read                         0x08002245   Thumb Code    74  stm32f4_discovery.o(i.ACCELERO_IO_Read)
    ACCELERO_IO_Write                        0x08002295   Thumb Code    68  stm32f4_discovery.o(i.ACCELERO_IO_Write)
    AUDIO_IO_DeInit                          0x080022dd   Thumb Code     2  stm32f4_discovery.o(i.AUDIO_IO_DeInit)
    AUDIO_IO_Init                            0x080022e1   Thumb Code    88  stm32f4_discovery.o(i.AUDIO_IO_Init)
    AUDIO_IO_Read                            0x08002341   Thumb Code    50  stm32f4_discovery.o(i.AUDIO_IO_Read)
    AUDIO_IO_Write                           0x0800237d   Thumb Code    46  stm32f4_discovery.o(i.AUDIO_IO_Write)
    BSP_ACCELERO_GetXYZ                      0x080023b5   Thumb Code    38  stm32f4_discovery_accelerometer.o(i.BSP_ACCELERO_GetXYZ)
    BSP_ACCELERO_Init                        0x080023e5   Thumb Code    58  stm32f4_discovery_accelerometer.o(i.BSP_ACCELERO_Init)
    BSP_AUDIO_IN_Error_Callback              0x0800242d   Thumb Code     4  main.o(i.BSP_AUDIO_IN_Error_Callback)
    BSP_AUDIO_IN_HalfTransfer_CallBack       0x08002431   Thumb Code    48  main.o(i.BSP_AUDIO_IN_HalfTransfer_CallBack)
    BSP_AUDIO_IN_Init                        0x0800246d   Thumb Code    66  stm32f4_discovery_audio.o(i.BSP_AUDIO_IN_Init)
    BSP_AUDIO_IN_PDMToPCM                    0x080024b1   Thumb Code    66  stm32f4_discovery_audio.o(i.BSP_AUDIO_IN_PDMToPCM)
    BSP_AUDIO_IN_Record                      0x080024fd   Thumb Code    16  stm32f4_discovery_audio.o(i.BSP_AUDIO_IN_Record)
    BSP_AUDIO_IN_TransferComplete_CallBack   0x08002511   Thumb Code    48  main.o(i.BSP_AUDIO_IN_TransferComplete_CallBack)
    BSP_AUDIO_OUT_Error_CallBack             0x0800254d   Thumb Code     4  main.o(i.BSP_AUDIO_OUT_Error_CallBack)
    BSP_AUDIO_OUT_HalfTransfer_CallBack      0x08002551   Thumb Code     2  stm32f4_discovery_audio.o(i.BSP_AUDIO_OUT_HalfTransfer_CallBack)
    BSP_AUDIO_OUT_Init                       0x08002555   Thumb Code   142  stm32f4_discovery_audio.o(i.BSP_AUDIO_OUT_Init)
    BSP_AUDIO_OUT_Play                       0x080025f1   Thumb Code    54  stm32f4_discovery_audio.o(i.BSP_AUDIO_OUT_Play)
    BSP_AUDIO_OUT_SetFrequency               0x08002631   Thumb Code    52  stm32f4_discovery_audio.o(i.BSP_AUDIO_OUT_SetFrequency)
    BSP_AUDIO_OUT_TransferComplete_CallBack  0x08002665   Thumb Code    36  main.o(i.BSP_AUDIO_OUT_TransferComplete_CallBack)
    BSP_LED_Init                             0x08002691   Thumb Code    86  stm32f4_discovery.o(i.BSP_LED_Init)
    BSP_LED_Off                              0x080026f5   Thumb Code    18  stm32f4_discovery.o(i.BSP_LED_Off)
    BSP_LED_On                               0x08002711   Thumb Code    18  stm32f4_discovery.o(i.BSP_LED_On)
    BSP_LED_Toggle                           0x0800272d   Thumb Code    16  stm32f4_discovery.o(i.BSP_LED_Toggle)
    BSP_PB_Init                              0x08002745   Thumb Code   112  stm32f4_discovery.o(i.BSP_PB_Init)
    BusFault_Handler                         0x080027c5   Thumb Code     2  stm32f4xx_it.o(i.BusFault_Handler)
    DMA1_Stream3_IRQHandler                  0x080027d1   Thumb Code     8  stm32f4xx_it.o(i.DMA1_Stream3_IRQHandler)
    DMA1_Stream7_IRQHandler                  0x080027dd   Thumb Code     8  stm32f4xx_it.o(i.DMA1_Stream7_IRQHandler)
    DebugMon_Handler                         0x0800288d   Thumb Code     2  stm32f4xx_it.o(i.DebugMon_Handler)
    EXTI0_IRQHandler                         0x0800288f   Thumb Code     6  stm32f4xx_it.o(i.EXTI0_IRQHandler)
    EXTI1_IRQHandler                         0x08002895   Thumb Code     6  stm32f4xx_it.o(i.EXTI1_IRQHandler)
    Error_Handler                            0x0800289d   Thumb Code    12  main.o(i.Error_Handler)
    HAL_DMA_DeInit                           0x080028a9   Thumb Code    86  stm32f4xx_hal_dma.o(i.HAL_DMA_DeInit)
    HAL_DMA_IRQHandler                       0x08002901   Thumb Code   414  stm32f4xx_hal_dma.o(i.HAL_DMA_IRQHandler)
    HAL_DMA_Init                             0x08002aa9   Thumb Code   202  stm32f4xx_hal_dma.o(i.HAL_DMA_Init)
    HAL_DMA_Start_IT                         0x08002b79   Thumb Code   120  stm32f4xx_hal_dma.o(i.HAL_DMA_Start_IT)
    HAL_Delay                                0x08002bf1   Thumb Code    22  stm32f4xx_hal.o(i.HAL_Delay)
    HAL_GPIO_EXTI_Callback                   0x08002c07   Thumb Code     2  main.o(i.HAL_GPIO_EXTI_Callback)
    HAL_GPIO_EXTI_IRQHandler                 0x08002c09   Thumb Code    18  stm32f4xx_hal_gpio.o(i.HAL_GPIO_EXTI_IRQHandler)
    HAL_GPIO_Init                            0x08002c21   Thumb Code   398  stm32f4xx_hal_gpio.o(i.HAL_GPIO_Init)
    HAL_GPIO_TogglePin                       0x08002de1   Thumb Code     8  stm32f4xx_hal_gpio.o(i.HAL_GPIO_TogglePin)
    HAL_GPIO_WritePin                        0x08002de9   Thumb Code    10  stm32f4xx_hal_gpio.o(i.HAL_GPIO_WritePin)
    HAL_GetREVID                             0x08002df5   Thumb Code     8  stm32f4xx_hal.o(i.HAL_GetREVID)
    HAL_GetTick                              0x08002e01   Thumb Code     6  stm32f4xx_hal.o(i.HAL_GetTick)
    HAL_I2C_DeInit                           0x08002e0d   Thumb Code    50  stm32f4xx_hal_i2c.o(i.HAL_I2C_DeInit)
    HAL_I2C_GetState                         0x08002e3f   Thumb Code     6  stm32f4xx_hal_i2c.o(i.HAL_I2C_GetState)
    HAL_I2C_Init                             0x08002e45   Thumb Code   254  stm32f4xx_hal_i2c.o(i.HAL_I2C_Init)
    HAL_I2C_Mem_Read                         0x08002f4d   Thumb Code   480  stm32f4xx_hal_i2c.o(i.HAL_I2C_Mem_Read)
    HAL_I2C_Mem_Write                        0x08003139   Thumb Code   248  stm32f4xx_hal_i2c.o(i.HAL_I2C_Mem_Write)
    HAL_I2C_MspDeInit                        0x08003239   Thumb Code     2  stm32f4xx_hal_i2c.o(i.HAL_I2C_MspDeInit)
    HAL_I2C_MspInit                          0x0800323b   Thumb Code     2  stm32f4xx_hal_i2c.o(i.HAL_I2C_MspInit)
    HAL_I2S_ErrorCallback                    0x0800323d   Thumb Code    30  stm32f4_discovery_audio.o(i.HAL_I2S_ErrorCallback)
    HAL_I2S_GetState                         0x08003265   Thumb Code     6  stm32f4xx_hal_i2s.o(i.HAL_I2S_GetState)
    HAL_I2S_Init                             0x0800326d   Thumb Code   346  stm32f4xx_hal_i2s_ex.o(i.HAL_I2S_Init)
    HAL_I2S_MspInit                          0x080033d1   Thumb Code     2  stm32f4xx_hal_i2s.o(i.HAL_I2S_MspInit)
    HAL_I2S_Receive_DMA                      0x080033d5   Thumb Code   180  stm32f4xx_hal_i2s.o(i.HAL_I2S_Receive_DMA)
    HAL_I2S_RxCpltCallback                   0x08003495   Thumb Code     8  stm32f4_discovery_audio.o(i.HAL_I2S_RxCpltCallback)
    HAL_I2S_RxHalfCpltCallback               0x0800349d   Thumb Code     8  stm32f4_discovery_audio.o(i.HAL_I2S_RxHalfCpltCallback)
    HAL_I2S_Transmit_DMA                     0x080034a5   Thumb Code   156  stm32f4xx_hal_i2s.o(i.HAL_I2S_Transmit_DMA)
    HAL_I2S_TxCpltCallback                   0x0800354d   Thumb Code    16  stm32f4_discovery_audio.o(i.HAL_I2S_TxCpltCallback)
    HAL_I2S_TxHalfCpltCallback               0x08003561   Thumb Code    16  stm32f4_discovery_audio.o(i.HAL_I2S_TxHalfCpltCallback)
    HAL_IncTick                              0x08003575   Thumb Code    10  stm32f4xx_hal.o(i.HAL_IncTick)
    HAL_Init                                 0x08003585   Thumb Code    40  stm32f4xx_hal.o(i.HAL_Init)
    HAL_InitTick                             0x080035b1   Thumb Code    34  stm32f4xx_hal.o(i.HAL_InitTick)
    HAL_MspInit                              0x080035d9   Thumb Code     2  stm32f4xx_hal.o(i.HAL_MspInit)
    HAL_NVIC_EnableIRQ                       0x080035db   Thumb Code    22  stm32f4xx_hal_cortex.o(i.HAL_NVIC_EnableIRQ)
    HAL_NVIC_SetPriority                     0x080035f1   Thumb Code    60  stm32f4xx_hal_cortex.o(i.HAL_NVIC_SetPriority)
    HAL_NVIC_SetPriorityGrouping             0x08003631   Thumb Code    26  stm32f4xx_hal_cortex.o(i.HAL_NVIC_SetPriorityGrouping)
    HAL_RCCEx_GetPeriphCLKConfig             0x08003655   Thumb Code    74  stm32f4xx_hal_rcc_ex.o(i.HAL_RCCEx_GetPeriphCLKConfig)
    HAL_RCCEx_PeriphCLKConfig                0x080036a5   Thumb Code   316  stm32f4xx_hal_rcc_ex.o(i.HAL_RCCEx_PeriphCLKConfig)
    HAL_RCC_ClockConfig                      0x080037f5   Thumb Code   364  stm32f4xx_hal_rcc.o(i.HAL_RCC_ClockConfig)
    HAL_RCC_GetPCLK1Freq                     0x08003971   Thumb Code    34  stm32f4xx_hal_rcc.o(i.HAL_RCC_GetPCLK1Freq)
    HAL_RCC_GetPCLK2Freq                     0x080039a1   Thumb Code    34  stm32f4xx_hal_rcc.o(i.HAL_RCC_GetPCLK2Freq)
    HAL_RCC_GetSysClockFreq                  0x080039d1   Thumb Code   104  stm32f4xx_hal_rcc.o(i.HAL_RCC_GetSysClockFreq)
    HAL_RCC_OscConfig                        0x08003a41   Thumb Code   722  stm32f4xx_hal_rcc.o(i.HAL_RCC_OscConfig)
    HAL_SPI_DeInit                           0x08003d25   Thumb Code    46  stm32f4xx_hal_spi.o(i.HAL_SPI_DeInit)
    HAL_SPI_GetState                         0x08003d53   Thumb Code     6  stm32f4xx_hal_spi.o(i.HAL_SPI_GetState)
    HAL_SPI_Init                             0x08003d59   Thumb Code   140  stm32f4xx_hal_spi.o(i.HAL_SPI_Init)
    HAL_SPI_MspDeInit                        0x08003de5   Thumb Code     2  stm32f4xx_hal_spi.o(i.HAL_SPI_MspDeInit)
    HAL_SPI_MspInit                          0x08003de7   Thumb Code     2  stm32f4xx_hal_spi.o(i.HAL_SPI_MspInit)
    HAL_SPI_TransmitReceive                  0x08003de9   Thumb Code   622  stm32f4xx_hal_spi.o(i.HAL_SPI_TransmitReceive)
    HAL_SYSTICK_Config                       0x08004057   Thumb Code    40  stm32f4xx_hal_cortex.o(i.HAL_SYSTICK_Config)
    HAL_UART_Init                            0x0800407f   Thumb Code    98  stm32f4xx_hal_uart.o(i.HAL_UART_Init)
    HAL_UART_MspInit                         0x080040e1   Thumb Code   104  stm32f4xx_hal_msp.o(i.HAL_UART_MspInit)
    HardFault_Handler                        0x08004151   Thumb Code     2  stm32f4xx_it.o(i.HardFault_Handler)
    I2S_DMAError                             0x0800484d   Thumb Code    30  stm32f4xx_hal_i2s.o(i.I2S_DMAError)
    I2S_DMARxCplt                            0x0800486d   Thumb Code   110  stm32f4xx_hal_i2s_ex.o(i.I2S_DMARxCplt)
    I2S_DMARxHalfCplt                        0x080048e5   Thumb Code    10  stm32f4xx_hal_i2s.o(i.I2S_DMARxHalfCplt)
    I2S_DMATxCplt                            0x080048f1   Thumb Code   112  stm32f4xx_hal_i2s_ex.o(i.I2S_DMATxCplt)
    I2S_DMATxHalfCplt                        0x08004969   Thumb Code    10  stm32f4xx_hal_i2s.o(i.I2S_DMATxHalfCplt)
    I2S_GetInputClock                        0x08004975   Thumb Code    58  stm32f4xx_hal_i2s_ex.o(i.I2S_GetInputClock)
    LIS302DL_Click_IntClear                  0x080049c1   Thumb Code    30  lis302dl.o(i.LIS302DL_Click_IntClear)
    LIS302DL_Click_IntConfig                 0x080049df   Thumb Code   164  lis302dl.o(i.LIS302DL_Click_IntConfig)
    LIS302DL_DeInit                          0x08004a83   Thumb Code     2  lis302dl.o(i.LIS302DL_DeInit)
    LIS302DL_FilterConfig                    0x08004a85   Thumb Code    46  lis302dl.o(i.LIS302DL_FilterConfig)
    LIS302DL_Init                            0x08004ab3   Thumb Code    30  lis302dl.o(i.LIS302DL_Init)
    LIS302DL_InterruptConfig                 0x08004ad1   Thumb Code    46  lis302dl.o(i.LIS302DL_InterruptConfig)
    LIS302DL_ReadACC                         0x08004b01   Thumb Code   104  lis302dl.o(i.LIS302DL_ReadACC)
    LIS302DL_ReadID                          0x08004b69   Thumb Code    28  lis302dl.o(i.LIS302DL_ReadID)
    LIS302DL_RebootCmd                       0x08004b85   Thumb Code    36  lis302dl.o(i.LIS302DL_RebootCmd)
    LIS3DSH_Click_IntConfig                  0x08004ba9   Thumb Code   210  lis3dsh.o(i.LIS3DSH_Click_IntConfig)
    LIS3DSH_DeInit                           0x08004c7b   Thumb Code     2  lis3dsh.o(i.LIS3DSH_DeInit)
    LIS3DSH_Init                             0x08004c7d   Thumb Code    46  lis3dsh.o(i.LIS3DSH_Init)
    LIS3DSH_InterruptConfig                  0x08004cab   Thumb Code    76  lis3dsh.o(i.LIS3DSH_InterruptConfig)
    LIS3DSH_ReadACC                          0x08004cf9   Thumb Code   198  lis3dsh.o(i.LIS3DSH_ReadACC)
    LIS3DSH_ReadID                           0x08004dd5   Thumb Code    28  lis3dsh.o(i.LIS3DSH_ReadID)
    LIS3DSH_RebootCmd                        0x08004df1   Thumb Code    36  lis3dsh.o(i.LIS3DSH_RebootCmd)
    MemManage_Handler                        0x08004e15   Thumb Code     2  stm32f4xx_it.o(i.MemManage_Handler)
    NMI_Handler                              0x08004e17   Thumb Code     2  stm32f4xx_it.o(i.NMI_Handler)
    PendSV_Handler                           0x08004e99   Thumb Code     2  stm32f4xx_it.o(i.PendSV_Handler)
    SVC_Handler                              0x08005021   Thumb Code     2  stm32f4xx_it.o(i.SVC_Handler)
    SysTick_Handler                          0x08005023   Thumb Code     4  stm32f4xx_it.o(i.SysTick_Handler)
    SystemInit                               0x080050b9   Thumb Code    66  system_stm32f4xx.o(i.SystemInit)
    UsageFault_Handler                       0x080053b9   Thumb Code     2  stm32f4xx_it.o(i.UsageFault_Handler)
    __ARM_fpclassify                         0x080053bb   Thumb Code    48  fpclassify.o(i.__ARM_fpclassify)
    __hardfp_cos                             0x080053f1   Thumb Code   180  cos.o(i.__hardfp_cos)
    __ieee754_rem_pio2                       0x080054b9   Thumb Code   938  rred.o(i.__ieee754_rem_pio2)
    __kernel_cos                             0x080058f1   Thumb Code   322  cos_i.o(i.__kernel_cos)
    __kernel_poly                            0x08005a61   Thumb Code   248  poly.o(i.__kernel_poly)
    __kernel_sin                             0x08005b59   Thumb Code   280  sin_i.o(i.__kernel_sin)
    __mathlib_dbl_infnan                     0x08005c89   Thumb Code    20  dunder.o(i.__mathlib_dbl_infnan)
    __mathlib_dbl_invalid                    0x08005ca1   Thumb Code    24  dunder.o(i.__mathlib_dbl_invalid)
    __mathlib_dbl_underflow                  0x08005cc1   Thumb Code    24  dunder.o(i.__mathlib_dbl_underflow)
    __scatterload_copy                       0x08005ce1   Thumb Code    14  handlers.o(i.__scatterload_copy)
    __scatterload_null                       0x08005cef   Thumb Code     2  handlers.o(i.__scatterload_null)
    __scatterload_zeroinit                   0x08005cf1   Thumb Code    14  handlers.o(i.__scatterload_zeroinit)
    __set_errno                              0x08005d01   Thumb Code     6  errno.o(i.__set_errno)
    cos                                      0x08005d0d   Thumb Code    16  cos.o(i.cos)
    cs43l22_DeInit                           0x08005d1d   Thumb Code     4  cs43l22.o(i.cs43l22_DeInit)
    cs43l22_Init                             0x08005d21   Thumb Code   220  cs43l22.o(i.cs43l22_Init)
    cs43l22_Pause                            0x08005e01   Thumb Code    26  cs43l22.o(i.cs43l22_Pause)
    cs43l22_Play                             0x08005e1d   Thumb Code    54  cs43l22.o(i.cs43l22_Play)
    cs43l22_ReadID                           0x08005e59   Thumb Code    22  cs43l22.o(i.cs43l22_ReadID)
    cs43l22_Reset                            0x08005e6f   Thumb Code     4  cs43l22.o(i.cs43l22_Reset)
    cs43l22_Resume                           0x08005e75   Thumb Code    56  cs43l22.o(i.cs43l22_Resume)
    cs43l22_SetFrequency                     0x08005eb1   Thumb Code     4  cs43l22.o(i.cs43l22_SetFrequency)
    cs43l22_SetMute                          0x08005eb5   Thumb Code    78  cs43l22.o(i.cs43l22_SetMute)
    cs43l22_SetOutputMode                    0x08005f09   Thumb Code    76  cs43l22.o(i.cs43l22_SetOutputMode)
    cs43l22_SetVolume                        0x08005f59   Thumb Code    60  cs43l22.o(i.cs43l22_SetVolume)
    cs43l22_Stop                             0x08005f95   Thumb Code    44  cs43l22.o(i.cs43l22_Stop)
    fabs                                     0x08005fc5   Thumb Code    24  fabs.o(i.fabs)
    main                                     0x08005fdd   Thumb Code   344  main.o(i.main)
    sqrt                                     0x08006145   Thumb Code   110  sqrt.o(i.sqrt)
    APBAHBPrescTable                         0x080061b2   Data          16  stm32f4xx_hal_rcc.o(.constdata)
    I2SFreq                                  0x080061cc   Data          32  stm32f4_discovery_audio.o(.constdata)
    I2SPLLN                                  0x080061ec   Data          32  stm32f4_discovery_audio.o(.constdata)
    I2SPLLR                                  0x0800620c   Data          32  stm32f4_discovery_audio.o(.constdata)
    BUTTON_IRQn                              0x0800622c   Data           1  stm32f4_discovery.o(.constdata)
    BUTTON_PIN                               0x0800622e   Data           2  stm32f4_discovery.o(.constdata)
    GPIO_PIN                                 0x08006230   Data           8  stm32f4_discovery.o(.constdata)
    Region$$Table$$Base                      0x08006358   Number         0  anon$$obj.o(Region$$Table)
    Region$$Table$$Limit                     0x08006378   Number         0  anon$$obj.o(Region$$Table)
    uwTick                                   0x20000000   Data           4  stm32f4xx_hal.o(.data)
    ITCounter                                0x20000004   Data           4  main.o(.data)
    ITOutAudio                               0x20000008   Data           4  main.o(.data)
    nextITOutAudio                           0x2000000c   Data           4  main.o(.data)
    nowTick                                  0x20000010   Data           4  main.o(.data)
    preTickLED4                              0x20000014   Data           4  main.o(.data)
    preTickLED5                              0x20000018   Data           4  main.o(.data)
    nowFreq                                  0x2000001c   Data           4  main.o(.data)
    dataXYZ                                  0x20000020   Data           6  main.o(.data)
    Lis302dlDrv                              0x20000028   Data          52  lis302dl.o(.data)
    Lis3dshDrv                               0x2000005c   Data          52  lis3dsh.o(.data)
    cs43l22_drv                              0x20000090   Data          48  cs43l22.o(.data)
    OutputDev                                0x200000c1   Data           1  cs43l22.o(.data)
    AudioInVolume                            0x200000c4   Data           2  stm32f4_discovery_audio.o(.data)
    BUTTON_PORT                              0x200000d0   Data           4  stm32f4_discovery.o(.data)
    I2cxTimeout                              0x200000d4   Data           4  stm32f4_discovery.o(.data)
    SpixTimeout                              0x200000d8   Data           4  stm32f4_discovery.o(.data)
    GPIO_PORT                                0x200000dc   Data          16  stm32f4_discovery.o(.data)
    SystemCoreClock                          0x200000ec   Data           4  system_stm32f4xx.o(.data)
    AHBPrescTable                            0x200000f0   Data          16  system_stm32f4xx.o(.data)
    stm32_crc                                0x20000100   Data           4  pdm_filter.o(.data)
    T0                                       0x20000104   Data         256  pdm_filter.o(.data)
    T1                                       0x20000204   Data         256  pdm_filter.o(.data)
    T2                                       0x20000304   Data         256  pdm_filter.o(.data)
    huart2                                   0x20000408   Data          64  main.o(.bss)
    WrBuffer                                 0x20000448   Data       16384  main.o(.bss)
    hAudioOutI2s                             0x20004648   Data          68  stm32f4_discovery_audio.o(.bss)
    hAudioInI2s                              0x2000468c   Data          68  stm32f4_discovery_audio.o(.bss)
    Filter                                   0x200046d0   Data          52  stm32f4_discovery_audio.o(.bss)
    __initial_sp                             0x20004bb0   Data           0  startup_stm32f407xx.o(STACK)



==============================================================================

Memory Map of the image

  Image Entry point : 0x08000189

  Load Region LR_IROM1 (Base: 0x08000000, Size: 0x00006780, Max: 0x00100000, ABSOLUTE, COMPRESSED[0x00006608])

    Execution Region ER_IROM1 (Base: 0x08000000, Size: 0x00006378, Max: 0x00100000, ABSOLUTE)

    Base Addr    Size         Type   Attr      Idx    E Section Name        Object

    0x08000000   0x00000188   Data   RO            3    RESET               startup_stm32f407xx.o
    0x08000188   0x00000000   Code   RO         3256  * .ARM.Collect$$$$00000000  mc_w.l(entry.o)
    0x08000188   0x00000004   Code   RO         3315    .ARM.Collect$$$$00000001  mc_w.l(entry2.o)
    0x0800018c   0x00000004   Code   RO         3318    .ARM.Collect$$$$00000004  mc_w.l(entry5.o)
    0x08000190   0x00000000   Code   RO         3320    .ARM.Collect$$$$00000008  mc_w.l(entry7b.o)
    0x08000190   0x00000000   Code   RO         3322    .ARM.Collect$$$$0000000A  mc_w.l(entry8b.o)
    0x08000190   0x00000008   Code   RO         3323    .ARM.Collect$$$$0000000B  mc_w.l(entry9a.o)
    0x08000198   0x00000000   Code   RO         3325    .ARM.Collect$$$$0000000D  mc_w.l(entry10a.o)
    0x08000198   0x00000000   Code   RO         3327    .ARM.Collect$$$$0000000F  mc_w.l(entry11a.o)
    0x08000198   0x00000004   Code   RO         3316    .ARM.Collect$$$$00002712  mc_w.l(entry2.o)
    0x0800019c   0x00000024   Code   RO            4    .text               startup_stm32f407xx.o
    0x080001c0   0x00001840   Code   RO         3229    .text               libPDMFilter_CM4_Keil.lib(pdm_filter.o)
    0x08001a00   0x00000024   Code   RO         3259    .text               mc_w.l(memcpya.o)
    0x08001a24   0x00000064   Code   RO         3263    .text               mf_w.l(fmul.o)
    0x08001a88   0x00000018   Code   RO         3265    .text               mf_w.l(fscalb.o)
    0x08001aa0   0x0000014e   Code   RO         3267    .text               mf_w.l(dadd.o)
    0x08001bee   0x000000e4   Code   RO         3269    .text               mf_w.l(dmul.o)
    0x08001cd2   0x000000de   Code   RO         3271    .text               mf_w.l(ddiv.o)
    0x08001db0   0x0000002e   Code   RO         3273    .text               mf_w.l(dscalb.o)
    0x08001dde   0x0000000a   Code   RO         3275    .text               mf_w.l(ffltui.o)
    0x08001de8   0x0000001a   Code   RO         3277    .text               mf_w.l(dfltui.o)
    0x08001e02   0x00000032   Code   RO         3279    .text               mf_w.l(dfixui.o)
    0x08001e34   0x00000026   Code   RO         3281    .text               mf_w.l(f2d.o)
    0x08001e5a   0x00000038   Code   RO         3283    .text               mf_w.l(d2f.o)
    0x08001e92   0x00000002   PAD
    0x08001e94   0x00000014   Code   RO         3285    .text               mf_w.l(cfrcmple.o)
    0x08001ea8   0x0000001e   Code   RO         3329    .text               mc_w.l(llshl.o)
    0x08001ec6   0x00000020   Code   RO         3331    .text               mc_w.l(llushr.o)
    0x08001ee6   0x00000024   Code   RO         3333    .text               mc_w.l(llsshr.o)
    0x08001f0a   0x00000000   Code   RO         3342    .text               mc_w.l(iusefp.o)
    0x08001f0a   0x0000006e   Code   RO         3343    .text               mf_w.l(fepilogue.o)
    0x08001f78   0x000000ba   Code   RO         3345    .text               mf_w.l(depilogue.o)
    0x08002032   0x000000a2   Code   RO         3349    .text               mf_w.l(dsqrt.o)
    0x080020d4   0x00000024   Code   RO         3363    .text               mc_w.l(init.o)
    0x080020f8   0x00000022   Code   RO         3365    .text               mf_w.l(dflti.o)
    0x0800211a   0x0000003e   Code   RO         3367    .text               mf_w.l(dfixi.o)
    0x08002158   0x00000056   Code   RO         3377    .text               mc_w.l(__dczerorl2.o)
    0x080021ae   0x00000002   PAD
    0x080021b0   0x0000004c   Code   RO         3058    i.ACCELERO_IO_ITConfig  stm32f4_discovery.o
    0x080021fc   0x00000048   Code   RO         3059    i.ACCELERO_IO_Init  stm32f4_discovery.o
    0x08002244   0x00000050   Code   RO         3060    i.ACCELERO_IO_Read  stm32f4_discovery.o
    0x08002294   0x00000048   Code   RO         3061    i.ACCELERO_IO_Write  stm32f4_discovery.o
    0x080022dc   0x00000002   Code   RO         3062    i.AUDIO_IO_DeInit   stm32f4_discovery.o
    0x080022de   0x00000002   PAD
    0x080022e0   0x00000060   Code   RO         3063    i.AUDIO_IO_Init     stm32f4_discovery.o
    0x08002340   0x0000003c   Code   RO         3064    i.AUDIO_IO_Read     stm32f4_discovery.o
    0x0800237c   0x00000038   Code   RO         3065    i.AUDIO_IO_Write    stm32f4_discovery.o
    0x080023b4   0x00000030   Code   RO         3004    i.BSP_ACCELERO_GetXYZ  stm32f4_discovery_accelerometer.o
    0x080023e4   0x00000048   Code   RO         3005    i.BSP_ACCELERO_Init  stm32f4_discovery_accelerometer.o
    0x0800242c   0x00000004   Code   RO         2273    i.BSP_AUDIO_IN_Error_Callback  main.o
    0x08002430   0x0000003c   Code   RO         2274    i.BSP_AUDIO_IN_HalfTransfer_CallBack  main.o
    0x0800246c   0x00000042   Code   RO         2785    i.BSP_AUDIO_IN_Init  stm32f4_discovery_audio.o
    0x080024ae   0x00000002   PAD
    0x080024b0   0x0000004c   Code   RO         2786    i.BSP_AUDIO_IN_PDMToPCM  stm32f4_discovery_audio.o
    0x080024fc   0x00000014   Code   RO         2788    i.BSP_AUDIO_IN_Record  stm32f4_discovery_audio.o
    0x08002510   0x0000003c   Code   RO         2275    i.BSP_AUDIO_IN_TransferComplete_CallBack  main.o
    0x0800254c   0x00000004   Code   RO         2276    i.BSP_AUDIO_OUT_Error_CallBack  main.o
    0x08002550   0x00000002   Code   RO         2795    i.BSP_AUDIO_OUT_HalfTransfer_CallBack  stm32f4_discovery_audio.o
    0x08002552   0x00000002   PAD
    0x08002554   0x0000009c   Code   RO         2796    i.BSP_AUDIO_OUT_Init  stm32f4_discovery_audio.o
    0x080025f0   0x00000040   Code   RO         2798    i.BSP_AUDIO_OUT_Play  stm32f4_discovery_audio.o
    0x08002630   0x00000034   Code   RO         2800    i.BSP_AUDIO_OUT_SetFrequency  stm32f4_discovery_audio.o
    0x08002664   0x0000002c   Code   RO         2277    i.BSP_AUDIO_OUT_TransferComplete_CallBack  main.o
    0x08002690   0x00000064   Code   RO         3067    i.BSP_LED_Init      stm32f4_discovery.o
    0x080026f4   0x0000001c   Code   RO         3068    i.BSP_LED_Off       stm32f4_discovery.o
    0x08002710   0x0000001c   Code   RO         3069    i.BSP_LED_On        stm32f4_discovery.o
    0x0800272c   0x00000018   Code   RO         3070    i.BSP_LED_Toggle    stm32f4_discovery.o
    0x08002744   0x00000080   Code   RO         3072    i.BSP_PB_Init       stm32f4_discovery.o
    0x080027c4   0x00000002   Code   RO         2398    i.BusFault_Handler  stm32f4xx_it.o
    0x080027c6   0x0000000a   Code   RO         2687    i.CODEC_IO_Write    cs43l22.o
    0x080027d0   0x0000000c   Code   RO         2399    i.DMA1_Stream3_IRQHandler  stm32f4xx_it.o
    0x080027dc   0x0000000c   Code   RO         2400    i.DMA1_Stream7_IRQHandler  stm32f4xx_it.o
    0x080027e8   0x00000028   Code   RO          921    i.DMA_CalcBaseAndBitshift  stm32f4xx_hal_dma.o
    0x08002810   0x00000054   Code   RO          922    i.DMA_CheckFifoParam  stm32f4xx_hal_dma.o
    0x08002864   0x00000028   Code   RO          923    i.DMA_SetConfig     stm32f4xx_hal_dma.o
    0x0800288c   0x00000002   Code   RO         2401    i.DebugMon_Handler  stm32f4xx_it.o
    0x0800288e   0x00000006   Code   RO         2402    i.EXTI0_IRQHandler  stm32f4xx_it.o
    0x08002894   0x00000006   Code   RO         2403    i.EXTI1_IRQHandler  stm32f4xx_it.o
    0x0800289a   0x00000002   PAD
    0x0800289c   0x0000000c   Code   RO         2278    i.Error_Handler     main.o
    0x080028a8   0x00000056   Code   RO          926    i.HAL_DMA_DeInit    stm32f4xx_hal_dma.o
    0x080028fe   0x00000002   PAD
    0x08002900   0x000001a8   Code   RO          929    i.HAL_DMA_IRQHandler  stm32f4xx_hal_dma.o
    0x08002aa8   0x000000d0   Code   RO          930    i.HAL_DMA_Init      stm32f4xx_hal_dma.o
    0x08002b78   0x00000078   Code   RO          934    i.HAL_DMA_Start_IT  stm32f4xx_hal_dma.o
    0x08002bf0   0x00000016   Code   RO         1432    i.HAL_Delay         stm32f4xx_hal.o
    0x08002c06   0x00000002   Code   RO         2279    i.HAL_GPIO_EXTI_Callback  main.o
    0x08002c08   0x00000018   Code   RO         1957    i.HAL_GPIO_EXTI_IRQHandler  stm32f4xx_hal_gpio.o
    0x08002c20   0x000001c0   Code   RO         1958    i.HAL_GPIO_Init     stm32f4xx_hal_gpio.o
    0x08002de0   0x00000008   Code   RO         1961    i.HAL_GPIO_TogglePin  stm32f4xx_hal_gpio.o
    0x08002de8   0x0000000a   Code   RO         1962    i.HAL_GPIO_WritePin  stm32f4xx_hal_gpio.o
    0x08002df2   0x00000002   PAD
    0x08002df4   0x0000000c   Code   RO         1437    i.HAL_GetREVID      stm32f4xx_hal.o
    0x08002e00   0x0000000c   Code   RO         1438    i.HAL_GetTick       stm32f4xx_hal.o
    0x08002e0c   0x00000032   Code   RO         1029    i.HAL_I2C_DeInit    stm32f4xx_hal_i2c.o
    0x08002e3e   0x00000006   Code   RO         1037    i.HAL_I2C_GetState  stm32f4xx_hal_i2c.o
    0x08002e44   0x00000108   Code   RO         1038    i.HAL_I2C_Init      stm32f4xx_hal_i2c.o
    0x08002f4c   0x000001ec   Code   RO         1054    i.HAL_I2C_Mem_Read  stm32f4xx_hal_i2c.o
    0x08003138   0x00000100   Code   RO         1057    i.HAL_I2C_Mem_Write  stm32f4xx_hal_i2c.o
    0x08003238   0x00000002   Code   RO         1060    i.HAL_I2C_MspDeInit  stm32f4xx_hal_i2c.o
    0x0800323a   0x00000002   Code   RO         1061    i.HAL_I2C_MspInit   stm32f4xx_hal_i2c.o
    0x0800323c   0x00000028   Code   RO         2806    i.HAL_I2S_ErrorCallback  stm32f4_discovery_audio.o
    0x08003264   0x00000006   Code   RO          624    i.HAL_I2S_GetState  stm32f4xx_hal_i2s.o
    0x0800326a   0x00000002   PAD
    0x0800326c   0x00000164   Code   RO           20    i.HAL_I2S_Init      stm32f4xx_hal_i2s_ex.o
    0x080033d0   0x00000002   Code   RO          628    i.HAL_I2S_MspInit   stm32f4xx_hal_i2s.o
    0x080033d2   0x00000002   PAD
    0x080033d4   0x000000c0   Code   RO          630    i.HAL_I2S_Receive_DMA  stm32f4xx_hal_i2s.o
    0x08003494   0x00000008   Code   RO         2807    i.HAL_I2S_RxCpltCallback  stm32f4_discovery_audio.o
    0x0800349c   0x00000008   Code   RO         2808    i.HAL_I2S_RxHalfCpltCallback  stm32f4_discovery_audio.o
    0x080034a4   0x000000a8   Code   RO          635    i.HAL_I2S_Transmit_DMA  stm32f4xx_hal_i2s.o
    0x0800354c   0x00000014   Code   RO         2809    i.HAL_I2S_TxCpltCallback  stm32f4_discovery_audio.o
    0x08003560   0x00000014   Code   RO         2810    i.HAL_I2S_TxHalfCpltCallback  stm32f4_discovery_audio.o
    0x08003574   0x00000010   Code   RO         1439    i.HAL_IncTick       stm32f4xx_hal.o
    0x08003584   0x0000002c   Code   RO         1440    i.HAL_Init          stm32f4xx_hal.o
    0x080035b0   0x00000028   Code   RO         1441    i.HAL_InitTick      stm32f4xx_hal.o
    0x080035d8   0x00000002   Code   RO         1443    i.HAL_MspInit       stm32f4xx_hal.o
    0x080035da   0x00000016   Code   RO          326    i.HAL_NVIC_EnableIRQ  stm32f4xx_hal_cortex.o
    0x080035f0   0x00000040   Code   RO          332    i.HAL_NVIC_SetPriority  stm32f4xx_hal_cortex.o
    0x08003630   0x00000024   Code   RO          333    i.HAL_NVIC_SetPriorityGrouping  stm32f4xx_hal_cortex.o
    0x08003654   0x00000050   Code   RO         1632    i.HAL_RCCEx_GetPeriphCLKConfig  stm32f4xx_hal_rcc_ex.o
    0x080036a4   0x00000150   Code   RO         1633    i.HAL_RCCEx_PeriphCLKConfig  stm32f4xx_hal_rcc_ex.o
    0x080037f4   0x0000017c   Code   RO          799    i.HAL_RCC_ClockConfig  stm32f4xx_hal_rcc.o
    0x08003970   0x00000030   Code   RO          806    i.HAL_RCC_GetPCLK1Freq  stm32f4xx_hal_rcc.o
    0x080039a0   0x00000030   Code   RO          807    i.HAL_RCC_GetPCLK2Freq  stm32f4xx_hal_rcc.o
    0x080039d0   0x00000070   Code   RO          808    i.HAL_RCC_GetSysClockFreq  stm32f4xx_hal_rcc.o
    0x08003a40   0x000002e4   Code   RO          811    i.HAL_RCC_OscConfig  stm32f4xx_hal_rcc.o
    0x08003d24   0x0000002e   Code   RO         1669    i.HAL_SPI_DeInit    stm32f4xx_hal_spi.o
    0x08003d52   0x00000006   Code   RO         1672    i.HAL_SPI_GetState  stm32f4xx_hal_spi.o
    0x08003d58   0x0000008c   Code   RO         1674    i.HAL_SPI_Init      stm32f4xx_hal_spi.o
    0x08003de4   0x00000002   Code   RO         1675    i.HAL_SPI_MspDeInit  stm32f4xx_hal_spi.o
    0x08003de6   0x00000002   Code   RO         1676    i.HAL_SPI_MspInit   stm32f4xx_hal_spi.o
    0x08003de8   0x0000026e   Code   RO         1683    i.HAL_SPI_TransmitReceive  stm32f4xx_hal_spi.o
    0x08004056   0x00000028   Code   RO          337    i.HAL_SYSTICK_Config  stm32f4xx_hal_cortex.o
    0x0800407e   0x00000062   Code   RO         2037    i.HAL_UART_Init     stm32f4xx_hal_uart.o
    0x080040e0   0x00000070   Code   RO         2499    i.HAL_UART_MspInit  stm32f4xx_hal_msp.o
    0x08004150   0x00000002   Code   RO         2404    i.HardFault_Handler  stm32f4xx_it.o
    0x08004152   0x00000028   Code   RO         1076    i.I2C_IsAcknowledgeFailed  stm32f4xx_hal_i2c.o
    0x0800417a   0x000000f0   Code   RO         1085    i.I2C_RequestMemoryRead  stm32f4xx_hal_i2c.o
    0x0800426a   0x00000002   PAD
    0x0800426c   0x000000a0   Code   RO         1086    i.I2C_RequestMemoryWrite  stm32f4xx_hal_i2c.o
    0x0800430c   0x0000004e   Code   RO         1089    i.I2C_WaitOnBTFFlagUntilTimeout  stm32f4xx_hal_i2c.o
    0x0800435a   0x00000002   PAD
    0x0800435c   0x00000060   Code   RO         1090    i.I2C_WaitOnFlagUntilTimeout  stm32f4xx_hal_i2c.o
    0x080043bc   0x00000088   Code   RO         1091    i.I2C_WaitOnMasterAddressFlagUntilTimeout  stm32f4xx_hal_i2c.o
    0x08004444   0x00000062   Code   RO         1092    i.I2C_WaitOnRXNEFlagUntilTimeout  stm32f4xx_hal_i2c.o
    0x080044a6   0x0000004e   Code   RO         1093    i.I2C_WaitOnTXEFlagUntilTimeout  stm32f4xx_hal_i2c.o
    0x080044f4   0x00000014   Code   RO         3073    i.I2Cx_Error        stm32f4_discovery.o
    0x08004508   0x00000040   Code   RO         3074    i.I2Cx_Init         stm32f4_discovery.o
    0x08004548   0x00000088   Code   RO         3075    i.I2Cx_MspInit      stm32f4_discovery.o
    0x080045d0   0x00000048   Code   RO         2811    i.I2S2_Init         stm32f4_discovery_audio.o
    0x08004618   0x000000f0   Code   RO         2812    i.I2S2_MspInit      stm32f4_discovery_audio.o
    0x08004708   0x00000040   Code   RO         2813    i.I2S3_Init         stm32f4_discovery_audio.o
    0x08004748   0x00000104   Code   RO         2814    i.I2S3_MspInit      stm32f4_discovery_audio.o
    0x0800484c   0x0000001e   Code   RO          639    i.I2S_DMAError      stm32f4xx_hal_i2s.o
    0x0800486a   0x00000002   PAD
    0x0800486c   0x00000078   Code   RO           22    i.I2S_DMARxCplt     stm32f4xx_hal_i2s_ex.o
    0x080048e4   0x0000000a   Code   RO          640    i.I2S_DMARxHalfCplt  stm32f4xx_hal_i2s.o
    0x080048ee   0x00000002   PAD
    0x080048f0   0x00000078   Code   RO           23    i.I2S_DMATxCplt     stm32f4xx_hal_i2s_ex.o
    0x08004968   0x0000000a   Code   RO          641    i.I2S_DMATxHalfCplt  stm32f4xx_hal_i2s.o
    0x08004972   0x00000002   PAD
    0x08004974   0x0000004c   Code   RO           24    i.I2S_GetInputClock  stm32f4xx_hal_i2s_ex.o
    0x080049c0   0x0000001e   Code   RO         2525    i.LIS302DL_Click_IntClear  lis302dl.o
    0x080049de   0x000000a4   Code   RO         2526    i.LIS302DL_Click_IntConfig  lis302dl.o
    0x08004a82   0x00000002   Code   RO         2528    i.LIS302DL_DeInit   lis302dl.o
    0x08004a84   0x0000002e   Code   RO         2529    i.LIS302DL_FilterConfig  lis302dl.o
    0x08004ab2   0x0000001e   Code   RO         2531    i.LIS302DL_Init     lis302dl.o
    0x08004ad0   0x0000002e   Code   RO         2532    i.LIS302DL_InterruptConfig  lis302dl.o
    0x08004afe   0x00000002   PAD
    0x08004b00   0x00000068   Code   RO         2534    i.LIS302DL_ReadACC  lis302dl.o
    0x08004b68   0x0000001c   Code   RO         2535    i.LIS302DL_ReadID   lis302dl.o
    0x08004b84   0x00000024   Code   RO         2536    i.LIS302DL_RebootCmd  lis302dl.o
    0x08004ba8   0x000000d2   Code   RO         2612    i.LIS3DSH_Click_IntConfig  lis3dsh.o
    0x08004c7a   0x00000002   Code   RO         2614    i.LIS3DSH_DeInit    lis3dsh.o
    0x08004c7c   0x0000002e   Code   RO         2616    i.LIS3DSH_Init      lis3dsh.o
    0x08004caa   0x0000004c   Code   RO         2617    i.LIS3DSH_InterruptConfig  lis3dsh.o
    0x08004cf6   0x00000002   PAD
    0x08004cf8   0x000000dc   Code   RO         2619    i.LIS3DSH_ReadACC   lis3dsh.o
    0x08004dd4   0x0000001c   Code   RO         2620    i.LIS3DSH_ReadID    lis3dsh.o
    0x08004df0   0x00000024   Code   RO         2621    i.LIS3DSH_RebootCmd  lis3dsh.o
    0x08004e14   0x00000002   Code   RO         2405    i.MemManage_Handler  stm32f4xx_it.o
    0x08004e16   0x00000002   Code   RO         2406    i.NMI_Handler       stm32f4xx_it.o
    0x08004e18   0x00000020   Code   RO          339    i.NVIC_SetPriority  stm32f4xx_hal_cortex.o
    0x08004e38   0x00000060   Code   RO         2815    i.PDMDecoder_Init   stm32f4_discovery_audio.o
    0x08004e98   0x00000002   Code   RO         2407    i.PendSV_Handler    stm32f4xx_it.o
    0x08004e9a   0x00000020   Code   RO         1698    i.SPI_CheckFlag_BSY  stm32f4xx_hal_spi.o
    0x08004eba   0x00000096   Code   RO         1716    i.SPI_WaitFlagStateUntilTimeout  stm32f4xx_hal_spi.o
    0x08004f50   0x00000098   Code   RO         3076    i.SPIx_Init         stm32f4_discovery.o
    0x08004fe8   0x00000038   Code   RO         3077    i.SPIx_WriteRead    stm32f4_discovery.o
    0x08005020   0x00000002   Code   RO         2408    i.SVC_Handler       stm32f4xx_it.o
    0x08005022   0x00000004   Code   RO         2409    i.SysTick_Handler   stm32f4xx_it.o
    0x08005026   0x00000002   PAD
    0x08005028   0x00000090   Code   RO         2280    i.SystemClock_Config  main.o
    0x080050b8   0x00000054   Code   RO         3197    i.SystemInit        system_stm32f4xx.o
    0x0800510c   0x000002ac   Code   RO         2059    i.UART_SetConfig    stm32f4xx_hal_uart.o
    0x080053b8   0x00000002   Code   RO         2410    i.UsageFault_Handler  stm32f4xx_it.o
    0x080053ba   0x00000030   Code   RO         3359    i.__ARM_fpclassify  m_wm.l(fpclassify.o)
    0x080053ea   0x00000006   PAD
    0x080053f0   0x000000c8   Code   RO         3232    i.__hardfp_cos      m_wm.l(cos.o)
    0x080054b8   0x00000438   Code   RO         3304    i.__ieee754_rem_pio2  m_wm.l(rred.o)
    0x080058f0   0x00000170   Code   RO         3287    i.__kernel_cos      m_wm.l(cos_i.o)
    0x08005a60   0x000000f8   Code   RO         3361    i.__kernel_poly     m_wm.l(poly.o)
    0x08005b58   0x00000130   Code   RO         3309    i.__kernel_sin      m_wm.l(sin_i.o)
    0x08005c88   0x00000014   Code   RO         3291    i.__mathlib_dbl_infnan  m_wm.l(dunder.o)
    0x08005c9c   0x00000004   PAD
    0x08005ca0   0x00000020   Code   RO         3293    i.__mathlib_dbl_invalid  m_wm.l(dunder.o)
    0x08005cc0   0x00000020   Code   RO         3296    i.__mathlib_dbl_underflow  m_wm.l(dunder.o)
    0x08005ce0   0x0000000e   Code   RO         3371    i.__scatterload_copy  mc_w.l(handlers.o)
    0x08005cee   0x00000002   Code   RO         3372    i.__scatterload_null  mc_w.l(handlers.o)
    0x08005cf0   0x0000000e   Code   RO         3373    i.__scatterload_zeroinit  mc_w.l(handlers.o)
    0x08005cfe   0x00000002   PAD
    0x08005d00   0x0000000c   Code   RO         3337    i.__set_errno       mc_w.l(errno.o)
    0x08005d0c   0x00000010   Code   RO         3234    i.cos               m_wm.l(cos.o)
    0x08005d1c   0x00000004   Code   RO         2688    i.cs43l22_DeInit    cs43l22.o
    0x08005d20   0x000000e0   Code   RO         2689    i.cs43l22_Init      cs43l22.o
    0x08005e00   0x0000001a   Code   RO         2690    i.cs43l22_Pause     cs43l22.o
    0x08005e1a   0x00000002   PAD
    0x08005e1c   0x0000003c   Code   RO         2691    i.cs43l22_Play      cs43l22.o
    0x08005e58   0x00000016   Code   RO         2692    i.cs43l22_ReadID    cs43l22.o
    0x08005e6e   0x00000004   Code   RO         2693    i.cs43l22_Reset     cs43l22.o
    0x08005e72   0x00000002   PAD
    0x08005e74   0x0000003c   Code   RO         2694    i.cs43l22_Resume    cs43l22.o
    0x08005eb0   0x00000004   Code   RO         2695    i.cs43l22_SetFrequency  cs43l22.o
    0x08005eb4   0x00000054   Code   RO         2696    i.cs43l22_SetMute   cs43l22.o
    0x08005f08   0x00000050   Code   RO         2697    i.cs43l22_SetOutputMode  cs43l22.o
    0x08005f58   0x0000003c   Code   RO         2698    i.cs43l22_SetVolume  cs43l22.o
    0x08005f94   0x00000030   Code   RO         2699    i.cs43l22_Stop      cs43l22.o
    0x08005fc4   0x00000018   Code   RO         3355    i.fabs              m_wm.l(fabs.o)
    0x08005fdc   0x00000168   Code   RO         2282    i.main              main.o
    0x08006144   0x0000006e   Code   RO         3246    i.sqrt              m_wm.l(sqrt.o)
    0x080061b2   0x00000010   Data   RO          812    .constdata          stm32f4xx_hal_rcc.o
    0x080061c2   0x00000008   Data   RO          936    .constdata          stm32f4xx_hal_dma.o
    0x080061ca   0x00000002   PAD
    0x080061cc   0x00000060   Data   RO         2817    .constdata          stm32f4_discovery_audio.o
    0x0800622c   0x0000000c   Data   RO         3079    .constdata          stm32f4_discovery.o
    0x08006238   0x00000030   Data   RO         3288    .constdata          m_wm.l(cos_i.o)
    0x08006268   0x000000c8   Data   RO         3306    .constdata          m_wm.l(rred.o)
    0x08006330   0x00000028   Data   RO         3310    .constdata          m_wm.l(sin_i.o)
    0x08006358   0x00000020   Data   RO         3369    Region$$Table       anon$$obj.o


    Execution Region RW_IRAM1 (Base: 0x20000000, Size: 0x00004bb0, Max: 0x00020000, ABSOLUTE, COMPRESSED[0x00000290])

    Base Addr    Size         Type   Attr      Idx    E Section Name        Object

    0x20000000   0x00000004   Data   RW         1446    .data               stm32f4xx_hal.o
    0x20000004   0x00000022   Data   RW         2285    .data               main.o
    0x20000026   0x00000002   PAD
    0x20000028   0x00000034   Data   RW         2537    .data               lis302dl.o
    0x2000005c   0x00000034   Data   RW         2622    .data               lis3dsh.o
    0x20000090   0x00000030   Data   RW         2700    .data               cs43l22.o
    0x200000c0   0x00000002   Data   RW         2701    .data               cs43l22.o
    0x200000c2   0x00000002   PAD
    0x200000c4   0x00000008   Data   RW         2818    .data               stm32f4_discovery_audio.o
    0x200000cc   0x00000004   Data   RW         3008    .data               stm32f4_discovery_accelerometer.o
    0x200000d0   0x0000001c   Data   RW         3080    .data               stm32f4_discovery.o
    0x200000ec   0x00000014   Data   RW         3198    .data               system_stm32f4xx.o
    0x20000100   0x00000304   Data   RW         3230    .data               libPDMFilter_CM4_Keil.lib(pdm_filter.o)
    0x20000404   0x00000004   Data   RW         3338    .data               mc_w.l(errno.o)
    0x20000408   0x00004180   Zero   RW         2283    .bss                main.o
    0x20004588   0x0000017c   Zero   RW         2816    .bss                stm32f4_discovery_audio.o
    0x20004704   0x000000ac   Zero   RW         3078    .bss                stm32f4_discovery.o
    0x200047b0   0x00000400   Zero   RW            1    STACK               startup_stm32f407xx.o


==============================================================================

Image component sizes


      Code (inc. data)   RO Data    RW Data    ZI Data      Debug   Object Name

       686         28          0         50          0      10581   cs43l22.o
       486          0          0         52          0      11326   lis302dl.o
       618         22          0         52          0      12124   lis3dsh.o
       690         62          0         34      16768      22890   main.o
        36          8        392          0       1024        852   startup_stm32f407xx.o
      1250        166         12         28        172      13893   stm32f4_discovery.o
       120         24          0          4          0       2230   stm32f4_discovery_accelerometer.o
      1264        130         96          8        380      13663   stm32f4_discovery_audio.o
       148         26          0          4          0       5368   stm32f4xx_hal.o
       194         14          0          0          0      30607   stm32f4xx_hal_cortex.o
      1002         22          8          0          0       6672   stm32f4xx_hal_dma.o
       490         56          0          0          0       3844   stm32f4xx_hal_gpio.o
      1998         34          0          0          0      15404   stm32f4xx_hal_i2c.o
       418         24          0          0          0       5405   stm32f4xx_hal_i2s.o
       672         46          0          0          0     309387   stm32f4xx_hal_i2s_ex.o
       112          8          0          0          0       1011   stm32f4xx_hal_msp.o
      1328         70         16          0          0       5531   stm32f4xx_hal_rcc.o
       416         26          0          0          0       2059   stm32f4xx_hal_rcc_ex.o
      1000          0          0          0          0       7039   stm32f4xx_hal_spi.o
       782          8          0          0          0       2096   stm32f4xx_hal_uart.o
        56          8          0          0          0       6136   stm32f4xx_it.o
        84         18          0         20          0       1197   system_stm32f4xx.o

    ----------------------------------------------------------------------
     13886        800        558        256      18344     489315   Object Totals
         0          0         32          0          0          0   (incl. Generated)
        36          0          2          4          0          0   (incl. Padding)

    ----------------------------------------------------------------------

      Code (inc. data)   RO Data    RW Data    ZI Data      Debug   Library Member Name

      6208        112          0        772          0        380   pdm_filter.o
       216         20          0          0          0        288   cos.o
       368         46         48          0          0        200   cos_i.o
        84         16          0          0          0        372   dunder.o
        24          0          0          0          0        124   fabs.o
        48          0          0          0          0        124   fpclassify.o
       248          0          0          0          0        152   poly.o
      1080        142        200          0          0        188   rred.o
       304         24         40          0          0        208   sin_i.o
       110          0          0          0          0        148   sqrt.o
        86          0          0          0          0          0   __dczerorl2.o
         0          0          0          0          0          0   entry.o
         0          0          0          0          0          0   entry10a.o
         0          0          0          0          0          0   entry11a.o
         8          4          0          0          0          0   entry2.o
         4          0          0          0          0          0   entry5.o
         0          0          0          0          0          0   entry7b.o
         0          0          0          0          0          0   entry8b.o
         8          4          0          0          0          0   entry9a.o
        12          6          0          4          0         68   errno.o
        30          0          0          0          0          0   handlers.o
        36          8          0          0          0         68   init.o
         0          0          0          0          0          0   iusefp.o
        30          0          0          0          0         68   llshl.o
        36          0          0          0          0         68   llsshr.o
        32          0          0          0          0         68   llushr.o
        36          0          0          0          0         68   memcpya.o
        20          0          0          0          0         68   cfrcmple.o
        56          0          0          0          0         88   d2f.o
       334          0          0          0          0        148   dadd.o
       222          0          0          0          0        100   ddiv.o
       186          0          0          0          0        176   depilogue.o
        62          0          0          0          0         80   dfixi.o
        50          0          0          0          0         76   dfixui.o
        34          0          0          0          0         76   dflti.o
        26          0          0          0          0         76   dfltui.o
       228          0          0          0          0         96   dmul.o
        46          0          0          0          0         80   dscalb.o
       162          0          0          0          0        100   dsqrt.o
        38          0          0          0          0         68   f2d.o
       110          0          0          0          0        168   fepilogue.o
        10          0          0          0          0         68   ffltui.o
       100          0          0          0          0         76   fmul.o
        24          0          0          0          0         68   fscalb.o

    ----------------------------------------------------------------------
     10732        382        288        776          0       4204   Library Totals
        16          0          0          0          0          0   (incl. Padding)

    ----------------------------------------------------------------------

      Code (inc. data)   RO Data    RW Data    ZI Data      Debug   Library Name

      6208        112          0        772          0        380   libPDMFilter_CM4_Keil.lib
      2482        248        288          0          0       1804   m_wm.l
       318         22          0          4          0        408   mc_w.l
      1708          0          0          0          0       1612   mf_w.l

    ----------------------------------------------------------------------
     10732        382        288        776          0       4204   Library Totals

    ----------------------------------------------------------------------

==============================================================================


      Code (inc. data)   RO Data    RW Data    ZI Data      Debug   

     24618       1182        846       1032      18344     476611   Grand Totals
     24618       1182        846        656      18344     476611   ELF Image Totals (compressed)
     24618       1182        846        656          0          0   ROM Totals

==============================================================================

    Total RO  Size (Code + RO Data)                25464 (  24.87kB)
    Total RW  Size (RW Data + ZI Data)             19376 (  18.92kB)
    Total ROM Size (Code + RO Data + RW Data)      26120 (  25.51kB)

==============================================================================

